Component: ARM Compiler 5.06 update 2 (build 183) Tool: armlink [4d35b7]

==============================================================================

Section Cross References

    startup_stm32f10x_hd.o(RESET) refers to startup_stm32f10x_hd.o(STACK) for __initial_sp
    startup_stm32f10x_hd.o(RESET) refers to startup_stm32f10x_hd.o(.text) for Reset_Handler
    startup_stm32f10x_hd.o(RESET) refers to stm32f10x_it.o(i.NMI_Handler) for NMI_Handler
    startup_stm32f10x_hd.o(RESET) refers to stm32f10x_it.o(i.HardFault_Handler) for HardFault_Handler
    startup_stm32f10x_hd.o(RESET) refers to stm32f10x_it.o(i.MemManage_Handler) for MemManage_Handler
    startup_stm32f10x_hd.o(RESET) refers to stm32f10x_it.o(i.BusFault_Handler) for BusFault_Handler
    startup_stm32f10x_hd.o(RESET) refers to stm32f10x_it.o(i.UsageFault_Handler) for UsageFault_Handler
    startup_stm32f10x_hd.o(RESET) refers to stm32f10x_it.o(i.SVC_Handler) for SVC_Handler
    startup_stm32f10x_hd.o(RESET) refers to stm32f10x_it.o(i.DebugMon_Handler) for DebugMon_Handler
    startup_stm32f10x_hd.o(RESET) refers to os_cpu_a.o(CODE) for OS_CPU_PendSVHandler
    startup_stm32f10x_hd.o(RESET) refers to os_cpu_c.o(i.OS_CPU_SysTickHandler) for OS_CPU_SysTickHandler
    startup_stm32f10x_hd.o(RESET) refers to stm32f10x_it.o(i.EXTI3_IRQHandler) for EXTI3_IRQHandler
    startup_stm32f10x_hd.o(RESET) refers to stm32f10x_it.o(i.TIM2_IRQHandler) for TIM2_IRQHandler
    startup_stm32f10x_hd.o(.text) refers to system_stm32f10x.o(i.SystemInit) for SystemInit
    startup_stm32f10x_hd.o(.text) refers to entry.o(.ARM.Collect$$$$00000000) for __main
    system_stm32f10x.o(i.SetSysClock) refers to system_stm32f10x.o(i.SetSysClockTo72) for SetSysClockTo72
    system_stm32f10x.o(i.SystemCoreClockUpdate) refers to system_stm32f10x.o(.data) for SystemCoreClock
    system_stm32f10x.o(i.SystemInit) refers to system_stm32f10x.o(i.SetSysClock) for SetSysClock
    stm32f10x_adc.o(i.ADC_DeInit) refers to stm32f10x_rcc.o(i.RCC_APB2PeriphResetCmd) for RCC_APB2PeriphResetCmd
    stm32f10x_bkp.o(i.BKP_DeInit) refers to stm32f10x_rcc.o(i.RCC_BackupResetCmd) for RCC_BackupResetCmd
    stm32f10x_can.o(i.CAN_DeInit) refers to stm32f10x_rcc.o(i.RCC_APB1PeriphResetCmd) for RCC_APB1PeriphResetCmd
    stm32f10x_can.o(i.CAN_GetITStatus) refers to stm32f10x_can.o(i.CheckITStatus) for CheckITStatus
    stm32f10x_cec.o(i.CEC_DeInit) refers to stm32f10x_rcc.o(i.RCC_APB1PeriphResetCmd) for RCC_APB1PeriphResetCmd
    stm32f10x_dac.o(i.DAC_DeInit) refers to stm32f10x_rcc.o(i.RCC_APB1PeriphResetCmd) for RCC_APB1PeriphResetCmd
    stm32f10x_flash.o(i.FLASH_EnableWriteProtection) refers to stm32f10x_flash.o(i.FLASH_WaitForLastOperation) for FLASH_WaitForLastOperation
    stm32f10x_flash.o(i.FLASH_EraseAllBank1Pages) refers to stm32f10x_flash.o(i.FLASH_WaitForLastBank1Operation) for FLASH_WaitForLastBank1Operation
    stm32f10x_flash.o(i.FLASH_EraseAllPages) refers to stm32f10x_flash.o(i.FLASH_WaitForLastOperation) for FLASH_WaitForLastOperation
    stm32f10x_flash.o(i.FLASH_EraseOptionBytes) refers to stm32f10x_flash.o(i.FLASH_GetReadOutProtectionStatus) for FLASH_GetReadOutProtectionStatus
    stm32f10x_flash.o(i.FLASH_EraseOptionBytes) refers to stm32f10x_flash.o(i.FLASH_WaitForLastOperation) for FLASH_WaitForLastOperation
    stm32f10x_flash.o(i.FLASH_ErasePage) refers to stm32f10x_flash.o(i.FLASH_WaitForLastOperation) for FLASH_WaitForLastOperation
    stm32f10x_flash.o(i.FLASH_ProgramHalfWord) refers to stm32f10x_flash.o(i.FLASH_WaitForLastOperation) for FLASH_WaitForLastOperation
    stm32f10x_flash.o(i.FLASH_ProgramOptionByteData) refers to stm32f10x_flash.o(i.FLASH_WaitForLastOperation) for FLASH_WaitForLastOperation
    stm32f10x_flash.o(i.FLASH_ProgramWord) refers to stm32f10x_flash.o(i.FLASH_WaitForLastOperation) for FLASH_WaitForLastOperation
    stm32f10x_flash.o(i.FLASH_ReadOutProtection) refers to stm32f10x_flash.o(i.FLASH_WaitForLastOperation) for FLASH_WaitForLastOperation
    stm32f10x_flash.o(i.FLASH_UserOptionByteConfig) refers to stm32f10x_flash.o(i.FLASH_WaitForLastOperation) for FLASH_WaitForLastOperation
    stm32f10x_flash.o(i.FLASH_WaitForLastBank1Operation) refers to stm32f10x_flash.o(i.FLASH_GetBank1Status) for FLASH_GetBank1Status
    stm32f10x_flash.o(i.FLASH_WaitForLastOperation) refers to stm32f10x_flash.o(i.FLASH_GetBank1Status) for FLASH_GetBank1Status
    stm32f10x_gpio.o(i.GPIO_AFIODeInit) refers to stm32f10x_rcc.o(i.RCC_APB2PeriphResetCmd) for RCC_APB2PeriphResetCmd
    stm32f10x_gpio.o(i.GPIO_DeInit) refers to stm32f10x_rcc.o(i.RCC_APB2PeriphResetCmd) for RCC_APB2PeriphResetCmd
    stm32f10x_i2c.o(i.I2C_DeInit) refers to stm32f10x_rcc.o(i.RCC_APB1PeriphResetCmd) for RCC_APB1PeriphResetCmd
    stm32f10x_i2c.o(i.I2C_Init) refers to stm32f10x_rcc.o(i.RCC_GetClocksFreq) for RCC_GetClocksFreq
    stm32f10x_pwr.o(i.PWR_DeInit) refers to stm32f10x_rcc.o(i.RCC_APB1PeriphResetCmd) for RCC_APB1PeriphResetCmd
[...]
    DMA1_Channel5_IRQHandler                 0x0800015f   Thumb Code     0  startup_stm32f10x_hd.o(.text)
    DMA1_Channel6_IRQHandler                 0x0800015f   Thumb Code     0  startup_stm32f10x_hd.o(.text)
    DMA1_Channel7_IRQHandler                 0x0800015f   Thumb Code     0  startup_stm32f10x_hd.o(.text)
    DMA2_Channel1_IRQHandler                 0x0800015f   Thumb Code     0  startup_stm32f10x_hd.o(.text)
    DMA2_Channel2_IRQHandler                 0x0800015f   Thumb Code     0  startup_stm32f10x_hd.o(.text)
    DMA2_Channel3_IRQHandler                 0x0800015f   Thumb Code     0  startup_stm32f10x_hd.o(.text)
    DMA2_Channel4_5_IRQHandler               0x0800015f   Thumb Code     0  startup_stm32f10x_hd.o(.text)
    EXTI0_IRQHandler                         0x0800015f   Thumb Code     0  startup_stm32f10x_hd.o(.text)
    EXTI15_10_IRQHandler                     0x0800015f   Thumb Code     0  startup_stm32f10x_hd.o(.text)
    EXTI1_IRQHandler                         0x0800015f   Thumb Code     0  startup_stm32f10x_hd.o(.text)
    EXTI2_IRQHandler                         0x0800015f   Thumb Code     0  startup_stm32f10x_hd.o(.text)
    EXTI4_IRQHandler                         0x0800015f   Thumb Code     0  startup_stm32f10x_hd.o(.text)
    EXTI9_5_IRQHandler                       0x0800015f   Thumb Code     0  startup_stm32f10x_hd.o(.text)
    FLASH_IRQHandler                         0x0800015f   Thumb Code     0  startup_stm32f10x_hd.o(.text)
    FSMC_IRQHandler                          0x0800015f   Thumb Code     0  startup_stm32f10x_hd.o(.text)
    I2C1_ER_IRQHandler                       0x0800015f   Thumb Code     0  startup_stm32f10x_hd.o(.text)
    I2C1_EV_IRQHandler                       0x0800015f   Thumb Code     0  startup_stm32f10x_hd.o(.text)
    I2C2_ER_IRQHandler                       0x0800015f   Thumb Code     0  startup_stm32f10x_hd.o(.text)
    I2C2_EV_IRQHandler                       0x0800015f   Thumb Code     0  startup_stm32f10x_hd.o(.text)
    PVD_IRQHandler                           0x0800015f   Thumb Code     0  startup_stm32f10x_hd.o(.text)
    RCC_IRQHandler                           0x0800015f   Thumb Code     0  startup_stm32f10x_hd.o(.text)
    RTCAlarm_IRQHandler                      0x0800015f   Thumb Code     0  startup_stm32f10x_hd.o(.text)
    RTC_IRQHandler                           0x0800015f   Thumb Code     0  startup_stm32f10x_hd.o(.text)
    SDIO_IRQHandler                          0x0800015f   Thumb Code     0  startup_stm32f10x_hd.o(.text)
    SPI1_IRQHandler                          0x0800015f   Thumb Code     0  startup_stm32f10x_hd.o(.text)
    SPI2_IRQHandler                          0x0800015f   Thumb Code     0  startup_stm32f10x_hd.o(.text)
    SPI3_IRQHandler                          0x0800015f   Thumb Code     0  startup_stm32f10x_hd.o(.text)
    TAMPER_IRQHandler                        0x0800015f   Thumb Code     0  startup_stm32f10x_hd.o(.text)
    TIM1_BRK_IRQHandler                      0x0800015f   Thumb Code     0  startup_stm32f10x_hd.o(.text)
    TIM1_CC_IRQHandler                       0x0800015f   Thumb Code     0  startup_stm32f10x_hd.o(.text)
    TIM1_TRG_COM_IRQHandler                  0x0800015f   Thumb Code     0  startup_stm32f10x_hd.o(.text)
    TIM1_UP_IRQHandler                       0x0800015f   Thumb Code     0  startup_stm32f10x_hd.o(.text)
    TIM3_IRQHandler                          0x0800015f   Thumb Code     0  startup_stm32f10x_hd.o(.text)
    TIM4_IRQHandler                          0x0800015f   Thumb Code     0  startup_stm32f10x_hd.o(.text)
    TIM5_IRQHandler                          0x0800015f   Thumb Code     0  startup_stm32f10x_hd.o(.text)
    TIM6_IRQHandler                          0x0800015f   Thumb Code     0  startup_stm32f10x_hd.o(.text)
    TIM7_IRQHandler                          0x0800015f   Thumb Code     0  startup_stm32f10x_hd.o(.text)
    TIM8_BRK_IRQHandler                      0x0800015f   Thumb Code     0  startup_stm32f10x_hd.o(.text)
    TIM8_CC_IRQHandler                       0x0800015f   Thumb Code     0  startup_stm32f10x_hd.o(.text)
    TIM8_TRG_COM_IRQHandler                  0x0800015f   Thumb Code     0  startup_stm32f10x_hd.o(.text)
    TIM8_UP_IRQHandler                       0x0800015f   Thumb Code     0  startup_stm32f10x_hd.o(.text)
    UART4_IRQHandler                         0x0800015f   Thumb Code     0  startup_stm32f10x_hd.o(.text)
    UART5_IRQHandler                         0x0800015f   Thumb Code     0  startup_stm32f10x_hd.o(.text)
    USART1_IRQHandler                        0x0800015f   Thumb Code     0  startup_stm32f10x_hd.o(.text)
    USART2_IRQHandler                        0x0800015f   Thumb Code     0  startup_stm32f10x_hd.o(.text)
    USART3_IRQHandler                        0x0800015f   Thumb Code     0  startup_stm32f10x_hd.o(.text)
    USBWakeUp_IRQHandler                     0x0800015f   Thumb Code     0  startup_stm32f10x_hd.o(.text)
    USB_HP_CAN1_TX_IRQHandler                0x0800015f   Thumb Code     0  startup_stm32f10x_hd.o(.text)
    USB_LP_CAN1_RX0_IRQHandler               0x0800015f   Thumb Code     0  startup_stm32f10x_hd.o(.text)
    WWDG_IRQHandler                          0x0800015f   Thumb Code     0  startup_stm32f10x_hd.o(.text)
    CPU_IntDis                               0x08000169   Thumb Code     0  cpu_a.o(.text)
    CPU_IntEn                                0x0800016d   Thumb Code     0  cpu_a.o(.text)
    CPU_SR_Save                              0x08000171   Thumb Code     0  cpu_a.o(.text)
    CPU_SR_Restore                           0x08000179   Thumb Code     0  cpu_a.o(.text)
    CPU_WaitForInt                           0x0800017f   Thumb Code     0  cpu_a.o(.text)
    CPU_WaitForExcept                        0x08000183   Thumb Code     0  cpu_a.o(.text)
    CPU_CntLeadZeros                         0x08000187   Thumb Code     0  cpu_a.o(.text)
    CPU_CntTrailZeros                        0x0800018d   Thumb Code     0  cpu_a.o(.text)
    CPU_RevBits                              0x08000197   Thumb Code     0  cpu_a.o(.text)
    __aeabi_memset                           0x0800019d   Thumb Code    14  memseta.o(.text)
    __aeabi_memset4                          0x0800019d   Thumb Code     0  memseta.o(.text)
    __aeabi_memset8                          0x0800019d   Thumb Code     0  memseta.o(.text)
    __aeabi_memclr                           0x080001ab   Thumb Code     4  memseta.o(.text)
    __aeabi_memclr4                          0x080001ab   Thumb Code     0  memseta.o(.text)
    __aeabi_memclr8                          0x080001ab   Thumb Code     0  memseta.o(.text)
    _memset$wrapper                          0x080001af   Thumb Code    18  memseta.o(.text)
    __aeabi_uidiv                            0x080001c1   Thumb Code     0  uidiv.o(.text)
    __aeabi_uidivmod                         0x080001c1   Thumb Code    44  uidiv.o(.text)
    __aeabi_uldivmod                         0x080001ed   Thumb Code    98  uldiv.o(.text)
    __I$use$fp                               0x0800024f   Thumb Code     0  iusefp.o(.text)
    __aeabi_dadd                             0x0800024f   Thumb Code   322  dadd.o(.text)
    __aeabi_dsub                             0x08000391   Thumb Code     6  dadd.o(.text)
    __aeabi_drsub                            0x08000397   Thumb Code     6  dadd.o(.text)
    __aeabi_dmul                             0x0800039d   Thumb Code   228  dmul.o(.text)
    __aeabi_ddiv                             0x08000481   Thumb Code   222  ddiv.o(.text)
    __aeabi_d2ulz                            0x0800055f   Thumb Code    48  dfixul.o(.text)
    __aeabi_cdrcmple                         0x08000591   Thumb Code    48  cdrcmple.o(.text)
    __scatterload                            0x080005c1   Thumb Code    28  init.o(.text)
    __scatterload_rt2                        0x080005c1   Thumb Code     0  init.o(.text)
    __aeabi_llsl                             0x080005e5   Thumb Code    30  llshl.o(.text)
    _ll_shift_l                              0x080005e5   Thumb Code     0  llshl.o(.text)
    __aeabi_llsr                             0x08000603   Thumb Code    32  llushr.o(.text)
    _ll_ushift_r                             0x08000603   Thumb Code     0  llushr.o(.text)
    __aeabi_lasr                             0x08000623   Thumb Code    36  llsshr.o(.text)
    _ll_sshift_r                             0x08000623   Thumb Code     0  llsshr.o(.text)
    _double_round                            0x08000647   Thumb Code    30  depilogue.o(.text)
    _double_epilogue                         0x08000665   Thumb Code   156  depilogue.o(.text)
    __decompress                             0x08000701   Thumb Code     0  __dczerorl2.o(.text)
    __decompress1                            0x08000701   Thumb Code    86  __dczerorl2.o(.text)
    OSStartHighRdy                           0x08000759   Thumb Code     0  os_cpu_a.o(CODE)
    OS_CPU_PendSVHandler                     0x0800077b   Thumb Code     0  os_cpu_a.o(CODE)
    BSP_CPU_ClkFreq                          0x08000b49   Thumb Code    16  bsp.o(i.BSP_CPU_ClkFreq)
    BSP_Init                                 0x08000b59   Thumb Code    28  bsp.o(i.BSP_Init)
    BusFault_Handler                         0x08000b75   Thumb Code     4  stm32f10x_it.o(i.BusFault_Handler)
    CPU_Init                                 0x08000b79   Thumb Code    16  cpu_core.o(i.CPU_Init)
    CPU_IntDisMeasMaxCurGet                  0x08000c29   Thumb Code    40  cpu_core.o(i.CPU_IntDisMeasMaxCurGet)
    CPU_IntDisMeasMaxCurReset                0x08000c55   Thumb Code    40  cpu_core.o(i.CPU_IntDisMeasMaxCurReset)
    CPU_IntDisMeasMaxGet                     0x08000c81   Thumb Code    40  cpu_core.o(i.CPU_IntDisMeasMaxGet)
    CPU_IntDisMeasStart                      0x08000cad   Thumb Code    38  cpu_core.o(i.CPU_IntDisMeasStart)
    CPU_IntDisMeasStop                       0x08000ce1   Thumb Code    62  cpu_core.o(i.CPU_IntDisMeasStop)
    CPU_NameClr                              0x08000d35   Thumb Code    50  cpu_core.o(i.CPU_NameClr)
    CPU_TS_TmrFreqSet                        0x08000d89   Thumb Code     6  cpu_core.o(i.CPU_TS_TmrFreqSet)
    CPU_TS_TmrInit                           0x08000d95   Thumb Code    44  bsp.o(i.CPU_TS_TmrInit)
    CPU_TS_TmrRd                             0x08000dc9   Thumb Code     6  bsp.o(i.CPU_TS_TmrRd)
    Camera_Init                              0x08000dd5   Thumb Code   178  bsp_ov7725.o(i.Camera_Init)
    DebugMon_Handler                         0x08000f05   Thumb Code     2  stm32f10x_it.o(i.DebugMon_Handler)
    EXTI3_IRQHandler                         0x08000f09   Thumb Code    86  stm32f10x_it.o(i.EXTI3_IRQHandler)
    EXTI_ClearITPendingBit                   0x08000f6d   Thumb Code     6  stm32f10x_exti.o(i.EXTI_ClearITPendingBit)
    EXTI_GenerateSWInterrupt                 0x08000f79   Thumb Code    12  stm32f10x_exti.o(i.EXTI_GenerateSWInterrupt)
    EXTI_GetITStatus                         0x08000f89   Thumb Code    34  stm32f10x_exti.o(i.EXTI_GetITStatus)
    EXTI_Init                                0x08000fb1   Thumb Code   142  stm32f10x_exti.o(i.EXTI_Init)
    FSMC_NORSRAMCmd                          0x080010dd   Thumb Code    46  stm32f10x_fsmc.o(i.FSMC_NORSRAMCmd)
    FSMC_NORSRAMInit                         0x08001111   Thumb Code   230  stm32f10x_fsmc.o(i.FSMC_NORSRAMInit)
    GPIO_EXTILineConfig                      0x080011f9   Thumb Code    60  stm32f10x_gpio.o(i.GPIO_EXTILineConfig)
    GPIO_Init                                0x08001239   Thumb Code   278  stm32f10x_gpio.o(i.GPIO_Init)
    GPIO_ReadInputDataBit                    0x0800134f   Thumb Code    18  stm32f10x_gpio.o(i.GPIO_ReadInputDataBit)
    GPIO_ReadOutputDataBit                   0x08001361   Thumb Code    18  stm32f10x_gpio.o(i.GPIO_ReadOutputDataBit)
    GPIO_ResetBits                           0x08001373   Thumb Code     4  stm32f10x_gpio.o(i.GPIO_ResetBits)
    GPIO_SetBits                             0x08001377   Thumb Code     4  stm32f10x_gpio.o(i.GPIO_SetBits)
    HardFault_Handler                        0x0800137b   Thumb Code     4  stm32f10x_it.o(i.HardFault_Handler)
    IINCHIP_READ                             0x0800137f   Thumb Code    50  w5500_conf.o(i.IINCHIP_READ)
    IINCHIP_SpiSendData                      0x080013b1   Thumb Code    12  w5500_conf.o(i.IINCHIP_SpiSendData)
    IINCHIP_WRITE                            0x080013bd   Thumb Code    50  w5500_conf.o(i.IINCHIP_WRITE)
    ILI9341_BackLed_Control                  0x080013f1   Thumb Code    30  bsp_ili9341_lcd.o(i.ILI9341_BackLed_Control)
    ILI9341_Clear                            0x08001415   Thumb Code    40  bsp_ili9341_lcd.o(i.ILI9341_Clear)
    ILI9341_DispChar_EN                      0x08001455   Thumb Code   138  bsp_ili9341_lcd.o(i.ILI9341_DispChar_EN)
    ILI9341_DispStringLine_EN                0x080014ed   Thumb Code    92  bsp_ili9341_lcd.o(i.ILI9341_DispStringLine_EN)
    ILI9341_GramScan                         0x0800176d   Thumb Code   172  bsp_ili9341_lcd.o(i.ILI9341_GramScan)
    ILI9341_Init                             0x08001825   Thumb Code    86  bsp_ili9341_lcd.o(i.ILI9341_Init)
    ILI9341_OpenWindow                       0x080018c1   Thumb Code    88  bsp_ili9341_lcd.o(i.ILI9341_OpenWindow)
    ILI9341_Rst                              0x08001b49   Thumb Code    36  bsp_ili9341_lcd.o(i.ILI9341_Rst)
    ILI9341_Write_Cmd                        0x08001b71   Thumb Code     8  bsp_ili9341_lcd.o(i.ILI9341_Write_Cmd)
    ILI9341_Write_Data                       0x08001b79   Thumb Code     6  bsp_ili9341_lcd.o(i.ILI9341_Write_Data)
    InitQueue                                0x08001b85   Thumb Code    30  image.o(i.InitQueue)
    Key_Initial                              0x08001bf1   Thumb Code    12  bsp_key.o(i.Key_Initial)
    LCD_GetFont                              0x08001bfd   Thumb Code     6  bsp_ili9341_lcd.o(i.LCD_GetFont)
    LCD_SetColors                            0x08001c09   Thumb Code    10  bsp_ili9341_lcd.o(i.LCD_SetColors)
    LCD_SetFont                              0x08001c1d   Thumb Code     6  bsp_ili9341_lcd.o(i.LCD_SetFont)
    LED_Init                                 0x08001c81   Thumb Code    32  bsp_led.o(i.LED_Init)
    MemManage_Handler                        0x08001ca5   Thumb Code     4  stm32f10x_it.o(i.MemManage_Handler)
    Mem_Clr                                  0x08001ca9   Thumb Code    18  lib_mem.o(i.Mem_Clr)
    Mem_Init                                 0x08001cbd   Thumb Code    54  lib_mem.o(i.Mem_Init)
    Mem_Set                                  0x08001d05   Thumb Code    98  lib_mem.o(i.Mem_Set)
    NMI_Handler                              0x08001d67   Thumb Code     2  stm32f10x_it.o(i.NMI_Handler)
    NVIC_Init                                0x08001d69   Thumb Code   100  misc.o(i.NVIC_Init)
    NVIC_PriorityGroupConfig                 0x08001dd9   Thumb Code    10  misc.o(i.NVIC_PriorityGroupConfig)
    OSCfg_Init                               0x08001ded   Thumb Code     2  os_cfg_app.o(i.OSCfg_Init)
    OSIdleTaskHook                           0x08001df1   Thumb Code    16  os_cpu_c.o(i.OSIdleTaskHook)
    OSInit                                   0x08001e05   Thumb Code   264  os_core.o(i.OSInit)
    OSInitHook                               0x08001f6d   Thumb Code    42  os_cpu_c.o(i.OSInitHook)
    OSIntEnter                               0x08001fa5   Thumb Code    34  os_core.o(i.OSIntEnter)
    OSIntExit                                0x08001fd1   Thumb Code   192  os_core.o(i.OSIntExit)
    OSMemCreate                              0x080020b5   Thumb Code   326  os_mem.o(i.OSMemCreate)
    OSSched                                  0x0800220d   Thumb Code   134  os_core.o(i.OSSched)
    OSSchedLock                              0x080022b5   Thumb Code   112  os_core.o(i.OSSchedLock)
    OSSchedRoundRobinCfg                     0x08002331   Thumb Code    96  os_core.o(i.OSSchedRoundRobinCfg)
    OSSchedUnlock                            0x0800239d   Thumb Code   148  os_core.o(i.OSSchedUnlock)
    OSStart                                  0x0800243d   Thumb Code    78  os_core.o(i.OSStart)
    OSStatReset                              0x080024a5   Thumb Code   222  os_stat.o(i.OSStatReset)
    OSStatTaskCPUUsageInit                   0x080025ad   Thumb Code   228  os_stat.o(i.OSStatTaskCPUUsageInit)
    OSStatTaskHook                           0x080026ad   Thumb Code    16  os_cpu_c.o(i.OSStatTaskHook)
    OSTaskCreate                             0x080026c1   Thumb Code   624  os_task.o(i.OSTaskCreate)
    OSTaskCreateHook                         0x08002955   Thumb Code    20  os_cpu_c.o(i.OSTaskCreateHook)
    OSTaskDel                                0x0800296d   Thumb Code   490  os_task.o(i.OSTaskDel)
    OSTaskDelHook                            0x08002b75   Thumb Code    20  os_cpu_c.o(i.OSTaskDelHook)
    OSTaskResume                             0x08002b8d   Thumb Code   124  os_task.o(i.OSTaskResume)
    OSTaskReturnHook                         0x08002c15   Thumb Code    20  os_cpu_c.o(i.OSTaskReturnHook)
    OSTaskSemPend                            0x08002c2d   Thumb Code   578  os_task.o(i.OSTaskSemPend)
    OSTaskStkChk                             0x08002e7d   Thumb Code   220  os_task.o(i.OSTaskStkChk)
    OSTaskStkInit                            0x08002f61   Thumb Code   188  os_cpu_c.o(i.OSTaskStkInit)
    OSTaskSuspend                            0x08003021   Thumb Code    78  os_task.o(i.OSTaskSuspend)
    OSTaskSwHook                             0x08003081   Thumb Code   146  os_cpu_c.o(i.OSTaskSwHook)
    OSTimeDly                                0x08003125   Thumb Code   322  os_time.o(i.OSTimeDly)
    OSTimeDlyHMSM                            0x08003275   Thumb Code   538  os_time.o(i.OSTimeDlyHMSM)
    OSTimeTick                               0x080034a1   Thumb Code    54  os_time.o(i.OSTimeTick)
    OSTimeTickHook                           0x080034e5   Thumb Code    16  os_cpu_c.o(i.OSTimeTickHook)
    OS_CPU_SysTickHandler                    0x080034f9   Thumb Code    60  os_cpu_c.o(i.OS_CPU_SysTickHandler)
    OS_CPU_SysTickInit                       0x08003539   Thumb Code    44  os_cpu_c.o(i.OS_CPU_SysTickInit)
    OS_Dbg_Init                              0x08003569   Thumb Code   126  os_dbg.o(i.OS_Dbg_Init)
    OS_IdleTask                              0x080036d5   Thumb Code    68  os_core.o(i.OS_IdleTask)
    OS_IdleTaskInit                          0x08003721   Thumb Code    66  os_core.o(i.OS_IdleTaskInit)
    OS_IntQPost                              0x08003791   Thumb Code   224  os_int.o(i.OS_IntQPost)
    OS_IntQRePost                            0x08003895   Thumb Code   282  os_int.o(i.OS_IntQRePost)
    OS_IntQTask                              0x080039ed   Thumb Code   182  os_int.o(i.OS_IntQTask)
    OS_IntQTaskInit                          0x08003ab5   Thumb Code   206  os_int.o(i.OS_IntQTaskInit)
    OS_MemDbgListAdd                         0x08003bdd   Thumb Code    34  os_mem.o(i.OS_MemDbgListAdd)
    OS_MemInit                               0x08003c05   Thumb Code    14  os_mem.o(i.OS_MemInit)
    OS_MsgPoolInit                           0x08003c1d   Thumb Code   110  os_msg.o(i.OS_MsgPoolInit)
    OS_MsgQFreeAll                           0x08003c99   Thumb Code    62  os_msg.o(i.OS_MsgQFreeAll)
    OS_MsgQInit                              0x08003cdd   Thumb Code    14  os_msg.o(i.OS_MsgQInit)
    OS_MsgQPut                               0x08003ced   Thumb Code   254  os_msg.o(i.OS_MsgQPut)
    OS_Pend                                  0x08003df1   Thumb Code    98  os_core.o(i.OS_Pend)
    OS_PendDataInit                          0x08003e59   Thumb Code    38  os_core.o(i.OS_PendDataInit)
    OS_PendDbgNameAdd                        0x08003e81   Thumb Code    66  os_core.o(i.OS_PendDbgNameAdd)
    OS_PendDbgNameRemove                     0x08003edd   Thumb Code    30  os_core.o(i.OS_PendDbgNameRemove)
    OS_PendListInsertPrio                    0x08003f01   Thumb Code   102  os_core.o(i.OS_PendListInsertPrio)
    OS_PendListRemove                        0x08003f67   Thumb Code    48  os_core.o(i.OS_PendListRemove)
    OS_PendListRemove1                       0x08003f97   Thumb Code    66  os_core.o(i.OS_PendListRemove1)
    OS_Post                                  0x08003fd9   Thumb Code   192  os_core.o(i.OS_Post)
    OS_Post1                                 0x08004099   Thumb Code    42  os_core.o(i.OS_Post1)
    OS_PrioGetHighest                        0x080040c5   Thumb Code    36  os_prio.o(i.OS_PrioGetHighest)
    OS_PrioInit                              0x080040ed   Thumb Code    20  os_prio.o(i.OS_PrioInit)
    OS_PrioInsert                            0x08004105   Thumb Code    32  os_prio.o(i.OS_PrioInsert)
    OS_PrioRemove                            0x08004129   Thumb Code    32  os_prio.o(i.OS_PrioRemove)
    OS_RdyListInit                           0x0800414d   Thumb Code    32  os_core.o(i.OS_RdyListInit)
    OS_RdyListInsert                         0x08004171   Thumb Code    40  os_core.o(i.OS_RdyListInsert)
    OS_RdyListInsertHead                     0x0800419d   Thumb Code    58  os_core.o(i.OS_RdyListInsertHead)
    OS_RdyListInsertTail                     0x080041dd   Thumb Code    56  os_core.o(i.OS_RdyListInsertTail)
    OS_RdyListMoveHeadToTail                 0x08004219   Thumb Code    68  os_core.o(i.OS_RdyListMoveHeadToTail)
    OS_RdyListRemove                         0x0800425d   Thumb Code    86  os_core.o(i.OS_RdyListRemove)
    OS_Sched0                                0x080042b9   Thumb Code    72  os_core.o(i.OS_Sched0)
    OS_SchedLockTimeMeasStart                0x08004315   Thumb Code    20  os_core.o(i.OS_SchedLockTimeMeasStart)
    OS_SchedLockTimeMeasStop                 0x08004331   Thumb Code    44  os_core.o(i.OS_SchedLockTimeMeasStop)
    OS_SchedRoundRobin                       0x0800436d   Thumb Code   218  os_core.o(i.OS_SchedRoundRobin)
    OS_SemInit                               0x08004459   Thumb Code    14  os_sem.o(i.OS_SemInit)
    OS_SemPost                               0x08004471   Thumb Code   404  os_sem.o(i.OS_SemPost)
    OS_StatTask                              0x08004609   Thumb Code   878  os_stat.o(i.OS_StatTask)
    OS_StatTaskInit                          0x080049c1   Thumb Code   136  os_stat.o(i.OS_StatTaskInit)
    OS_TaskBlock                             0x08004a8d   Thumb Code    56  os_core.o(i.OS_TaskBlock)
    OS_TaskDbgListAdd                        0x08004ac5   Thumb Code    42  os_task.o(i.OS_TaskDbgListAdd)
    OS_TaskDbgListRemove                     0x08004af5   Thumb Code    64  os_task.o(i.OS_TaskDbgListRemove)
    OS_TaskInit                              0x08004b39   Thumb Code    18  os_task.o(i.OS_TaskInit)
    OS_TaskInitTCB                           0x08004b59   Thumb Code   180  os_task.o(i.OS_TaskInitTCB)
    OS_TaskQPost                             0x08004c19   Thumb Code   606  os_task.o(i.OS_TaskQPost)
    OS_TaskRdy                               0x08004e85   Thumb Code    28  os_core.o(i.OS_TaskRdy)
    OS_TaskResume                            0x08004ea1   Thumb Code   374  os_task.o(i.OS_TaskResume)
    OS_TaskReturn                            0x0800501d   Thumb Code    20  os_task.o(i.OS_TaskReturn)
    OS_TaskSemPost                           0x08005035   Thumb Code  1438  os_task.o(i.OS_TaskSemPost)
    OS_TaskSuspend                           0x080055dd   Thumb Code   392  os_task.o(i.OS_TaskSuspend)
    OS_TickListInit                          0x0800576d   Thumb Code    32  os_tick.o(i.OS_TickListInit)
    OS_TickListInsert                        0x08005795   Thumb Code   430  os_tick.o(i.OS_TickListInsert)
    OS_TickListRemove                        0x08005951   Thumb Code    56  os_tick.o(i.OS_TickListRemove)
    OS_TickListResetPeak                     0x08005989   Thumb Code    28  os_tick.o(i.OS_TickListResetPeak)
    OS_TickListUpdate                        0x080059ad   Thumb Code   520  os_tick.o(i.OS_TickListUpdate)
    OS_TickTask                              0x08005bcd   Thumb Code    38  os_tick.o(i.OS_TickTask)
    OS_TickTaskInit                          0x08005bf9   Thumb Code   128  os_tick.o(i.OS_TickTaskInit)
    OS_TmrInit                               0x08005cb1   Thumb Code   206  os_tmr.o(i.OS_TmrInit)
    OS_TmrLink                               0x08005dd9   Thumb Code   196  os_tmr.o(i.OS_TmrLink)
    OS_TmrResetPeak                          0x08005ea9   Thumb Code    28  os_tmr.o(i.OS_TmrResetPeak)
    OS_TmrTask                               0x08005ecd   Thumb Code   176  os_tmr.o(i.OS_TmrTask)
    OS_TmrUnlink                             0x08005f8d   Thumb Code    72  os_tmr.o(i.OS_TmrUnlink)
    OV7725_Brightness                        0x08005fdd   Thumb Code   104  bsp_ov7725.o(i.OV7725_Brightness)
    OV7725_Color_Saturation                  0x08006045   Thumb Code    46  bsp_ov7725.o(i.OV7725_Color_Saturation)
    OV7725_Contrast                          0x08006073   Thumb Code    40  bsp_ov7725.o(i.OV7725_Contrast)
    OV7725_GPIO_Config                       0x0800609b   Thumb Code    16  bsp_ov7725.o(i.OV7725_GPIO_Config)
    OV7725_Init                              0x080060ad   Thumb Code    96  bsp_ov7725.o(i.OV7725_Init)
    OV7725_Light_Mode                        0x08006115   Thumb Code   282  bsp_ov7725.o(i.OV7725_Light_Mode)
    OV7725_Special_Effect                    0x0800622f   Thumb Code   196  bsp_ov7725.o(i.OV7725_Special_Effect)
    OV7725_Window_Set                        0x080062f3   Thumb Code   232  bsp_ov7725.o(i.OV7725_Window_Set)
    RCC_AHBPeriphClockCmd                    0x080063dd   Thumb Code    26  stm32f10x_rcc.o(i.RCC_AHBPeriphClockCmd)
    RCC_APB2PeriphClockCmd                   0x080063fd   Thumb Code    26  stm32f10x_rcc.o(i.RCC_APB2PeriphClockCmd)
    RCC_GetClocksFreq                        0x0800641d   Thumb Code   192  stm32f10x_rcc.o(i.RCC_GetClocksFreq)
    SCCB_GPIO_Config                         0x08006529   Thumb Code    60  bsp_sccb.o(i.SCCB_GPIO_Config)
    SCCB_ReadByte                            0x080065a1   Thumb Code   122  bsp_sccb.o(i.SCCB_ReadByte)
    SCCB_WriteByte                           0x080067a1   Thumb Code    64  bsp_sccb.o(i.SCCB_WriteByte)
    SPI_Cmd                                  0x080067f1   Thumb Code    24  stm32f10x_spi.o(i.SPI_Cmd)
    SPI_I2S_GetFlagStatus                    0x08006809   Thumb Code    18  stm32f10x_spi.o(i.SPI_I2S_GetFlagStatus)
    SPI_I2S_ReceiveData                      0x0800681b   Thumb Code     6  stm32f10x_spi.o(i.SPI_I2S_ReceiveData)
    SPI_I2S_SendData                         0x08006821   Thumb Code     4  stm32f10x_spi.o(i.SPI_I2S_SendData)
    SPI_Init                                 0x08006825   Thumb Code    60  stm32f10x_spi.o(i.SPI_Init)
    SPI_SendByte                             0x08006861   Thumb Code    50  w5500_conf.o(i.SPI_SendByte)
    SVC_Handler                              0x08006899   Thumb Code     2  stm32f10x_it.o(i.SVC_Handler)
    SendImageToComputer                      0x0800689d   Thumb Code   200  image.o(i.SendImageToComputer)
    SystemInit                               0x08006a5d   Thumb Code    78  system_stm32f10x.o(i.SystemInit)
    TIM2_IRQHandler                          0x08006abd   Thumb Code    26  stm32f10x_it.o(i.TIM2_IRQHandler)
    TIM_ClearITPendingBit                    0x08006ad7   Thumb Code     6  stm32f10x_tim.o(i.TIM_ClearITPendingBit)
    TIM_GetITStatus                          0x08006add   Thumb Code    34  stm32f10x_tim.o(i.TIM_GetITStatus)
    USART_Cmd                                0x08006aff   Thumb Code    24  stm32f10x_usart.o(i.USART_Cmd)
    USART_GetFlagStatus                      0x08006b17   Thumb Code    26  stm32f10x_usart.o(i.USART_GetFlagStatus)
    USART_Init                               0x08006b31   Thumb Code   210  stm32f10x_usart.o(i.USART_Init)
    USART_SendData                           0x08006c09   Thumb Code     8  stm32f10x_usart.o(i.USART_SendData)
    USARTx_Config                            0x08006c11   Thumb Code   120  bsp_usart1.o(i.USARTx_Config)
    UsageFault_Handler                       0x08006c91   Thumb Code     4  stm32f10x_it.o(i.UsageFault_Handler)
    W5500_Init                               0x08006d11   Thumb Code    88  w5500_conf.o(i.W5500_Init)
    __0printf                                0x08006e59   Thumb Code    22  printfa.o(i.__0printf)
    __1printf                                0x08006e59   Thumb Code     0  printfa.o(i.__0printf)
    __2printf                                0x08006e59   Thumb Code     0  printfa.o(i.__0printf)
    __c89printf                              0x08006e59   Thumb Code     0  printfa.o(i.__0printf)
    printf                                   0x08006e59   Thumb Code     0  printfa.o(i.__0printf)
    __scatterload_copy                       0x08006e79   Thumb Code    14  handlers.o(i.__scatterload_copy)
    __scatterload_null                       0x08006e87   Thumb Code     2  handlers.o(i.__scatterload_null)
    __scatterload_zeroinit                   0x08006e89   Thumb Code    14  handlers.o(i.__scatterload_zeroinit)
    close                                    0x0800772b   Thumb Code    52  socket.o(i.close)
    delay_ms                                 0x08007761   Thumb Code    56  utility.o(i.delay_ms)
    delay_us                                 0x0800779d   Thumb Code    56  utility.o(i.delay_us)
    ee_ReadBytes                             0x080077d9   Thumb Code   112  bsp_i2c_ee.o(i.ee_ReadBytes)
    ee_WriteBytes                            0x08007849   Thumb Code   126  bsp_i2c_ee.o(i.ee_WriteBytes)
    fputc                                    0x080078c9   Thumb Code    32  bsp_usart1.o(i.fputc)
    getGAR                                   0x080078ed   Thumb Code    16  w5500.o(i.getGAR)
    getIINCHIP_TxMAX                         0x080078fd   Thumb Code    10  w5500.o(i.getIINCHIP_TxMAX)
    getSIPR                                  0x0800790d   Thumb Code    18  w5500.o(i.getSIPR)
    getSUBR                                  0x0800791f   Thumb Code    18  w5500.o(i.getSUBR)
    getSn_IR                                 0x08007931   Thumb Code    18  w5500.o(i.getSn_IR)
    getSn_RX_RSR                             0x08007943   Thumb Code    84  w5500.o(i.getSn_RX_RSR)
    getSn_SR                                 0x08007997   Thumb Code    18  w5500.o(i.getSn_SR)
    gpio_for_w5500_config                    0x080079a9   Thumb Code   236  w5500_conf.o(i.gpio_for_w5500_config)
    i2c_Ack                                  0x08007aa1   Thumb Code    44  bsp_i2c_gpio.o(i.i2c_Ack)
    i2c_CfgGpio                              0x08007ad1   Thumb Code    42  bsp_i2c_gpio.o(i.i2c_CfgGpio)
    i2c_NAck                                 0x08007b11   Thumb Code    36  bsp_i2c_gpio.o(i.i2c_NAck)
    i2c_ReadByte                             0x08007b39   Thumb Code    62  bsp_i2c_gpio.o(i.i2c_ReadByte)
    i2c_SendByte                             0x08007b7d   Thumb Code    80  bsp_i2c_gpio.o(i.i2c_SendByte)
    i2c_Start                                0x08007bd1   Thumb Code    42  bsp_i2c_gpio.o(i.i2c_Start)
    i2c_Stop                                 0x08007c01   Thumb Code    28  bsp_i2c_gpio.o(i.i2c_Stop)
    i2c_WaitAck                              0x08007c21   Thumb Code    56  bsp_i2c_gpio.o(i.i2c_WaitAck)
    iinchip_csoff                            0x08007c5d   Thumb Code    10  w5500_conf.o(i.iinchip_csoff)
    iinchip_cson                             0x08007c67   Thumb Code    10  w5500_conf.o(i.iinchip_cson)
    main                                     0x08007c71   Thumb Code    68  app.o(i.main)
    read_config_from_eeprom                  0x08007cd1   Thumb Code    20  w5500_conf.o(i.read_config_from_eeprom)
    recvfrom                                 0x08007ce9   Thumb Code   486  socket.o(i.recvfrom)
    reset_w5500                              0x08007ee9   Thumb Code    34  w5500_conf.o(i.reset_w5500)
    send_data_processing                     0x08007f11   Thumb Code   116  w5500.o(i.send_data_processing)
    sendto                                   0x08007fa5   Thumb Code   268  socket.o(i.sendto)
    setGAR                                   0x080080b1   Thumb Code    16  w5500.o(i.setGAR)
    setSHAR                                  0x080080c1   Thumb Code    18  w5500.o(i.setSHAR)
    setSIPR                                  0x080080d3   Thumb Code    18  w5500.o(i.setSIPR)
    setSUBR                                  0x080080e5   Thumb Code    18  w5500.o(i.setSUBR)
    setSn_IR                                 0x080080f7   Thumb Code    22  w5500.o(i.setSn_IR)
    set_w5500_ip                             0x0800810d   Thumb Code   334  w5500_conf.o(i.set_w5500_ip)
    set_w5500_mac                            0x08008381   Thumb Code    32  w5500_conf.o(i.set_w5500_mac)
    socket                                   0x080083ad   Thumb Code   192  socket.o(i.socket)
    socket_buf_init                          0x08008471   Thumb Code   128  w5500.o(i.socket_buf_init)
    systick_init                             0x080084f9   Thumb Code    56  utility.o(i.systick_init)
    timer2_isr                               0x08008539   Thumb Code    46  w5500_conf.o(i.timer2_isr)
    wiz_cs                                   0x08008575   Thumb Code    30  w5500_conf.o(i.wiz_cs)
    wiz_read_buf                             0x08008599   Thumb Code    78  w5500_conf.o(i.wiz_read_buf)
    wiz_write_buf                            0x08008601   Thumb Code    80  w5500_conf.o(i.wiz_write_buf)
    write_config_to_eeprom                   0x08008669   Thumb Code    22  w5500_conf.o(i.write_config_to_eeprom)
    ASCII8x16_Table                          0x08008684   Data        1520  fonts.o(.constdata)
    ASCII16x24_Table                         0x08008c74   Data        4560  fonts.o(.constdata)
    ASCII24x32_Table                         0x08009e44   Data        9120  fonts.o(.constdata)
    OSCfg_IdleTaskStkBasePtr                 0x0800c1e4   Data           4  os_cfg_app.o(.constdata)
    OSCfg_IdleTaskStkLimit                   0x0800c1e8   Data           4  os_cfg_app.o(.constdata)
    OSCfg_IdleTaskStkSize                    0x0800c1ec   Data           4  os_cfg_app.o(.constdata)
    OSCfg_IdleTaskStkSizeRAM                 0x0800c1f0   Data           4  os_cfg_app.o(.constdata)
    OSCfg_IntQBasePtr                        0x0800c1f4   Data           4  os_cfg_app.o(.constdata)
    OSCfg_IntQSize                           0x0800c1f8   Data           2  os_cfg_app.o(.constdata)
    OSCfg_IntQSizeRAM                        0x0800c1fc   Data           4  os_cfg_app.o(.constdata)
    OSCfg_IntQTaskStkBasePtr                 0x0800c200   Data           4  os_cfg_app.o(.constdata)
    OSCfg_IntQTaskStkLimit                   0x0800c204   Data           4  os_cfg_app.o(.constdata)
    OSCfg_IntQTaskStkSize                    0x0800c208   Data           4  os_cfg_app.o(.constdata)
    OSCfg_IntQTaskStkSizeRAM                 0x0800c20c   Data           4  os_cfg_app.o(.constdata)
    OSCfg_ISRStkBasePtr                      0x0800c210   Data           4  os_cfg_app.o(.constdata)
    OSCfg_ISRStkSize                         0x0800c214   Data           4  os_cfg_app.o(.constdata)
    OSCfg_ISRStkSizeRAM                      0x0800c218   Data           4  os_cfg_app.o(.constdata)
    OSCfg_MsgPoolSize                        0x0800c21c   Data           2  os_cfg_app.o(.constdata)
    OSCfg_MsgPoolSizeRAM                     0x0800c220   Data           4  os_cfg_app.o(.constdata)
    OSCfg_MsgPoolBasePtr                     0x0800c224   Data           4  os_cfg_app.o(.constdata)
    OSCfg_StatTaskPrio                       0x0800c228   Data           1  os_cfg_app.o(.constdata)
    OSCfg_StatTaskRate_Hz                    0x0800c22c   Data           4  os_cfg_app.o(.constdata)
    OSCfg_StatTaskStkBasePtr                 0x0800c230   Data           4  os_cfg_app.o(.constdata)
    OSCfg_StatTaskStkLimit                   0x0800c234   Data           4  os_cfg_app.o(.constdata)
    OSCfg_StatTaskStkSize                    0x0800c238   Data           4  os_cfg_app.o(.constdata)
    OSCfg_StatTaskStkSizeRAM                 0x0800c23c   Data           4  os_cfg_app.o(.constdata)
    OSCfg_StkSizeMin                         0x0800c240   Data           4  os_cfg_app.o(.constdata)
    OSCfg_TickRate_Hz                        0x0800c244   Data           4  os_cfg_app.o(.constdata)
    OSCfg_TickTaskPrio                       0x0800c248   Data           1  os_cfg_app.o(.constdata)
    OSCfg_TickTaskStkBasePtr                 0x0800c24c   Data           4  os_cfg_app.o(.constdata)
    OSCfg_TickTaskStkLimit                   0x0800c250   Data           4  os_cfg_app.o(.constdata)
    OSCfg_TickTaskStkSize                    0x0800c254   Data           4  os_cfg_app.o(.constdata)
    OSCfg_TickTaskStkSizeRAM                 0x0800c258   Data           4  os_cfg_app.o(.constdata)
    OSCfg_TickWheelSize                      0x0800c25c   Data           2  os_cfg_app.o(.constdata)
    OSCfg_TickWheelSizeRAM                   0x0800c260   Data           4  os_cfg_app.o(.constdata)
    OSCfg_TmrTaskPrio                        0x0800c264   Data           1  os_cfg_app.o(.constdata)
    OSCfg_TmrTaskRate_Hz                     0x0800c268   Data           4  os_cfg_app.o(.constdata)
    OSCfg_TmrTaskStkBasePtr                  0x0800c26c   Data           4  os_cfg_app.o(.constdata)
    OSCfg_TmrTaskStkLimit                    0x0800c270   Data           4  os_cfg_app.o(.constdata)
    OSCfg_TmrTaskStkSize                     0x0800c274   Data           4  os_cfg_app.o(.constdata)
    OSCfg_TmrTaskStkSizeRAM                  0x0800c278   Data           4  os_cfg_app.o(.constdata)
    OSCfg_TmrWheelSize                       0x0800c27c   Data           2  os_cfg_app.o(.constdata)
    OSCfg_TmrWheelSizeRAM                    0x0800c280   Data           4  os_cfg_app.o(.constdata)
    OSCfg_DataSizeRAM                        0x0800c284   Data           4  os_cfg_app.o(.constdata)
    OSDbg_DbgEn                              0x0800c288   Data           1  os_dbg.o(.constdata)
    OSDbg_ArgChkEn                           0x0800c289   Data           1  os_dbg.o(.constdata)
    OSDbg_AppHooksEn                         0x0800c28a   Data           1  os_dbg.o(.constdata)
    OSDbg_EndiannessTest                     0x0800c28c   Data           4  os_dbg.o(.constdata)
    OSDbg_CalledFromISRChkEn                 0x0800c290   Data           1  os_dbg.o(.constdata)
    OSDbg_FlagEn                             0x0800c291   Data           1  os_dbg.o(.constdata)
    OSDbg_FlagGrp                            0x0800c294   Data          40  os_dbg.o(.constdata)
    OSDbg_FlagDelEn                          0x0800c2bc   Data           1  os_dbg.o(.constdata)
    OSDbg_FlagModeClrEn                      0x0800c2bd   Data           1  os_dbg.o(.constdata)
    OSDbg_FlagPendAbortEn                    0x0800c2be   Data           1  os_dbg.o(.constdata)
    OSDbg_FlagGrpSize                        0x0800c2c0   Data           2  os_dbg.o(.constdata)
    OSDbg_FlagWidth                          0x0800c2c2   Data           2  os_dbg.o(.constdata)
    OSDbg_IntQ                               0x0800c2c4   Data           2  os_dbg.o(.constdata)
    OSDbg_ISRPostDeferredEn                  0x0800c2c6   Data           1  os_dbg.o(.constdata)
    OSDbg_Mem                                0x0800c2c8   Data          32  os_dbg.o(.constdata)
    OSDbg_MemEn                              0x0800c2e8   Data           1  os_dbg.o(.constdata)
    OSDbg_MemSize                            0x0800c2ea   Data           2  os_dbg.o(.constdata)
    OSDbg_MsgEn                              0x0800c2ec   Data           1  os_dbg.o(.constdata)
    OSDbg_MsgSize                            0x0800c2ee   Data           2  os_dbg.o(.constdata)
    OSDbg_MsgPoolSize                        0x0800c2f0   Data           2  os_dbg.o(.constdata)
    OSDbg_MsgQSize                           0x0800c2f2   Data           2  os_dbg.o(.constdata)
    OSDbg_Mutex                              0x0800c2f4   Data          44  os_dbg.o(.constdata)
    OSDbg_MutexEn                            0x0800c320   Data           1  os_dbg.o(.constdata)
    OSDbg_MutexDelEn                         0x0800c321   Data           1  os_dbg.o(.constdata)
    OSDbg_MutexPendAbortEn                   0x0800c322   Data           1  os_dbg.o(.constdata)
    OSDbg_MutexSize                          0x0800c324   Data           2  os_dbg.o(.constdata)
    OSDbg_ObjTypeChkEn                       0x0800c326   Data           1  os_dbg.o(.constdata)
    OSDbg_PendMultiEn                        0x0800c327   Data           1  os_dbg.o(.constdata)
    OSDbg_PendDataSize                       0x0800c328   Data           2  os_dbg.o(.constdata)
    OSDbg_PendListSize                       0x0800c32a   Data           2  os_dbg.o(.constdata)
    OSDbg_PendObjSize                        0x0800c32c   Data           2  os_dbg.o(.constdata)
    OSDbg_PrioMax                            0x0800c32e   Data           2  os_dbg.o(.constdata)
    OSDbg_PrioTblSize                        0x0800c330   Data           2  os_dbg.o(.constdata)
    OSDbg_PtrSize                            0x0800c332   Data           2  os_dbg.o(.constdata)
    OSDbg_Q                                  0x0800c334   Data          48  os_dbg.o(.constdata)
    OSDbg_QEn                                0x0800c364   Data           1  os_dbg.o(.constdata)
    OSDbg_QDelEn                             0x0800c365   Data           1  os_dbg.o(.constdata)
    OSDbg_QFlushEn                           0x0800c366   Data           1  os_dbg.o(.constdata)
    OSDbg_QPendAbortEn                       0x0800c367   Data           1  os_dbg.o(.constdata)
    OSDbg_QSize                              0x0800c368   Data           2  os_dbg.o(.constdata)
    OSDbg_SchedRoundRobinEn                  0x0800c36a   Data           1  os_dbg.o(.constdata)
    OSDbg_Sem                                0x0800c36c   Data          40  os_dbg.o(.constdata)
    OSDbg_SemEn                              0x0800c394   Data           1  os_dbg.o(.constdata)
    OSDbg_SemDelEn                           0x0800c395   Data           1  os_dbg.o(.constdata)
    OSDbg_SemPendAbortEn                     0x0800c396   Data           1  os_dbg.o(.constdata)
    OSDbg_SemSetEn                           0x0800c397   Data           1  os_dbg.o(.constdata)
    OSDbg_SemSize                            0x0800c398   Data           2  os_dbg.o(.constdata)
    OSDbg_RdyList                            0x0800c39a   Data           2  os_dbg.o(.constdata)
    OSDbg_RdyListSize                        0x0800c39c   Data           4  os_dbg.o(.constdata)
    OSDbg_StkWidth                           0x0800c3a0   Data           1  os_dbg.o(.constdata)
    OSDbg_StatTaskEn                         0x0800c3a1   Data           1  os_dbg.o(.constdata)
    OSDbg_StatTaskStkChkEn                   0x0800c3a2   Data           1  os_dbg.o(.constdata)
    OSDbg_TaskChangePrioEn                   0x0800c3a3   Data           1  os_dbg.o(.constdata)
    OSDbg_TaskDelEn                          0x0800c3a4   Data           1  os_dbg.o(.constdata)
    OSDbg_TaskQEn                            0x0800c3a5   Data           1  os_dbg.o(.constdata)
    OSDbg_TaskQPendAbortEn                   0x0800c3a6   Data           1  os_dbg.o(.constdata)
    OSDbg_TaskProfileEn                      0x0800c3a7   Data           1  os_dbg.o(.constdata)
    OSDbg_TaskRegTblSize                     0x0800c3a8   Data           2  os_dbg.o(.constdata)
    OSDbg_TaskSemPendAbortEn                 0x0800c3aa   Data           1  os_dbg.o(.constdata)
    OSDbg_TaskSuspendEn                      0x0800c3ab   Data           1  os_dbg.o(.constdata)
    OSDbg_TCBSize                            0x0800c3ac   Data           2  os_dbg.o(.constdata)
    OSDbg_TickSpokeSize                      0x0800c3ae   Data           2  os_dbg.o(.constdata)
    OSDbg_TimeDlyHMSMEn                      0x0800c3b0   Data           1  os_dbg.o(.constdata)
    OSDbg_TimeDlyResumeEn                    0x0800c3b1   Data           1  os_dbg.o(.constdata)
    OSDbg_TLS_TblSize                        0x0800c3b2   Data           2  os_dbg.o(.constdata)
    OSDbg_Tmr                                0x0800c3b4   Data          52  os_dbg.o(.constdata)
    OSDbg_TmrEn                              0x0800c3e8   Data           1  os_dbg.o(.constdata)
    OSDbg_TmrDelEn                           0x0800c3e9   Data           1  os_dbg.o(.constdata)
    OSDbg_TmrSize                            0x0800c3ea   Data           2  os_dbg.o(.constdata)
    OSDbg_TmrSpokeSize                       0x0800c3ec   Data           2  os_dbg.o(.constdata)
    OSDbg_VersionNbr                         0x0800c3ee   Data           2  os_dbg.o(.constdata)
    OSDbg_DataSize                           0x0800c3f0   Data           4  os_dbg.o(.constdata)
    Region$$Table$$Base                      0x0800c3f4   Number         0  anon$$obj.o(Region$$Table)
    Region$$Table$$Limit                     0x0800c414   Number         0  anon$$obj.o(Region$$Table)
    transfer_falg                            0x20000014   Data           1  app.o(.data)
    Q                                        0x20000018   Data           4  app.o(.data)
    Font8x16                                 0x2000001c   Data           8  fonts.o(.data)
    Font16x24                                0x20000024   Data           8  fonts.o(.data)
    Font24x32                                0x2000002c   Data           8  fonts.o(.data)
    LCD_X_LENGTH                             0x20000034   Data           2  bsp_ili9341_lcd.o(.data)
    LCD_Y_LENGTH                             0x20000036   Data           2  bsp_ili9341_lcd.o(.data)
    LCD_SCAN_MODE                            0x20000038   Data           1  bsp_ili9341_lcd.o(.data)
    cam_mode                                 0x20000044   Data          20  bsp_ov7725.o(.data)
    Sensor_Config                            0x20000058   Data         154  bsp_ov7725.o(.data)
    OV7725_REG_NUM                           0x200000f2   Data           1  bsp_ov7725.o(.data)
    Ov7725_vsync                             0x200000f3   Data           1  bsp_ov7725.o(.data)
    txsize                                   0x200000f8   Data           8  w5500.o(.data)
    rxsize                                   0x20000100   Data           8  w5500.o(.data)
    mac                                      0x20000108   Data           6  w5500_conf.o(.data)
    local_ip                                 0x2000010e   Data           4  w5500_conf.o(.data)
    subnet                                   0x20000112   Data           4  w5500_conf.o(.data)
    gateway                                  0x20000116   Data           4  w5500_conf.o(.data)
    dns_server                               0x2000011a   Data           4  w5500_conf.o(.data)
    local_port                               0x2000011e   Data           2  w5500_conf.o(.data)
    remote_ip                                0x20000120   Data           4  w5500_conf.o(.data)
    remote_port                              0x20000124   Data           2  w5500_conf.o(.data)
    remote_port2                             0x20000126   Data           2  w5500_conf.o(.data)
    ip_from                                  0x20000128   Data           1  w5500_conf.o(.data)
    dhcp_ok                                  0x20000129   Data           1  w5500_conf.o(.data)
    ms                                       0x2000012c   Data           4  w5500_conf.o(.data)
    dhcp_time                                0x20000130   Data           4  w5500_conf.o(.data)
    ntptimer                                 0x20000134   Data           1  w5500_conf.o(.data)
    CPU_TS_TmrFreq_Hz                        0x20000138   Data           4  cpu_core.o(.data)
    CPU_IntDisMeasCtr                        0x2000013c   Data           2  cpu_core.o(.data)
    CPU_IntDisNestCtr                        0x2000013e   Data           2  cpu_core.o(.data)
    CPU_IntDisMeasStart_cnts                 0x20000140   Data           4  cpu_core.o(.data)
    CPU_IntDisMeasStop_cnts                  0x20000144   Data           4  cpu_core.o(.data)
    CPU_IntDisMeasOvrhd_cnts                 0x20000148   Data           4  cpu_core.o(.data)
    CPU_IntDisMeasMaxCur_cnts                0x2000014c   Data           4  cpu_core.o(.data)
    CPU_IntDisMeasMax_cnts                   0x20000150   Data           4  cpu_core.o(.data)
    Mem_PoolTbl                              0x20000154   Data           4  lib_mem.o(.data)
    OSPrioTbl                                0x20000158   Data           4  os_prio.o(.data)
    OS_AppTaskCreateHookPtr                  0x2000015c   Data           4  os_var.o(.data)
    OS_AppTaskDelHookPtr                     0x20000160   Data           4  os_var.o(.data)
    OS_AppTaskReturnHookPtr                  0x20000164   Data           4  os_var.o(.data)
    OS_AppIdleTaskHookPtr                    0x20000168   Data           4  os_var.o(.data)
    OS_AppStatTaskHookPtr                    0x2000016c   Data           4  os_var.o(.data)
    OS_AppTaskSwHookPtr                      0x20000170   Data           4  os_var.o(.data)
    OS_AppTimeTickHookPtr                    0x20000174   Data           4  os_var.o(.data)
    OSIdleTaskCtr                            0x20000178   Data           4  os_var.o(.data)
    OSIntNestingCtr                          0x2000017c   Data           1  os_var.o(.data)
    OSIntDisTimeMax                          0x20000180   Data           4  os_var.o(.data)
    OSRunning                                0x20000184   Data           1  os_var.o(.data)
    OSIntQInPtr                              0x20000188   Data           4  os_var.o(.data)
    OSIntQOutPtr                             0x2000018c   Data           4  os_var.o(.data)
    OSIntQNbrEntries                         0x20000190   Data           2  os_var.o(.data)
    OSIntQNbrEntriesMax                      0x20000192   Data           2  os_var.o(.data)
    OSIntQOvfCtr                             0x20000194   Data           2  os_var.o(.data)
    OSIntQTaskTimeMax                        0x20000198   Data           4  os_var.o(.data)
    OSMemDbgListPtr                          0x2000019c   Data           4  os_var.o(.data)
    OSMemQty                                 0x200001a0   Data           2  os_var.o(.data)
    OSPrioCur                                0x200001a2   Data           1  os_var.o(.data)
    OSPrioHighRdy                            0x200001a3   Data           1  os_var.o(.data)
    OSPrioSaved                              0x200001a4   Data           1  os_var.o(.data)
    OSSchedLockTimeBegin                     0x200001a8   Data           4  os_var.o(.data)
    OSSchedLockTimeMax                       0x200001ac   Data           4  os_var.o(.data)
    OSSchedLockTimeMaxCur                    0x200001b0   Data           4  os_var.o(.data)
    OSSchedLockNestingCtr                    0x200001b4   Data           1  os_var.o(.data)
    OSSchedRoundRobinDfltTimeQuanta          0x200001b8   Data           4  os_var.o(.data)
    OSSchedRoundRobinEn                      0x200001bc   Data           1  os_var.o(.data)
    OSSemDbgListPtr                          0x200001c0   Data           4  os_var.o(.data)
    OSSemQty                                 0x200001c4   Data           2  os_var.o(.data)
    OSStatResetFlag                          0x200001c6   Data           1  os_var.o(.data)
    OSStatTaskCPUUsage                       0x200001c8   Data           2  os_var.o(.data)
    OSStatTaskCPUUsageMax                    0x200001ca   Data           2  os_var.o(.data)
    OSStatTaskCtr                            0x200001cc   Data           4  os_var.o(.data)
    OSStatTaskCtrMax                         0x200001d0   Data           4  os_var.o(.data)
    OSStatTaskCtrRun                         0x200001d4   Data           4  os_var.o(.data)
    OSStatTaskRdy                            0x200001d8   Data           1  os_var.o(.data)
    OSStatTaskTimeMax                        0x200001dc   Data           4  os_var.o(.data)
    OSTaskCtxSwCtr                           0x200001e0   Data           4  os_var.o(.data)
    OSTaskDbgListPtr                         0x200001e4   Data           4  os_var.o(.data)
    OSTaskQty                                0x200001e8   Data           2  os_var.o(.data)
    OSTaskRegNextAvailID                     0x200001ea   Data           1  os_var.o(.data)
    OSTickCtr                                0x200001ec   Data           4  os_var.o(.data)
    OSTickTaskTimeMax                        0x200001f0   Data           4  os_var.o(.data)
    OSTmrDbgListPtr                          0x200001f4   Data           4  os_var.o(.data)
    OSTmrQty                                 0x200001f8   Data           2  os_var.o(.data)
    OSTmrTaskTimeMax                         0x200001fc   Data           4  os_var.o(.data)
    OSTmrTickCtr                             0x20000200   Data           4  os_var.o(.data)
    OSTmrUpdateCnt                           0x20000204   Data           4  os_var.o(.data)
    OSTmrUpdateCtr                           0x20000208   Data           4  os_var.o(.data)
    OSTCBCurPtr                              0x2000020c   Data           4  os_var.o(.data)
    OSTCBHighRdyPtr                          0x20000210   Data           4  os_var.o(.data)
    OS_CPU_ExceptStkBase                     0x20000214   Data           4  os_cpu_c.o(.data)
    __stdout                                 0x20000218   Data           4  stdout.o(.data)
    picture_mem                              0x2000021c   Data          32  app.o(.bss)
    picture_data                             0x2000023c   Data        3840  app.o(.bss)
    DHCP_GET                                 0x20004a3c   Data          22  dhcp.o(.bss)
    EXTERN_DHCPBUF                           0x20004a52   Data        1024  dhcp.o(.bss)
    SSIZE                                    0x20004e52   Data          16  w5500.o(.bss)
    RSIZE                                    0x20004e62   Data          16  w5500.o(.bss)
    ConfigMsg                                0x20004e72   Data          28  w5500_conf.o(.bss)
    EEPROM_MSG                               0x20004e8e   Data          18  w5500_conf.o(.bss)
    CPU_Name                                 0x20004ea0   Data          16  cpu_core.o(.bss)
    Mem_PoolHeap                             0x20004eb0   Data          72  lib_mem.o(.bss)
    Mem_Heap                                 0x20004ef8   Data       27648  lib_mem.o(.bss)
    OSCfg_IdleTaskStk                        0x2000baf8   Data         512  os_cfg_app.o(.bss)
    OSCfg_IntQ                               0x2000bcf8   Data         320  os_cfg_app.o(.bss)
    OSCfg_IntQTaskStk                        0x2000be38   Data         512  os_cfg_app.o(.bss)
    OSCfg_ISRStk                             0x2000c038   Data         512  os_cfg_app.o(.bss)
    OSCfg_MsgPool                            0x2000c238   Data        1600  os_cfg_app.o(.bss)
    OSCfg_StatTaskStk                        0x2000c878   Data         512  os_cfg_app.o(.bss)
    OSCfg_TickTaskStk                        0x2000ca78   Data         512  os_cfg_app.o(.bss)
    OSCfg_TickWheel                          0x2000cc78   Data         136  os_cfg_app.o(.bss)
    OSCfg_TmrTaskStk                         0x2000cd00   Data         512  os_cfg_app.o(.bss)
    OSCfg_TmrWheel                           0x2000cf00   Data         136  os_cfg_app.o(.bss)
    OSIdleTaskTCB                            0x2000cf88   Data         192  os_var.o(.bss)
    OSIntQTaskTCB                            0x2000d048   Data         192  os_var.o(.bss)
    OSMsgPool                                0x2000d108   Data          12  os_var.o(.bss)
    OSRdyList                                0x2000d114   Data         384  os_var.o(.bss)
    OSStatTaskTCB                            0x2000d294   Data         192  os_var.o(.bss)
    OSTickTaskTCB                            0x2000d354   Data         192  os_var.o(.bss)
    OSTmrTaskTCB                             0x2000d414   Data         192  os_var.o(.bss)
    __initial_sp                             0x2000d8d8   Data           0  startup_stm32f10x_hd.o(STACK)



==============================================================================

Memory Map of the image

  Image Entry point : 0x08000131

  Load Region LR_IROM1 (Base: 0x08000000, Size: 0x0000c630, Max: 0x00080000, ABSOLUTE, COMPRESSED[0x0000c518])

    Execution Region ER_IROM1 (Base: 0x08000000, Size: 0x0000c414, Max: 0x00080000, ABSOLUTE)

    Base Addr    Size         Type   Attr      Idx    E Section Name        Object

    0x08000000   0x00000130   Data   RO            3    RESET               startup_stm32f10x_hd.o
    0x08000130   0x00000000   Code   RO         6449  * .ARM.Collect$$$$00000000  mc_w.l(entry.o)
    0x08000130   0x00000004   Code   RO         6731    .ARM.Collect$$$$00000001  mc_w.l(entry2.o)
    0x08000134   0x00000004   Code   RO         6734    .ARM.Collect$$$$00000004  mc_w.l(entry5.o)
    0x08000138   0x00000000   Code   RO         6736    .ARM.Collect$$$$00000008  mc_w.l(entry7b.o)
    0x08000138   0x00000000   Code   RO         6738    .ARM.Collect$$$$0000000A  mc_w.l(entry8b.o)
    0x08000138   0x00000008   Code   RO         6739    .ARM.Collect$$$$0000000B  mc_w.l(entry9a.o)
    0x08000140   0x00000000   Code   RO         6741    .ARM.Collect$$$$0000000D  mc_w.l(entry10a.o)
    0x08000140   0x00000000   Code   RO         6743    .ARM.Collect$$$$0000000F  mc_w.l(entry11a.o)
    0x08000140   0x00000004   Code   RO         6732    .ARM.Collect$$$$00002712  mc_w.l(entry2.o)
    0x08000144   0x00000024   Code   RO            4    .text               startup_stm32f10x_hd.o
    0x08000168   0x00000034   Code   RO         4967    .text               cpu_a.o
    0x0800019c   0x00000024   Code   RO         6452    .text               mc_w.l(memseta.o)
    0x080001c0   0x0000002c   Code   RO         6746    .text               mc_w.l(uidiv.o)
    0x080001ec   0x00000062   Code   RO         6748    .text               mc_w.l(uldiv.o)
    0x0800024e   0x00000000   Code   RO         6750    .text               mc_w.l(iusefp.o)
    0x0800024e   0x0000014e   Code   RO         6751    .text               mf_w.l(dadd.o)
    0x0800039c   0x000000e4   Code   RO         6753    .text               mf_w.l(dmul.o)
    0x08000480   0x000000de   Code   RO         6755    .text               mf_w.l(ddiv.o)
    0x0800055e   0x00000030   Code   RO         6757    .text               mf_w.l(dfixul.o)
    0x0800058e   0x00000002   PAD
    0x08000590   0x00000030   Code   RO         6759    .text               mf_w.l(cdrcmple.o)
    0x080005c0   0x00000024   Code   RO         6761    .text               mc_w.l(init.o)
    0x080005e4   0x0000001e   Code   RO         6763    .text               mc_w.l(llshl.o)
    0x08000602   0x00000020   Code   RO         6765    .text               mc_w.l(llushr.o)
    0x08000622   0x00000024   Code   RO         6767    .text               mc_w.l(llsshr.o)
    0x08000646   0x000000ba   Code   RO         6769    .text               mf_w.l(depilogue.o)
    0x08000700   0x00000056   Code   RO         6779    .text               mc_w.l(__dczerorl2.o)
    0x08000756   0x00000002   PAD
    0x08000758   0x00000084   Code   RO         6368    CODE                os_cpu_a.o
    0x080007dc   0x00000090   Code   RO         3296    i.APPTaskControlSend  app.o
    0x0800086c   0x00000094   Code   RO         3297    i.AppTaskOV7725     app.o
    0x08000900   0x000000d4   Code   RO         3298    i.AppTaskReciveData  app.o
    0x080009d4   0x00000174   Code   RO         3299    i.AppTaskStart      app.o
    0x08000b48   0x00000010   Code   RO         3477    i.BSP_CPU_ClkFreq   bsp.o
    0x08000b58   0x0000001c   Code   RO         3478    i.BSP_Init          bsp.o
    0x08000b74   0x00000004   Code   RO         3108    i.BusFault_Handler  stm32f10x_it.o
    0x08000b78   0x00000010   Code   RO         4803    i.CPU_Init          cpu_core.o
    0x08000b88   0x00000084   Code   RO         4804    i.CPU_IntDisMeasInit  cpu_core.o
    0x08000c0c   0x0000001c   Code   RO         4805    i.CPU_IntDisMeasMaxCalc  cpu_core.o
    0x08000c28   0x0000002c   Code   RO         4806    i.CPU_IntDisMeasMaxCurGet  cpu_core.o
    0x08000c54   0x0000002c   Code   RO         4807    i.CPU_IntDisMeasMaxCurReset  cpu_core.o
    0x08000c80   0x0000002c   Code   RO         4808    i.CPU_IntDisMeasMaxGet  cpu_core.o
    0x08000cac   0x00000034   Code   RO         4809    i.CPU_IntDisMeasStart  cpu_core.o
    0x08000ce0   0x00000054   Code   RO         4810    i.CPU_IntDisMeasStop  cpu_core.o
    0x08000d34   0x00000038   Code   RO         4811    i.CPU_NameClr       cpu_core.o
    0x08000d6c   0x00000008   Code   RO         4813    i.CPU_NameInit      cpu_core.o
    0x08000d74   0x00000014   Code   RO         4817    i.CPU_TS_Init       cpu_core.o
    0x08000d88   0x0000000c   Code   RO         4819    i.CPU_TS_TmrFreqSet  cpu_core.o
    0x08000d94   0x00000034   Code   RO         3479    i.CPU_TS_TmrInit    bsp.o
    0x08000dc8   0x0000000c   Code   RO         3480    i.CPU_TS_TmrRd      bsp.o
    0x08000dd4   0x00000130   Code   RO         3802    i.Camera_Init       bsp_ov7725.o
    0x08000f04   0x00000002   Code   RO         3109    i.DebugMon_Handler  stm32f10x_it.o
    0x08000f06   0x00000002   PAD
    0x08000f08   0x00000064   Code   RO         3110    i.EXTI3_IRQHandler  stm32f10x_it.o
    0x08000f6c   0x0000000c   Code   RO          939    i.EXTI_ClearITPendingBit  stm32f10x_exti.o
    0x08000f78   0x00000010   Code   RO          941    i.EXTI_GenerateSWInterrupt  stm32f10x_exti.o
    0x08000f88   0x00000028   Code   RO          943    i.EXTI_GetITStatus  stm32f10x_exti.o
    0x08000fb0   0x00000094   Code   RO          944    i.EXTI_Init         stm32f10x_exti.o
    0x08001044   0x00000098   Code   RO         3803    i.FIFO_GPIO_Config  bsp_ov7725.o
    0x080010dc   0x00000034   Code   RO         1177    i.FSMC_NORSRAMCmd   stm32f10x_fsmc.o
    0x08001110   0x000000e6   Code   RO         1179    i.FSMC_NORSRAMInit  stm32f10x_fsmc.o
    0x080011f6   0x00000002   PAD
    0x080011f8   0x00000040   Code   RO         1289    i.GPIO_EXTILineConfig  stm32f10x_gpio.o
    0x08001238   0x00000116   Code   RO         1292    i.GPIO_Init         stm32f10x_gpio.o
    0x0800134e   0x00000012   Code   RO         1296    i.GPIO_ReadInputDataBit  stm32f10x_gpio.o
    0x08001360   0x00000012   Code   RO         1298    i.GPIO_ReadOutputDataBit  stm32f10x_gpio.o
    0x08001372   0x00000004   Code   RO         1299    i.GPIO_ResetBits    stm32f10x_gpio.o
    0x08001376   0x00000004   Code   RO         1300    i.GPIO_SetBits      stm32f10x_gpio.o
    0x0800137a   0x00000004   Code   RO         3111    i.HardFault_Handler  stm32f10x_it.o
    0x0800137e   0x00000032   Code   RO         4453    i.IINCHIP_READ      w5500_conf.o
    0x080013b0   0x0000000c   Code   RO         4454    i.IINCHIP_SpiSendData  w5500_conf.o
    0x080013bc   0x00000032   Code   RO         4455    i.IINCHIP_WRITE     w5500_conf.o
    0x080013ee   0x00000002   PAD
    0x080013f0   0x00000024   Code   RO         3605    i.ILI9341_BackLed_Control  bsp_ili9341_lcd.o
    0x08001414   0x0000002c   Code   RO         3606    i.ILI9341_Clear     bsp_ili9341_lcd.o
    0x08001440   0x00000012   Code   RO         3607    i.ILI9341_Delay     bsp_ili9341_lcd.o
    0x08001452   0x00000002   PAD
    0x08001454   0x00000098   Code   RO         3608    i.ILI9341_DispChar_EN  bsp_ili9341_lcd.o
    0x080014ec   0x00000068   Code   RO         3609    i.ILI9341_DispStringLine_EN  bsp_ili9341_lcd.o
    0x08001554   0x0000005e   Code   RO         3615    i.ILI9341_FSMC_Config  bsp_ili9341_lcd.o
    0x080015b2   0x00000020   Code   RO         3616    i.ILI9341_FillColor  bsp_ili9341_lcd.o
    0x080015d2   0x00000002   PAD
    0x080015d4   0x00000198   Code   RO         3617    i.ILI9341_GPIO_Config  bsp_ili9341_lcd.o
    0x0800176c   0x000000b8   Code   RO         3619    i.ILI9341_GramScan  bsp_ili9341_lcd.o
    0x08001824   0x0000009c   Code   RO         3620    i.ILI9341_Init      bsp_ili9341_lcd.o
    0x080018c0   0x00000058   Code   RO         3621    i.ILI9341_OpenWindow  bsp_ili9341_lcd.o
    0x08001918   0x00000230   Code   RO         3622    i.ILI9341_REG_Config  bsp_ili9341_lcd.o
    0x08001b48   0x00000028   Code   RO         3625    i.ILI9341_Rst       bsp_ili9341_lcd.o
    0x08001b70   0x00000008   Code   RO         3628    i.ILI9341_Write_Cmd  bsp_ili9341_lcd.o
    0x08001b78   0x0000000c   Code   RO         3629    i.ILI9341_Write_Data  bsp_ili9341_lcd.o
    0x08001b84   0x0000001e   Code   RO         4742    i.InitQueue         image.o
    0x08001ba2   0x00000002   PAD
    0x08001ba4   0x00000024   Code   RO         3513    i.Key1_Config       bsp_key.o
    0x08001bc8   0x00000028   Code   RO         3514    i.Key2_Config       bsp_key.o
    0x08001bf0   0x0000000c   Code   RO         3515    i.Key_Initial       bsp_key.o
    0x08001bfc   0x0000000c   Code   RO         3632    i.LCD_GetFont       bsp_ili9341_lcd.o
    0x08001c08   0x00000014   Code   RO         3634    i.LCD_SetColors     bsp_ili9341_lcd.o
    0x08001c1c   0x0000000c   Code   RO         3635    i.LCD_SetFont       bsp_ili9341_lcd.o
    0x08001c28   0x00000058   Code   RO         3547    i.LED_GPIO_Config   bsp_led.o
    0x08001c80   0x00000024   Code   RO         3548    i.LED_Init          bsp_led.o
    0x08001ca4   0x00000004   Code   RO         3112    i.MemManage_Handler  stm32f10x_it.o
    0x08001ca8   0x00000012   Code   RO         5159    i.Mem_Clr           lib_mem.o
    0x08001cba   0x00000002   PAD
    0x08001cbc   0x00000048   Code   RO         5163    i.Mem_Init          lib_mem.o
    0x08001d04   0x00000062   Code   RO         5176    i.Mem_Set           lib_mem.o
    0x08001d66   0x00000002   Code   RO         3113    i.NMI_Handler       stm32f10x_it.o
    0x08001d68   0x00000070   Code   RO          137    i.NVIC_Init         misc.o
    0x08001dd8   0x00000014   Code   RO          138    i.NVIC_PriorityGroupConfig  misc.o
    0x08001dec   0x00000002   Code   RO         5433    i.OSCfg_Init        os_cfg_app.o
    0x08001dee   0x00000002   PAD
    0x08001df0   0x00000014   Code   RO         6371    i.OSIdleTaskHook    os_cpu_c.o
    0x08001e04   0x00000168   Code   RO         5456    i.OSInit            os_core.o
    0x08001f6c   0x00000038   Code   RO         6372    i.OSInitHook        os_cpu_c.o
    0x08001fa4   0x0000002c   Code   RO         5457    i.OSIntEnter        os_core.o
    0x08001fd0   0x000000e4   Code   RO         5458    i.OSIntExit         os_core.o
    0x080020b4   0x00000158   Code   RO         5753    i.OSMemCreate       os_mem.o
    0x0800220c   0x000000a8   Code   RO         5459    i.OSSched           os_core.o
    0x080022b4   0x0000007c   Code   RO         5460    i.OSSchedLock       os_core.o
    0x08002330   0x0000006c   Code   RO         5461    i.OSSchedRoundRobinCfg  os_core.o
    0x0800239c   0x000000a0   Code   RO         5463    i.OSSchedUnlock     os_core.o
    0x0800243c   0x00000068   Code   RO         5464    i.OSStart           os_core.o
    0x080024a4   0x00000108   Code   RO         5976    i.OSStatReset       os_stat.o
    0x080025ac   0x00000100   Code   RO         5977    i.OSStatTaskCPUUsageInit  os_stat.o
    0x080026ac   0x00000014   Code   RO         6373    i.OSStatTaskHook    os_cpu_c.o
    0x080026c0   0x00000294   Code   RO         6007    i.OSTaskCreate      os_task.o
    0x08002954   0x00000018   Code   RO         6374    i.OSTaskCreateHook  os_cpu_c.o
    0x0800296c   0x00000208   Code   RO         6008    i.OSTaskDel         os_task.o
    0x08002b74   0x00000018   Code   RO         6375    i.OSTaskDelHook     os_cpu_c.o
    0x08002b8c   0x00000088   Code   RO         6016    i.OSTaskResume      os_task.o
    0x08002c14   0x00000018   Code   RO         6376    i.OSTaskReturnHook  os_cpu_c.o
    0x08002c2c   0x00000250   Code   RO         6017    i.OSTaskSemPend     os_task.o
    0x08002e7c   0x000000e4   Code   RO         6021    i.OSTaskStkChk      os_task.o
    0x08002f60   0x000000c0   Code   RO         6377    i.OSTaskStkInit     os_cpu_c.o
    0x08003020   0x00000060   Code   RO         6022    i.OSTaskSuspend     os_task.o
    0x08003080   0x000000a4   Code   RO         6378    i.OSTaskSwHook      os_cpu_c.o
    0x08003124   0x00000150   Code   RO         6222    i.OSTimeDly         os_time.o
    0x08003274   0x0000022c   Code   RO         6223    i.OSTimeDlyHMSM     os_time.o
    0x080034a0   0x00000044   Code   RO         6227    i.OSTimeTick        os_time.o
    0x080034e4   0x00000014   Code   RO         6379    i.OSTimeTickHook    os_cpu_c.o
    0x080034f8   0x00000040   Code   RO         6380    i.OS_CPU_SysTickHandler  os_cpu_c.o
    0x08003538   0x00000030   Code   RO         6381    i.OS_CPU_SysTickInit  os_cpu_c.o
    0x08003568   0x0000016c   Code   RO         5702    i.OS_Dbg_Init       os_dbg.o
    0x080036d4   0x0000004c   Code   RO         5466    i.OS_IdleTask       os_core.o
    0x08003720   0x00000070   Code   RO         5467    i.OS_IdleTaskInit   os_core.o
    0x08003790   0x00000104   Code   RO         5723    i.OS_IntQPost       os_int.o
    0x08003894   0x00000158   Code   RO         5724    i.OS_IntQRePost     os_int.o
    0x080039ec   0x000000c8   Code   RO         5725    i.OS_IntQTask       os_int.o
    0x08003ab4   0x00000128   Code   RO         5726    i.OS_IntQTaskInit   os_int.o
    0x08003bdc   0x00000028   Code   RO         5756    i.OS_MemDbgListAdd  os_mem.o
    0x08003c04   0x00000018   Code   RO         5757    i.OS_MemInit        os_mem.o
    0x08003c1c   0x0000007c   Code   RO         5789    i.OS_MsgPoolInit    os_msg.o
    0x08003c98   0x00000044   Code   RO         5790    i.OS_MsgQFreeAll    os_msg.o
    0x08003cdc   0x0000000e   Code   RO         5792    i.OS_MsgQInit       os_msg.o
    0x08003cea   0x00000002   PAD
    0x08003cec   0x00000104   Code   RO         5793    i.OS_MsgQPut        os_msg.o
    0x08003df0   0x00000068   Code   RO         5468    i.OS_Pend           os_core.o
    0x08003e58   0x00000026   Code   RO         5471    i.OS_PendDataInit   os_core.o
    0x08003e7e   0x00000002   PAD
    0x08003e80   0x0000005c   Code   RO         5472    i.OS_PendDbgNameAdd  os_core.o
    0x08003edc   0x00000024   Code   RO         5473    i.OS_PendDbgNameRemove  os_core.o
    0x08003f00   0x00000066   Code   RO         5477    i.OS_PendListInsertPrio  os_core.o
    0x08003f66   0x00000030   Code   RO         5478    i.OS_PendListRemove  os_core.o
    0x08003f96   0x00000042   Code   RO         5479    i.OS_PendListRemove1  os_core.o
    0x08003fd8   0x000000c0   Code   RO         5482    i.OS_Post           os_core.o
    0x08004098   0x0000002a   Code   RO         5483    i.OS_Post1          os_core.o
    0x080040c2   0x00000002   PAD
    0x080040c4   0x00000028   Code   RO         5861    i.OS_PrioGetHighest  os_prio.o
    0x080040ec   0x00000018   Code   RO         5862    i.OS_PrioInit       os_prio.o
    0x08004104   0x00000024   Code   RO         5863    i.OS_PrioInsert     os_prio.o
    0x08004128   0x00000024   Code   RO         5864    i.OS_PrioRemove     os_prio.o
    0x0800414c   0x00000024   Code   RO         5484    i.OS_RdyListInit    os_core.o
    0x08004170   0x0000002c   Code   RO         5485    i.OS_RdyListInsert  os_core.o
    0x0800419c   0x00000040   Code   RO         5486    i.OS_RdyListInsertHead  os_core.o
    0x080041dc   0x0000003c   Code   RO         5487    i.OS_RdyListInsertTail  os_core.o
    0x08004218   0x00000044   Code   RO         5488    i.OS_RdyListMoveHeadToTail  os_core.o
    0x0800425c   0x0000005c   Code   RO         5489    i.OS_RdyListRemove  os_core.o
    0x080042b8   0x0000005c   Code   RO         5490    i.OS_Sched0         os_core.o
    0x08004314   0x0000001c   Code   RO         5491    i.OS_SchedLockTimeMeasStart  os_core.o
    0x08004330   0x0000003c   Code   RO         5492    i.OS_SchedLockTimeMeasStop  os_core.o
    0x0800436c   0x000000ec   Code   RO         5493    i.OS_SchedRoundRobin  os_core.o
    0x08004458   0x00000018   Code   RO         5913    i.OS_SemInit        os_sem.o
    0x08004470   0x00000198   Code   RO         5914    i.OS_SemPost        os_sem.o
    0x08004608   0x000003b8   Code   RO         5978    i.OS_StatTask       os_stat.o
    0x080049c0   0x000000cc   Code   RO         5979    i.OS_StatTaskInit   os_stat.o
    0x08004a8c   0x00000038   Code   RO         5494    i.OS_TaskBlock      os_core.o
    0x08004ac4   0x00000030   Code   RO         6024    i.OS_TaskDbgListAdd  os_task.o
    0x08004af4   0x00000044   Code   RO         6025    i.OS_TaskDbgListRemove  os_task.o
    0x08004b38   0x00000020   Code   RO         6026    i.OS_TaskInit       os_task.o
    0x08004b58   0x000000c0   Code   RO         6027    i.OS_TaskInitTCB    os_task.o
    0x08004c18   0x0000026c   Code   RO         6028    i.OS_TaskQPost      os_task.o
    0x08004e84   0x0000001c   Code   RO         5495    i.OS_TaskRdy        os_core.o
    0x08004ea0   0x0000017c   Code   RO         6029    i.OS_TaskResume     os_task.o
    0x0800501c   0x00000018   Code   RO         6030    i.OS_TaskReturn     os_task.o
    0x08005034   0x000005a8   Code   RO         6031    i.OS_TaskSemPost    os_task.o
    0x080055dc   0x00000190   Code   RO         6032    i.OS_TaskSuspend    os_task.o
    0x0800576c   0x00000028   Code   RO         6174    i.OS_TickListInit   os_tick.o
    0x08005794   0x000001bc   Code   RO         6175    i.OS_TickListInsert  os_tick.o
    0x08005950   0x00000038   Code   RO         6176    i.OS_TickListRemove  os_tick.o
    0x08005988   0x00000024   Code   RO         6177    i.OS_TickListResetPeak  os_tick.o
    0x080059ac   0x00000220   Code   RO         6178    i.OS_TickListUpdate  os_tick.o
    0x08005bcc   0x0000002c   Code   RO         6179    i.OS_TickTask       os_tick.o
    0x08005bf8   0x000000b8   Code   RO         6180    i.OS_TickTaskInit   os_tick.o
    0x08005cb0   0x00000128   Code   RO         6273    i.OS_TmrInit        os_tmr.o
    0x08005dd8   0x000000d0   Code   RO         6274    i.OS_TmrLink        os_tmr.o
    0x08005ea8   0x00000024   Code   RO         6275    i.OS_TmrResetPeak   os_tmr.o
    0x08005ecc   0x000000c0   Code   RO         6276    i.OS_TmrTask        os_tmr.o
    0x08005f8c   0x00000050   Code   RO         6277    i.OS_TmrUnlink      os_tmr.o
    0x08005fdc   0x00000068   Code   RO         3805    i.OV7725_Brightness  bsp_ov7725.o
    0x08006044   0x0000002e   Code   RO         3806    i.OV7725_Color_Saturation  bsp_ov7725.o
    0x08006072   0x00000028   Code   RO         3807    i.OV7725_Contrast   bsp_ov7725.o
    0x0800609a   0x00000010   Code   RO         3808    i.OV7725_GPIO_Config  bsp_ov7725.o
    0x080060aa   0x00000002   PAD
    0x080060ac   0x00000068   Code   RO         3809    i.OV7725_Init       bsp_ov7725.o
    0x08006114   0x0000011a   Code   RO         3810    i.OV7725_Light_Mode  bsp_ov7725.o
    0x0800622e   0x000000c4   Code   RO         3811    i.OV7725_Special_Effect  bsp_ov7725.o
    0x080062f2   0x000000e8   Code   RO         3812    i.OV7725_Window_Set  bsp_ov7725.o
    0x080063da   0x00000002   PAD
    0x080063dc   0x00000020   Code   RO         1707    i.RCC_AHBPeriphClockCmd  stm32f10x_rcc.o
    0x080063fc   0x00000020   Code   RO         1710    i.RCC_APB2PeriphClockCmd  stm32f10x_rcc.o
    0x0800641c   0x000000d4   Code   RO         1718    i.RCC_GetClocksFreq  stm32f10x_rcc.o
    0x080064f0   0x00000038   Code   RO         3893    i.SCCB_Ack          bsp_sccb.o
    0x08006528   0x00000040   Code   RO         3894    i.SCCB_GPIO_Config  bsp_sccb.o
    0x08006568   0x00000038   Code   RO         3895    i.SCCB_NoAck        bsp_sccb.o
    0x080065a0   0x0000007a   Code   RO         3896    i.SCCB_ReadByte     bsp_sccb.o
    0x0800661a   0x00000002   PAD
    0x0800661c   0x00000054   Code   RO         3897    i.SCCB_ReceiveByte  bsp_sccb.o
    0x08006670   0x00000058   Code   RO         3898    i.SCCB_SendByte     bsp_sccb.o
    0x080066c8   0x00000054   Code   RO         3899    i.SCCB_Start        bsp_sccb.o
    0x0800671c   0x00000038   Code   RO         3900    i.SCCB_Stop         bsp_sccb.o
    0x08006754   0x0000004c   Code   RO         3901    i.SCCB_WaitAck      bsp_sccb.o
    0x080067a0   0x00000040   Code   RO         3902    i.SCCB_WriteByte    bsp_sccb.o
    0x080067e0   0x00000010   Code   RO         3903    i.SCCB_delay        bsp_sccb.o
    0x080067f0   0x00000018   Code   RO         2187    i.SPI_Cmd           stm32f10x_spi.o
    0x08006808   0x00000012   Code   RO         2195    i.SPI_I2S_GetFlagStatus  stm32f10x_spi.o
    0x0800681a   0x00000006   Code   RO         2198    i.SPI_I2S_ReceiveData  stm32f10x_spi.o
    0x08006820   0x00000004   Code   RO         2199    i.SPI_I2S_SendData  stm32f10x_spi.o
    0x08006824   0x0000003c   Code   RO         2200    i.SPI_Init          stm32f10x_spi.o
    0x08006860   0x00000038   Code   RO         4456    i.SPI_SendByte      w5500_conf.o
    0x08006898   0x00000002   Code   RO         3115    i.SVC_Handler       stm32f10x_it.o
    0x0800689a   0x00000002   PAD
    0x0800689c   0x000000d8   Code   RO         4746    i.SendImageToComputer  image.o
    0x08006974   0x00000008   Code   RO           24    i.SetSysClock       system_stm32f10x.o
    0x0800697c   0x000000e0   Code   RO           25    i.SetSysClockTo72   system_stm32f10x.o
    0x08006a5c   0x00000060   Code   RO           27    i.SystemInit        system_stm32f10x.o
    0x08006abc   0x0000001a   Code   RO         3117    i.TIM2_IRQHandler   stm32f10x_it.o
    0x08006ad6   0x00000006   Code   RO         2337    i.TIM_ClearITPendingBit  stm32f10x_tim.o
    0x08006adc   0x00000022   Code   RO         2363    i.TIM_GetITStatus   stm32f10x_tim.o
    0x08006afe   0x00000018   Code   RO         2878    i.USART_Cmd         stm32f10x_usart.o
    0x08006b16   0x0000001a   Code   RO         2881    i.USART_GetFlagStatus  stm32f10x_usart.o
    0x08006b30   0x000000d8   Code   RO         2885    i.USART_Init        stm32f10x_usart.o
    0x08006c08   0x00000008   Code   RO         2895    i.USART_SendData    stm32f10x_usart.o
    0x08006c10   0x00000080   Code   RO         3564    i.USARTx_Config     bsp_usart1.o
    0x08006c90   0x00000004   Code   RO         3118    i.UsageFault_Handler  stm32f10x_it.o
    0x08006c94   0x0000007c   Code   RO         3814    i.VSYNC_GPIO_Config  bsp_ov7725.o
    0x08006d10   0x00000148   Code   RO         4457    i.W5500_Init        w5500_conf.o
    0x08006e58   0x00000020   Code   RO         6703    i.__0printf         mc_w.l(printfa.o)
    0x08006e78   0x0000000e   Code   RO         6773    i.__scatterload_copy  mc_w.l(handlers.o)
    0x08006e86   0x00000002   Code   RO         6774    i.__scatterload_null  mc_w.l(handlers.o)
    0x08006e88   0x0000000e   Code   RO         6775    i.__scatterload_zeroinit  mc_w.l(handlers.o)
    0x08006e96   0x00000002   PAD
    0x08006e98   0x00000164   Code   RO         6710    i._fp_digits        mc_w.l(printfa.o)
    0x08006ffc   0x000006dc   Code   RO         6711    i._printf_core      mc_w.l(printfa.o)
    0x080076d8   0x00000024   Code   RO         6712    i._printf_post_padding  mc_w.l(printfa.o)
    0x080076fc   0x0000002e   Code   RO         6713    i._printf_pre_padding  mc_w.l(printfa.o)
    0x0800772a   0x00000034   Code   RO         4058    i.close             socket.o
    0x0800775e   0x00000002   PAD
    0x08007760   0x0000003c   Code   RO         4131    i.delay_ms          utility.o
    0x0800779c   0x0000003c   Code   RO         4133    i.delay_us          utility.o
    0x080077d8   0x00000070   Code   RO         4634    i.ee_ReadBytes      bsp_i2c_ee.o
    0x08007848   0x0000007e   Code   RO         4636    i.ee_WriteBytes     bsp_i2c_ee.o
    0x080078c6   0x00000002   PAD
    0x080078c8   0x00000024   Code   RO         3566    i.fputc             bsp_usart1.o
    0x080078ec   0x00000010   Code   RO         4278    i.getGAR            w5500.o
    0x080078fc   0x00000010   Code   RO         4280    i.getIINCHIP_TxMAX  w5500.o
    0x0800790c   0x00000012   Code   RO         4283    i.getSIPR           w5500.o
    0x0800791e   0x00000012   Code   RO         4284    i.getSUBR           w5500.o
    0x08007930   0x00000012   Code   RO         4285    i.getSn_IR          w5500.o
    0x08007942   0x00000054   Code   RO         4286    i.getSn_RX_RSR      w5500.o
    0x08007996   0x00000012   Code   RO         4287    i.getSn_SR          w5500.o
    0x080079a8   0x000000f8   Code   RO         4459    i.gpio_for_w5500_config  w5500_conf.o
    0x08007aa0   0x00000030   Code   RO         4675    i.i2c_Ack           bsp_i2c_gpio.o
    0x08007ad0   0x00000030   Code   RO         4676    i.i2c_CfgGpio       bsp_i2c_gpio.o
    0x08007b00   0x0000000e   Code   RO         4678    i.i2c_Delay         bsp_i2c_gpio.o
    0x08007b0e   0x00000002   PAD
    0x08007b10   0x00000028   Code   RO         4679    i.i2c_NAck          bsp_i2c_gpio.o
    0x08007b38   0x00000044   Code   RO         4680    i.i2c_ReadByte      bsp_i2c_gpio.o
    0x08007b7c   0x00000054   Code   RO         4681    i.i2c_SendByte      bsp_i2c_gpio.o
    0x08007bd0   0x00000030   Code   RO         4682    i.i2c_Start         bsp_i2c_gpio.o
    0x08007c00   0x00000020   Code   RO         4683    i.i2c_Stop          bsp_i2c_gpio.o
    0x08007c20   0x0000003c   Code   RO         4684    i.i2c_WaitAck       bsp_i2c_gpio.o
    0x08007c5c   0x0000000a   Code   RO         4460    i.iinchip_csoff     w5500_conf.o
    0x08007c66   0x0000000a   Code   RO         4461    i.iinchip_cson      w5500_conf.o
    0x08007c70   0x00000060   Code   RO         3300    i.main              app.o
    0x08007cd0   0x00000018   Code   RO         4463    i.read_config_from_eeprom  w5500_conf.o
    0x08007ce8   0x00000200   Code   RO         4063    i.recvfrom          socket.o
    0x08007ee8   0x00000028   Code   RO         4465    i.reset_w5500       w5500_conf.o
    0x08007f10   0x00000094   Code   RO         4291    i.send_data_processing  w5500.o
    0x08007fa4   0x0000010c   Code   RO         4065    i.sendto            socket.o
    0x080080b0   0x00000010   Code   RO         4292    i.setGAR            w5500.o
    0x080080c0   0x00000012   Code   RO         4296    i.setSHAR           w5500.o
    0x080080d2   0x00000012   Code   RO         4297    i.setSIPR           w5500.o
    0x080080e4   0x00000012   Code   RO         4298    i.setSUBR           w5500.o
    0x080080f6   0x00000016   Code   RO         4299    i.setSn_IR          w5500.o
    0x0800810c   0x00000274   Code   RO         4466    i.set_w5500_ip      w5500_conf.o
    0x08008380   0x0000002c   Code   RO         4467    i.set_w5500_mac     w5500_conf.o
    0x080083ac   0x000000c4   Code   RO         4066    i.socket            socket.o
    0x08008470   0x00000088   Code   RO         4302    i.socket_buf_init   w5500.o
    0x080084f8   0x00000040   Code   RO         4146    i.systick_init      utility.o
    0x08008538   0x0000003c   Code   RO         4469    i.timer2_isr        w5500_conf.o
    0x08008574   0x00000024   Code   RO         4470    i.wiz_cs            w5500_conf.o
    0x08008598   0x00000068   Code   RO         4471    i.wiz_read_buf      w5500_conf.o
    0x08008600   0x00000068   Code   RO         4472    i.wiz_write_buf     w5500_conf.o
    0x08008668   0x0000001c   Code   RO         4473    i.write_config_to_eeprom  w5500_conf.o
    0x08008684   0x00003b60   Data   RO         3592    .constdata          fonts.o
    0x0800c1e4   0x000000a4   Data   RO         5435    .constdata          os_cfg_app.o
    0x0800c288   0x0000016c   Data   RO         5703    .constdata          os_dbg.o
    0x0800c3f4   0x00000020   Data   RO         6771    Region$$Table       anon$$obj.o


    Execution Region RW_IRAM1 (Base: 0x20000000, Size: 0x0000d8d8, Max: 0x00010000, ABSOLUTE, COMPRESSED[0x00000104])

    Base Addr    Size         Type   Attr      Idx    E Section Name        Object

    0x20000000   0x00000014   Data   RW         1738    .data               stm32f10x_rcc.o
    0x20000014   0x00000008   Data   RW         3302    .data               app.o
    0x2000001c   0x00000018   Data   RW         3593    .data               fonts.o
    0x20000034   0x00000010   Data   RW         3637    .data               bsp_ili9341_lcd.o
    0x20000044   0x000000b0   Data   RW         3815    .data               bsp_ov7725.o
    0x200000f4   0x00000004   Data   RW         4150    .data               utility.o
    0x200000f8   0x00000010   Data   RW         4304    .data               w5500.o
    0x20000108   0x0000002d   Data   RW         4475    .data               w5500_conf.o
    0x20000135   0x00000003   PAD
    0x20000138   0x0000001c   Data   RW         4823    .data               cpu_core.o
    0x20000154   0x00000004   Data   RW         5178    .data               lib_mem.o
    0x20000158   0x00000004   Data   RW         5865    .data               os_prio.o
    0x2000015c   0x000000b8   Data   RW         6355    .data               os_var.o
    0x20000214   0x00000004   Data   RW         6382    .data               os_cpu_c.o
    0x20000218   0x00000004   Data   RW         6745    .data               mc_w.l(stdout.o)
    0x2000021c   0x00004820   Zero   RW         3301    .bss                app.o
    0x20004a3c   0x00000416   Zero   RW         3968    .bss                dhcp.o
    0x20004e52   0x00000020   Zero   RW         4303    .bss                w5500.o
    0x20004e72   0x0000002e   Zero   RW         4474    .bss                w5500_conf.o
    0x20004ea0   0x00000010   Zero   RW         4821    .bss                cpu_core.o
    0x20004eb0   0x00006c48   Zero   RW         5177    .bss                lib_mem.o
    0x2000baf8   0x00001490   Zero   RW         5434    .bss                os_cfg_app.o
    0x2000cf88   0x0000054c   Zero   RW         6354    .bss                os_var.o
    0x2000d4d4   0x00000004   PAD
    0x2000d4d8   0x00000400   Zero   RW            1    STACK               startup_stm32f10x_hd.o


==============================================================================

Image component sizes


      Code (inc. data)   RO Data    RW Data    ZI Data      Debug   Object Name

       972        228          0          8      18464      40100   app.o
       108         14          0          0          0       1945   bsp.o
       238          0          0          0          0       2223   bsp_i2c_ee.o
       442         38          0          0          0       4790   bsp_i2c_gpio.o
      1980        164          0         16          0      11720   bsp_ili9341_lcd.o
        88         10          0          0          0       1414   bsp_key.o
       124         10          0          0          0        975   bsp_led.o
      1600        180          0        176          0       7842   bsp_ov7725.o
       766         34          0          0          0       6388   bsp_sccb.o
       164         12          0          0          0       2448   bsp_usart1.o
         0          0          0          0          0       4508   core_cm3.o
        52          0          0          0          0        352   cpu_a.o
       540         98          0         28         16      16409   cpu_core.o
         0          0          0          0       1046       5262   dhcp.o
         0          0      15200         24          0       1389   fonts.o
       246         16          0          0          0       2167   image.o
       188         18          0          4      27720      13587   lib_mem.o
       132         22          0          0          0       1567   misc.o
         2          0        164          0       5264      20681   os_cfg_app.o
      3068        424          0          0          0      20568   os_core.o
       132         32          0          0          0        396   os_cpu_a.o
       656         68          0          4          0       8177   os_cpu_c.o
       364        238        364          0          0       4801   os_dbg.o
      1100        206          0          0          0       3486   os_int.o
       408         34          0          0          0       2674   os_mem.o
       466         26          0          0          0       3225   os_msg.o
       136         16          0          4          0       2826   os_prio.o
       432         14          0          0          0       2230   os_sem.o
      1676        212          0          0          0       3971   os_stat.o
      5444        258          0          0          0      13824   os_task.o
      1348        124          0          0          0       5465   os_tick.o
       960         46          0          0          0       3117   os_time.o
       812        134          0          0          0       4140   os_tmr.o
         0          0          0        184       1356      19172   os_var.o
      1028         30          0          0          0       3685   socket.o
        36          8        304          0       1024        884   startup_stm32f10x_hd.o
       216         22          0          0          0       2687   stm32f10x_exti.o
       282          6          0          0          0       1845   stm32f10x_fsmc.o
       386          4          0          0          0       4979   stm32f10x_gpio.o
       148         14          0          0          0      45145   stm32f10x_it.o
       276         32          0         20          0       4485   stm32f10x_rcc.o
       112          0          0          0          0       3898   stm32f10x_spi.o
        40          0          0          0          0       1790   stm32f10x_tim.o
       274          6          0          0          0       4072   stm32f10x_usart.o
       328         28          0          0          0     267561   system_stm32f10x.o
       184         16          0          4          0       1865   utility.o
       564         46          0         16         32       9504   w5500.o
      1832        650          0         45         46      13061   w5500_conf.o

    ----------------------------------------------------------------------
     30386       3538      16064        536      54972     609300   Object Totals
         0          0         32          0          0          0   (incl. Generated)
        36          0          0          3          4          0   (incl. Padding)

    ----------------------------------------------------------------------

      Code (inc. data)   RO Data    RW Data    ZI Data      Debug   Library Member Name

        86          0          0          0          0          0   __dczerorl2.o
         0          0          0          0          0          0   entry.o
         0          0          0          0          0          0   entry10a.o
         0          0          0          0          0          0   entry11a.o
         8          4          0          0          0          0   entry2.o
         4          0          0          0          0          0   entry5.o
         0          0          0          0          0          0   entry7b.o
         0          0          0          0          0          0   entry8b.o
         8          4          0          0          0          0   entry9a.o
        30          0          0          0          0          0   handlers.o
        36          8          0          0          0         68   init.o
         0          0          0          0          0          0   iusefp.o
        30          0          0          0          0         68   llshl.o
        36          0          0          0          0         68   llsshr.o
        32          0          0          0          0         68   llushr.o
        36          0          0          0          0        108   memseta.o
      2226         90          0          0          0        444   printfa.o
         0          0          0          4          0          0   stdout.o
        44          0          0          0          0         80   uidiv.o
        98          0          0          0          0         92   uldiv.o
        48          0          0          0          0         68   cdrcmple.o
       334          0          0          0          0        148   dadd.o
       222          0          0          0          0        100   ddiv.o
       186          0          0          0          0        176   depilogue.o
        48          0          0          0          0         68   dfixul.o
       228          0          0          0          0         96   dmul.o

    ----------------------------------------------------------------------
      3746        106          0          4          0       1652   Library Totals
         6          0          0          0          0          0   (incl. Padding)

    ----------------------------------------------------------------------

      Code (inc. data)   RO Data    RW Data    ZI Data      Debug   Library Name

      2674        106          0          4          0        996   mc_w.l
      1066          0          0          0          0        656   mf_w.l

    ----------------------------------------------------------------------
      3746        106          0          4          0       1652   Library Totals

    ----------------------------------------------------------------------

==============================================================================


      Code (inc. data)   RO Data    RW Data    ZI Data      Debug   

     34132       3644      16064        540      54972     597196   Grand Totals
     34132       3644      16064        260      54972     597196   ELF Image Totals (compressed)
     34132       3644      16064        260          0          0   ROM Totals

==============================================================================

    Total RO  Size (Code + RO Data)                50196 (  49.02kB)
    Total RW  Size (RW Data + ZI Data)             55512 (  54.21kB)
    Total ROM Size (Code + RO Data + RW Data)      50456 (  49.27kB)

==============================================================================

