Component: ARM Compiler 5.06 update 2 (build 183) Tool: armlink [4d35b7]

==============================================================================

Section Cross References

    startup_stm32f10x_hd.o(RESET) refers to startup_stm32f10x_hd.o(STACK) for __initial_sp
    startup_stm32f10x_hd.o(RESET) refers to startup_stm32f10x_hd.o(.text) for Reset_Handler
    startup_stm32f10x_hd.o(RESET) refers to stm32f10x_it.o(i.NMI_Handler) for NMI_Handler
    startup_stm32f10x_hd.o(RESET) refers to stm32f10x_it.o(i.HardFault_Handler) for HardFault_Handler
    startup_stm32f10x_hd.o(RESET) refers to stm32f10x_it.o(i.MemManage_Handler) for MemManage_Handler
    startup_stm32f10x_hd.o(RESET) refers to stm32f10x_it.o(i.BusFault_Handler) for BusFault_Handler
    startup_stm32f10x_hd.o(RESET) refers to stm32f10x_it.o(i.UsageFault_Handler) for UsageFault_Handler
    startup_stm32f10x_hd.o(RESET) refers to stm32f10x_it.o(i.SVC_Handler) for SVC_Handler
    startup_stm32f10x_hd.o(RESET) refers to stm32f10x_it.o(i.DebugMon_Handler) for DebugMon_Handler
    startup_stm32f10x_hd.o(RESET) refers to os_cpu_a.o(CODE) for OS_CPU_PendSVHandler
    startup_stm32f10x_hd.o(RESET) refers to os_cpu_c.o(i.OS_CPU_SysTickHandler) for OS_CPU_SysTickHandler
    startup_stm32f10x_hd.o(RESET) refers to stm32f10x_it.o(i.EXTI3_IRQHandler) for EXTI3_IRQHandler
    startup_stm32f10x_hd.o(RESET) refers to stm32f10x_it.o(i.TIM2_IRQHandler) for TIM2_IRQHandler
    startup_stm32f10x_hd.o(.text) refers to system_stm32f10x.o(i.SystemInit) for SystemInit
    startup_stm32f10x_hd.o(.text) refers to entry.o(.ARM.Collect$$$$00000000) for __main
    system_stm32f10x.o(i.SetSysClock) refers to system_stm32f10x.o(i.SetSysClockTo72) for SetSysClockTo72
    system_stm32f10x.o(i.SystemCoreClockUpdate) refers to system_stm32f10x.o(.data) for SystemCoreClock
    system_stm32f10x.o(i.SystemInit) refers to system_stm32f10x.o(i.SetSysClock) for SetSysClock
    stm32f10x_adc.o(i.ADC_DeInit) refers to stm32f10x_rcc.o(i.RCC_APB2PeriphResetCmd) for RCC_APB2PeriphResetCmd
    stm32f10x_bkp.o(i.BKP_DeInit) refers to stm32f10x_rcc.o(i.RCC_BackupResetCmd) for RCC_BackupResetCmd
    stm32f10x_can.o(i.CAN_DeInit) refers to stm32f10x_rcc.o(i.RCC_APB1PeriphResetCmd) for RCC_APB1PeriphResetCmd
    stm32f10x_can.o(i.CAN_GetITStatus) refers to stm32f10x_can.o(i.CheckITStatus) for CheckITStatus
    stm32f10x_cec.o(i.CEC_DeInit) refers to stm32f10x_rcc.o(i.RCC_APB1PeriphResetCmd) for RCC_APB1PeriphResetCmd
    stm32f10x_dac.o(i.DAC_DeInit) refers to stm32f10x_rcc.o(i.RCC_APB1PeriphResetCmd) for RCC_APB1PeriphResetCmd
    stm32f10x_flash.o(i.FLASH_EnableWriteProtection) refers to stm32f10x_flash.o(i.FLASH_WaitForLastOperation) for FLASH_WaitForLastOperation
    stm32f10x_flash.o(i.FLASH_EraseAllBank1Pages) refers to stm32f10x_flash.o(i.FLASH_WaitForLastBank1Operation) for FLASH_WaitForLastBank1Operation
    stm32f10x_flash.o(i.FLASH_EraseAllPages) refers to stm32f10x_flash.o(i.FLASH_WaitForLastOperation) for FLASH_WaitForLastOperation
    stm32f10x_flash.o(i.FLASH_EraseOptionBytes) refers to stm32f10x_flash.o(i.FLASH_GetReadOutProtectionStatus) for FLASH_GetReadOutProtectionStatus
    stm32f10x_flash.o(i.FLASH_EraseOptionBytes) refers to stm32f10x_flash.o(i.FLASH_WaitForLastOperation) for FLASH_WaitForLastOperation
    stm32f10x_flash.o(i.FLASH_ErasePage) refers to stm32f10x_flash.o(i.FLASH_WaitForLastOperation) for FLASH_WaitForLastOperation
    stm32f10x_flash.o(i.FLASH_ProgramHalfWord) refers to stm32f10x_flash.o(i.FLASH_WaitForLastOperation) for FLASH_WaitForLastOperation
    stm32f10x_flash.o(i.FLASH_ProgramOptionByteData) refers to stm32f10x_flash.o(i.FLASH_WaitForLastOperation) for FLASH_WaitForLastOperation
    stm32f10x_flash.o(i.FLASH_ProgramWord) refers to stm32f10x_flash.o(i.FLASH_WaitForLastOperation) for FLASH_WaitForLastOperation
    stm32f10x_flash.o(i.FLASH_ReadOutProtection) refers to stm32f10x_flash.o(i.FLASH_WaitForLastOperation) for FLASH_WaitForLastOperation
    stm32f10x_flash.o(i.FLASH_UserOptionByteConfig) refers to stm32f10x_flash.o(i.FLASH_WaitForLastOperation) for FLASH_WaitForLastOperation
    stm32f10x_flash.o(i.FLASH_WaitForLastBank1Operation) refers to stm32f10x_flash.o(i.FLASH_GetBank1Status) for FLASH_GetBank1Status
    stm32f10x_flash.o(i.FLASH_WaitForLastOperation) refers to stm32f10x_flash.o(i.FLASH_GetBank1Status) for FLASH_GetBank1Status
    stm32f10x_gpio.o(i.GPIO_AFIODeInit) refers to stm32f10x_rcc.o(i.RCC_APB2PeriphResetCmd) for RCC_APB2PeriphResetCmd
    stm32f10x_gpio.o(i.GPIO_DeInit) refers to stm32f10x_rcc.o(i.RCC_APB2PeriphResetCmd) for RCC_APB2PeriphResetCmd
    stm32f10x_i2c.o(i.I2C_DeInit) refers to stm32f10x_rcc.o(i.RCC_APB1PeriphResetCmd) for RCC_APB1PeriphResetCmd
    stm32f10x_i2c.o(i.I2C_Init) refers to stm32f10x_rcc.o(i.RCC_GetClocksFreq) for RCC_GetClocksFreq
    stm32f10x_pwr.o(i.PWR_DeInit) refers to stm32f10x_rcc.o(i.RCC_APB1PeriphResetCmd) for RCC_APB1PeriphResetCmd
[...]
    TIM3_IRQHandler                          0x0800015f   Thumb Code     0  startup_stm32f10x_hd.o(.text)
    TIM4_IRQHandler                          0x0800015f   Thumb Code     0  startup_stm32f10x_hd.o(.text)
    TIM5_IRQHandler                          0x0800015f   Thumb Code     0  startup_stm32f10x_hd.o(.text)
    TIM6_IRQHandler                          0x0800015f   Thumb Code     0  startup_stm32f10x_hd.o(.text)
    TIM7_IRQHandler                          0x0800015f   Thumb Code     0  startup_stm32f10x_hd.o(.text)
    TIM8_BRK_IRQHandler                      0x0800015f   Thumb Code     0  startup_stm32f10x_hd.o(.text)
    TIM8_CC_IRQHandler                       0x0800015f   Thumb Code     0  startup_stm32f10x_hd.o(.text)
    TIM8_TRG_COM_IRQHandler                  0x0800015f   Thumb Code     0  startup_stm32f10x_hd.o(.text)
    TIM8_UP_IRQHandler                       0x0800015f   Thumb Code     0  startup_stm32f10x_hd.o(.text)
    UART4_IRQHandler                         0x0800015f   Thumb Code     0  startup_stm32f10x_hd.o(.text)
    UART5_IRQHandler                         0x0800015f   Thumb Code     0  startup_stm32f10x_hd.o(.text)
    USART1_IRQHandler                        0x0800015f   Thumb Code     0  startup_stm32f10x_hd.o(.text)
    USART2_IRQHandler                        0x0800015f   Thumb Code     0  startup_stm32f10x_hd.o(.text)
    USART3_IRQHandler                        0x0800015f   Thumb Code     0  startup_stm32f10x_hd.o(.text)
    USBWakeUp_IRQHandler                     0x0800015f   Thumb Code     0  startup_stm32f10x_hd.o(.text)
    USB_HP_CAN1_TX_IRQHandler                0x0800015f   Thumb Code     0  startup_stm32f10x_hd.o(.text)
    USB_LP_CAN1_RX0_IRQHandler               0x0800015f   Thumb Code     0  startup_stm32f10x_hd.o(.text)
    WWDG_IRQHandler                          0x0800015f   Thumb Code     0  startup_stm32f10x_hd.o(.text)
    CPU_IntDis                               0x08000169   Thumb Code     0  cpu_a.o(.text)
    CPU_IntEn                                0x0800016d   Thumb Code     0  cpu_a.o(.text)
    CPU_SR_Save                              0x08000171   Thumb Code     0  cpu_a.o(.text)
    CPU_SR_Restore                           0x08000179   Thumb Code     0  cpu_a.o(.text)
    CPU_WaitForInt                           0x0800017f   Thumb Code     0  cpu_a.o(.text)
    CPU_WaitForExcept                        0x08000183   Thumb Code     0  cpu_a.o(.text)
    CPU_CntLeadZeros                         0x08000187   Thumb Code     0  cpu_a.o(.text)
    CPU_CntTrailZeros                        0x0800018d   Thumb Code     0  cpu_a.o(.text)
    CPU_RevBits                              0x08000197   Thumb Code     0  cpu_a.o(.text)
    __aeabi_uidiv                            0x0800019d   Thumb Code     0  uidiv.o(.text)
    __aeabi_uidivmod                         0x0800019d   Thumb Code    44  uidiv.o(.text)
    __aeabi_uldivmod                         0x080001c9   Thumb Code    98  uldiv.o(.text)
    __I$use$fp                               0x0800022b   Thumb Code     0  iusefp.o(.text)
    __aeabi_dadd                             0x0800022b   Thumb Code   322  dadd.o(.text)
    __aeabi_dsub                             0x0800036d   Thumb Code     6  dadd.o(.text)
    __aeabi_drsub                            0x08000373   Thumb Code     6  dadd.o(.text)
    __aeabi_dmul                             0x08000379   Thumb Code   228  dmul.o(.text)
    __aeabi_ddiv                             0x0800045d   Thumb Code   222  ddiv.o(.text)
    __aeabi_d2ulz                            0x0800053b   Thumb Code    48  dfixul.o(.text)
    __aeabi_cdrcmple                         0x0800056d   Thumb Code    48  cdrcmple.o(.text)
    __scatterload                            0x0800059d   Thumb Code    28  init.o(.text)
    __scatterload_rt2                        0x0800059d   Thumb Code     0  init.o(.text)
    __aeabi_llsl                             0x080005c1   Thumb Code    30  llshl.o(.text)
    _ll_shift_l                              0x080005c1   Thumb Code     0  llshl.o(.text)
    __aeabi_llsr                             0x080005df   Thumb Code    32  llushr.o(.text)
    _ll_ushift_r                             0x080005df   Thumb Code     0  llushr.o(.text)
    __aeabi_lasr                             0x080005ff   Thumb Code    36  llsshr.o(.text)
    _ll_sshift_r                             0x080005ff   Thumb Code     0  llsshr.o(.text)
    _double_round                            0x08000623   Thumb Code    30  depilogue.o(.text)
    _double_epilogue                         0x08000641   Thumb Code   156  depilogue.o(.text)
    __decompress                             0x080006dd   Thumb Code     0  __dczerorl2.o(.text)
    __decompress1                            0x080006dd   Thumb Code    86  __dczerorl2.o(.text)
    OSStartHighRdy                           0x08000735   Thumb Code     0  os_cpu_a.o(CODE)
    OS_CPU_PendSVHandler                     0x08000757   Thumb Code     0  os_cpu_a.o(CODE)
    BSP_CPU_ClkFreq                          0x08000dad   Thumb Code    16  bsp.o(i.BSP_CPU_ClkFreq)
    BSP_Init                                 0x08000dbd   Thumb Code    28  bsp.o(i.BSP_Init)
    BusFault_Handler                         0x08000dd9   Thumb Code     4  stm32f10x_it.o(i.BusFault_Handler)
    CPU_Init                                 0x08000ddd   Thumb Code    16  cpu_core.o(i.CPU_Init)
    CPU_IntDisMeasMaxCurGet                  0x08000e8d   Thumb Code    40  cpu_core.o(i.CPU_IntDisMeasMaxCurGet)
    CPU_IntDisMeasMaxCurReset                0x08000eb9   Thumb Code    40  cpu_core.o(i.CPU_IntDisMeasMaxCurReset)
    CPU_IntDisMeasMaxGet                     0x08000ee5   Thumb Code    40  cpu_core.o(i.CPU_IntDisMeasMaxGet)
    CPU_IntDisMeasStart                      0x08000f11   Thumb Code    38  cpu_core.o(i.CPU_IntDisMeasStart)
    CPU_IntDisMeasStop                       0x08000f45   Thumb Code    62  cpu_core.o(i.CPU_IntDisMeasStop)
    CPU_NameClr                              0x08000f99   Thumb Code    50  cpu_core.o(i.CPU_NameClr)
    CPU_TS_TmrFreqSet                        0x08000fed   Thumb Code     6  cpu_core.o(i.CPU_TS_TmrFreqSet)
    CPU_TS_TmrInit                           0x08000ff9   Thumb Code    44  bsp.o(i.CPU_TS_TmrInit)
    CPU_TS_TmrRd                             0x0800102d   Thumb Code     6  bsp.o(i.CPU_TS_TmrRd)
    Camera_Init                              0x08001039   Thumb Code   178  bsp_ov7725.o(i.Camera_Init)
    DeQueue                                  0x08001169   Thumb Code    36  image.o(i.DeQueue)
    DebugMon_Handler                         0x0800118d   Thumb Code     2  stm32f10x_it.o(i.DebugMon_Handler)
    EXTI3_IRQHandler                         0x08001191   Thumb Code    86  stm32f10x_it.o(i.EXTI3_IRQHandler)
    EXTI_ClearITPendingBit                   0x080011f5   Thumb Code     6  stm32f10x_exti.o(i.EXTI_ClearITPendingBit)
    EXTI_GenerateSWInterrupt                 0x08001201   Thumb Code    12  stm32f10x_exti.o(i.EXTI_GenerateSWInterrupt)
    EXTI_GetITStatus                         0x08001211   Thumb Code    34  stm32f10x_exti.o(i.EXTI_GetITStatus)
    EXTI_Init                                0x08001239   Thumb Code   142  stm32f10x_exti.o(i.EXTI_Init)
    EnQueue                                  0x080012cd   Thumb Code    34  image.o(i.EnQueue)
    FSMC_NORSRAMCmd                          0x08001389   Thumb Code    46  stm32f10x_fsmc.o(i.FSMC_NORSRAMCmd)
    FSMC_NORSRAMInit                         0x080013bd   Thumb Code   230  stm32f10x_fsmc.o(i.FSMC_NORSRAMInit)
    GPIO_EXTILineConfig                      0x080014a5   Thumb Code    60  stm32f10x_gpio.o(i.GPIO_EXTILineConfig)
    GPIO_Init                                0x080014e5   Thumb Code   278  stm32f10x_gpio.o(i.GPIO_Init)
    GPIO_ReadInputDataBit                    0x080015fb   Thumb Code    18  stm32f10x_gpio.o(i.GPIO_ReadInputDataBit)
    GPIO_ReadOutputDataBit                   0x0800160d   Thumb Code    18  stm32f10x_gpio.o(i.GPIO_ReadOutputDataBit)
    GPIO_ResetBits                           0x0800161f   Thumb Code     4  stm32f10x_gpio.o(i.GPIO_ResetBits)
    GPIO_SetBits                             0x08001623   Thumb Code     4  stm32f10x_gpio.o(i.GPIO_SetBits)
    HardFault_Handler                        0x08001627   Thumb Code     4  stm32f10x_it.o(i.HardFault_Handler)
    IINCHIP_READ                             0x0800162b   Thumb Code    50  w5500_conf.o(i.IINCHIP_READ)
    IINCHIP_SpiSendData                      0x0800165d   Thumb Code    12  w5500_conf.o(i.IINCHIP_SpiSendData)
    IINCHIP_WRITE                            0x08001669   Thumb Code    50  w5500_conf.o(i.IINCHIP_WRITE)
    ILI9341_BackLed_Control                  0x0800169d   Thumb Code    30  bsp_ili9341_lcd.o(i.ILI9341_BackLed_Control)
    ILI9341_Clear                            0x080016c1   Thumb Code    40  bsp_ili9341_lcd.o(i.ILI9341_Clear)
    ILI9341_DispChar_EN                      0x08001701   Thumb Code   138  bsp_ili9341_lcd.o(i.ILI9341_DispChar_EN)
    ILI9341_DispStringLine_EN                0x08001799   Thumb Code    92  bsp_ili9341_lcd.o(i.ILI9341_DispStringLine_EN)
    ILI9341_GramScan                         0x08001a19   Thumb Code   172  bsp_ili9341_lcd.o(i.ILI9341_GramScan)
    ILI9341_Init                             0x08001ad1   Thumb Code    86  bsp_ili9341_lcd.o(i.ILI9341_Init)
    ILI9341_OpenWindow                       0x08001b6d   Thumb Code    88  bsp_ili9341_lcd.o(i.ILI9341_OpenWindow)
    ILI9341_Rst                              0x08001df5   Thumb Code    36  bsp_ili9341_lcd.o(i.ILI9341_Rst)
    ILI9341_Write_Cmd                        0x08001e1d   Thumb Code     8  bsp_ili9341_lcd.o(i.ILI9341_Write_Cmd)
    ILI9341_Write_Data                       0x08001e25   Thumb Code     6  bsp_ili9341_lcd.o(i.ILI9341_Write_Data)
    IWDG_Config                              0x08001e31   Thumb Code    36  bsp_iwdg.o(i.IWDG_Config)
    IWDG_Enable                              0x08001e55   Thumb Code    10  stm32f10x_iwdg.o(i.IWDG_Enable)
    IWDG_Feed                                0x08001e65   Thumb Code     8  bsp_iwdg.o(i.IWDG_Feed)
    IWDG_ReloadCounter                       0x08001e6d   Thumb Code    10  stm32f10x_iwdg.o(i.IWDG_ReloadCounter)
    IWDG_SetPrescaler                        0x08001e7d   Thumb Code     6  stm32f10x_iwdg.o(i.IWDG_SetPrescaler)
    IWDG_SetReload                           0x08001e89   Thumb Code     6  stm32f10x_iwdg.o(i.IWDG_SetReload)
    IWDG_WriteAccessCmd                      0x08001e95   Thumb Code     6  stm32f10x_iwdg.o(i.IWDG_WriteAccessCmd)
    InitQueue                                0x08001ea1   Thumb Code    28  image.o(i.InitQueue)
    IsEmpty                                  0x08001ec9   Thumb Code    14  image.o(i.IsEmpty)
    IsFullQ                                  0x08001ed7   Thumb Code    16  image.o(i.IsFullQ)
    Key_Initial                              0x08001f35   Thumb Code    12  bsp_key.o(i.Key_Initial)
    LCD_GetFont                              0x08001f41   Thumb Code     6  bsp_ili9341_lcd.o(i.LCD_GetFont)
    LCD_SetColors                            0x08001f4d   Thumb Code    10  bsp_ili9341_lcd.o(i.LCD_SetColors)
    LCD_SetFont                              0x08001f61   Thumb Code     6  bsp_ili9341_lcd.o(i.LCD_SetFont)
    LED_Init                                 0x08001fc5   Thumb Code    32  bsp_led.o(i.LED_Init)
    MemManage_Handler                        0x08001fe9   Thumb Code     4  stm32f10x_it.o(i.MemManage_Handler)
    Mem_Clr                                  0x08001fed   Thumb Code    18  lib_mem.o(i.Mem_Clr)
    Mem_Init                                 0x08002001   Thumb Code    54  lib_mem.o(i.Mem_Init)
    Mem_Set                                  0x08002049   Thumb Code    98  lib_mem.o(i.Mem_Set)
    NMI_Handler                              0x080020ab   Thumb Code     2  stm32f10x_it.o(i.NMI_Handler)
    NVIC_Init                                0x080020ad   Thumb Code   100  misc.o(i.NVIC_Init)
    NVIC_PriorityGroupConfig                 0x0800211d   Thumb Code    10  misc.o(i.NVIC_PriorityGroupConfig)
    OSCfg_Init                               0x08002131   Thumb Code     2  os_cfg_app.o(i.OSCfg_Init)
    OSFlagCreate                             0x08002135   Thumb Code   210  os_flag.o(i.OSFlagCreate)
    OSFlagPend                               0x08002219   Thumb Code  1670  os_flag.o(i.OSFlagPend)
    OSFlagPost                               0x080028a9   Thumb Code   146  os_flag.o(i.OSFlagPost)
    OSIdleTaskHook                           0x08002945   Thumb Code    16  os_cpu_c.o(i.OSIdleTaskHook)
    OSInit                                   0x08002959   Thumb Code   276  os_core.o(i.OSInit)
    OSInitHook                               0x08002acd   Thumb Code    42  os_cpu_c.o(i.OSInitHook)
    OSIntEnter                               0x08002b05   Thumb Code    34  os_core.o(i.OSIntEnter)
    OSIntExit                                0x08002b31   Thumb Code   192  os_core.o(i.OSIntExit)
    OSSched                                  0x08002c15   Thumb Code   134  os_core.o(i.OSSched)
    OSSchedLock                              0x08002cbd   Thumb Code   112  os_core.o(i.OSSchedLock)
    OSSchedRoundRobinCfg                     0x08002d39   Thumb Code    96  os_core.o(i.OSSchedRoundRobinCfg)
    OSSchedUnlock                            0x08002da5   Thumb Code   148  os_core.o(i.OSSchedUnlock)
    OSStart                                  0x08002e45   Thumb Code    78  os_core.o(i.OSStart)
    OSStatReset                              0x08002ead   Thumb Code   222  os_stat.o(i.OSStatReset)
    OSStatTaskCPUUsageInit                   0x08002fb5   Thumb Code   228  os_stat.o(i.OSStatTaskCPUUsageInit)
    OSStatTaskHook                           0x080030b5   Thumb Code    16  os_cpu_c.o(i.OSStatTaskHook)
    OSTaskCreate                             0x080030c9   Thumb Code   624  os_task.o(i.OSTaskCreate)
    OSTaskCreateHook                         0x0800335d   Thumb Code    20  os_cpu_c.o(i.OSTaskCreateHook)
    OSTaskDel                                0x08003375   Thumb Code   490  os_task.o(i.OSTaskDel)
    OSTaskDelHook                            0x0800357d   Thumb Code    20  os_cpu_c.o(i.OSTaskDelHook)
    OSTaskResume                             0x08003595   Thumb Code   124  os_task.o(i.OSTaskResume)
    OSTaskReturnHook                         0x0800361d   Thumb Code    20  os_cpu_c.o(i.OSTaskReturnHook)
    OSTaskSemPend                            0x08003635   Thumb Code   578  os_task.o(i.OSTaskSemPend)
    OSTaskStkChk                             0x08003885   Thumb Code   220  os_task.o(i.OSTaskStkChk)
    OSTaskStkInit                            0x08003969   Thumb Code   188  os_cpu_c.o(i.OSTaskStkInit)
    OSTaskSuspend                            0x08003a29   Thumb Code    78  os_task.o(i.OSTaskSuspend)
    OSTaskSwHook                             0x08003a89   Thumb Code   146  os_cpu_c.o(i.OSTaskSwHook)
    OSTimeDly                                0x08003b2d   Thumb Code   322  os_time.o(i.OSTimeDly)
    OSTimeDlyHMSM                            0x08003c7d   Thumb Code   538  os_time.o(i.OSTimeDlyHMSM)
    OSTimeTick                               0x08003ea9   Thumb Code    54  os_time.o(i.OSTimeTick)
    OSTimeTickHook                           0x08003eed   Thumb Code    16  os_cpu_c.o(i.OSTimeTickHook)
    OS_CPU_SysTickHandler                    0x08003f01   Thumb Code    60  os_cpu_c.o(i.OS_CPU_SysTickHandler)
    OS_CPU_SysTickInit                       0x08003f41   Thumb Code    44  os_cpu_c.o(i.OS_CPU_SysTickInit)
    OS_Dbg_Init                              0x08003f71   Thumb Code   136  os_dbg.o(i.OS_Dbg_Init)
    OS_FlagBlock                             0x080040f9   Thumb Code    58  os_flag.o(i.OS_FlagBlock)
    OS_FlagDbgListAdd                        0x08004139   Thumb Code    38  os_flag.o(i.OS_FlagDbgListAdd)
    OS_FlagInit                              0x08004169   Thumb Code    14  os_flag.o(i.OS_FlagInit)
    OS_FlagPost                              0x08004181   Thumb Code   626  os_flag.o(i.OS_FlagPost)
    OS_FlagTaskRdy                           0x080043fd   Thumb Code    86  os_flag.o(i.OS_FlagTaskRdy)
    OS_IdleTask                              0x08004455   Thumb Code    68  os_core.o(i.OS_IdleTask)
    OS_IdleTaskInit                          0x080044a1   Thumb Code    66  os_core.o(i.OS_IdleTaskInit)
    OS_IntQPost                              0x08004511   Thumb Code   224  os_int.o(i.OS_IntQPost)
    OS_IntQRePost                            0x08004615   Thumb Code   318  os_int.o(i.OS_IntQRePost)
    OS_IntQTask                              0x08004791   Thumb Code   182  os_int.o(i.OS_IntQTask)
    OS_IntQTaskInit                          0x08004859   Thumb Code   206  os_int.o(i.OS_IntQTaskInit)
    OS_MemInit                               0x08004981   Thumb Code    14  os_mem.o(i.OS_MemInit)
    OS_MsgPoolInit                           0x08004999   Thumb Code   110  os_msg.o(i.OS_MsgPoolInit)
    OS_MsgQFreeAll                           0x08004a15   Thumb Code    62  os_msg.o(i.OS_MsgQFreeAll)
    OS_MsgQInit                              0x08004a59   Thumb Code    14  os_msg.o(i.OS_MsgQInit)
    OS_MsgQPut                               0x08004a69   Thumb Code   254  os_msg.o(i.OS_MsgQPut)
    OS_Pend                                  0x08004b6d   Thumb Code    98  os_core.o(i.OS_Pend)
    OS_PendDataInit                          0x08004bd5   Thumb Code    38  os_core.o(i.OS_PendDataInit)
    OS_PendDbgNameAdd                        0x08004bfd   Thumb Code    66  os_core.o(i.OS_PendDbgNameAdd)
    OS_PendDbgNameRemove                     0x08004c59   Thumb Code    30  os_core.o(i.OS_PendDbgNameRemove)
    OS_PendListInit                          0x08004c7d   Thumb Code    10  os_core.o(i.OS_PendListInit)
    OS_PendListInsertPrio                    0x08004c87   Thumb Code   102  os_core.o(i.OS_PendListInsertPrio)
    OS_PendListRemove                        0x08004ced   Thumb Code    48  os_core.o(i.OS_PendListRemove)
    OS_PendListRemove1                       0x08004d1d   Thumb Code    66  os_core.o(i.OS_PendListRemove1)
    OS_Post                                  0x08004d5f   Thumb Code   192  os_core.o(i.OS_Post)
    OS_Post1                                 0x08004e1f   Thumb Code    42  os_core.o(i.OS_Post1)
    OS_PrioGetHighest                        0x08004e49   Thumb Code    36  os_prio.o(i.OS_PrioGetHighest)
    OS_PrioInit                              0x08004e71   Thumb Code    20  os_prio.o(i.OS_PrioInit)
    OS_PrioInsert                            0x08004e89   Thumb Code    32  os_prio.o(i.OS_PrioInsert)
    OS_PrioRemove                            0x08004ead   Thumb Code    32  os_prio.o(i.OS_PrioRemove)
    OS_RdyListInit                           0x08004ed1   Thumb Code    32  os_core.o(i.OS_RdyListInit)
    OS_RdyListInsert                         0x08004ef5   Thumb Code    40  os_core.o(i.OS_RdyListInsert)
    OS_RdyListInsertHead                     0x08004f21   Thumb Code    58  os_core.o(i.OS_RdyListInsertHead)
    OS_RdyListInsertTail                     0x08004f61   Thumb Code    56  os_core.o(i.OS_RdyListInsertTail)
    OS_RdyListMoveHeadToTail                 0x08004f9d   Thumb Code    68  os_core.o(i.OS_RdyListMoveHeadToTail)
    OS_RdyListRemove                         0x08004fe1   Thumb Code    86  os_core.o(i.OS_RdyListRemove)
    OS_Sched0                                0x0800503d   Thumb Code    72  os_core.o(i.OS_Sched0)
    OS_SchedLockTimeMeasStart                0x08005099   Thumb Code    20  os_core.o(i.OS_SchedLockTimeMeasStart)
    OS_SchedLockTimeMeasStop                 0x080050b5   Thumb Code    44  os_core.o(i.OS_SchedLockTimeMeasStop)
    OS_SchedRoundRobin                       0x080050f1   Thumb Code   218  os_core.o(i.OS_SchedRoundRobin)
    OS_SemInit                               0x080051dd   Thumb Code    14  os_sem.o(i.OS_SemInit)
    OS_SemPost                               0x080051f5   Thumb Code   404  os_sem.o(i.OS_SemPost)
    OS_StatTask                              0x0800538d   Thumb Code   878  os_stat.o(i.OS_StatTask)
    OS_StatTaskInit                          0x08005745   Thumb Code   136  os_stat.o(i.OS_StatTaskInit)
    OS_TaskBlock                             0x08005811   Thumb Code    56  os_core.o(i.OS_TaskBlock)
    OS_TaskDbgListAdd                        0x08005849   Thumb Code    42  os_task.o(i.OS_TaskDbgListAdd)
    OS_TaskDbgListRemove                     0x08005879   Thumb Code    64  os_task.o(i.OS_TaskDbgListRemove)
    OS_TaskInit                              0x080058bd   Thumb Code    18  os_task.o(i.OS_TaskInit)
    OS_TaskInitTCB                           0x080058dd   Thumb Code   194  os_task.o(i.OS_TaskInitTCB)
    OS_TaskQPost                             0x080059ad   Thumb Code   606  os_task.o(i.OS_TaskQPost)
    OS_TaskRdy                               0x08005c19   Thumb Code    28  os_core.o(i.OS_TaskRdy)
    OS_TaskResume                            0x08005c35   Thumb Code   374  os_task.o(i.OS_TaskResume)
    OS_TaskReturn                            0x08005db1   Thumb Code    20  os_task.o(i.OS_TaskReturn)
    OS_TaskSemPost                           0x08005dc9   Thumb Code  1438  os_task.o(i.OS_TaskSemPost)
    OS_TaskSuspend                           0x08006371   Thumb Code   392  os_task.o(i.OS_TaskSuspend)
    OS_TickListInit                          0x08006501   Thumb Code    32  os_tick.o(i.OS_TickListInit)
    OS_TickListInsert                        0x08006529   Thumb Code   430  os_tick.o(i.OS_TickListInsert)
    OS_TickListRemove                        0x080066e5   Thumb Code    56  os_tick.o(i.OS_TickListRemove)
    OS_TickListResetPeak                     0x0800671d   Thumb Code    28  os_tick.o(i.OS_TickListResetPeak)
    OS_TickListUpdate                        0x08006741   Thumb Code   520  os_tick.o(i.OS_TickListUpdate)
    OS_TickTask                              0x08006961   Thumb Code    38  os_tick.o(i.OS_TickTask)
    OS_TickTaskInit                          0x0800698d   Thumb Code   128  os_tick.o(i.OS_TickTaskInit)
    OS_TmrInit                               0x08006a45   Thumb Code   206  os_tmr.o(i.OS_TmrInit)
    OS_TmrLink                               0x08006b6d   Thumb Code   196  os_tmr.o(i.OS_TmrLink)
    OS_TmrResetPeak                          0x08006c3d   Thumb Code    28  os_tmr.o(i.OS_TmrResetPeak)
    OS_TmrTask                               0x08006c61   Thumb Code   176  os_tmr.o(i.OS_TmrTask)
    OS_TmrUnlink                             0x08006d21   Thumb Code    72  os_tmr.o(i.OS_TmrUnlink)
    OV7725_Brightness                        0x08006d71   Thumb Code   104  bsp_ov7725.o(i.OV7725_Brightness)
    OV7725_Color_Saturation                  0x08006dd9   Thumb Code    46  bsp_ov7725.o(i.OV7725_Color_Saturation)
    OV7725_Contrast                          0x08006e07   Thumb Code    40  bsp_ov7725.o(i.OV7725_Contrast)
    OV7725_GPIO_Config                       0x08006e2f   Thumb Code    16  bsp_ov7725.o(i.OV7725_GPIO_Config)
    OV7725_Init                              0x08006e41   Thumb Code    96  bsp_ov7725.o(i.OV7725_Init)
    OV7725_Light_Mode                        0x08006ea9   Thumb Code   282  bsp_ov7725.o(i.OV7725_Light_Mode)
    OV7725_Special_Effect                    0x08006fc3   Thumb Code   196  bsp_ov7725.o(i.OV7725_Special_Effect)
    OV7725_Window_Set                        0x08007087   Thumb Code   232  bsp_ov7725.o(i.OV7725_Window_Set)
    RCC_AHBPeriphClockCmd                    0x08007171   Thumb Code    26  stm32f10x_rcc.o(i.RCC_AHBPeriphClockCmd)
    RCC_APB2PeriphClockCmd                   0x08007191   Thumb Code    26  stm32f10x_rcc.o(i.RCC_APB2PeriphClockCmd)
    RCC_GetClocksFreq                        0x080071b1   Thumb Code   192  stm32f10x_rcc.o(i.RCC_GetClocksFreq)
    SCCB_GPIO_Config                         0x080072bd   Thumb Code    60  bsp_sccb.o(i.SCCB_GPIO_Config)
    SCCB_ReadByte                            0x08007335   Thumb Code   122  bsp_sccb.o(i.SCCB_ReadByte)
    SCCB_WriteByte                           0x08007535   Thumb Code    64  bsp_sccb.o(i.SCCB_WriteByte)
    SPI_Cmd                                  0x08007585   Thumb Code    24  stm32f10x_spi.o(i.SPI_Cmd)
    SPI_I2S_GetFlagStatus                    0x0800759d   Thumb Code    18  stm32f10x_spi.o(i.SPI_I2S_GetFlagStatus)
    SPI_I2S_ReceiveData                      0x080075af   Thumb Code     6  stm32f10x_spi.o(i.SPI_I2S_ReceiveData)
    SPI_I2S_SendData                         0x080075b5   Thumb Code     4  stm32f10x_spi.o(i.SPI_I2S_SendData)
    SPI_Init                                 0x080075b9   Thumb Code    60  stm32f10x_spi.o(i.SPI_Init)
    SPI_SendByte                             0x080075f5   Thumb Code    50  w5500_conf.o(i.SPI_SendByte)
    SVC_Handler                              0x0800762d   Thumb Code     2  stm32f10x_it.o(i.SVC_Handler)
    SystemInit                               0x08007725   Thumb Code    78  system_stm32f10x.o(i.SystemInit)
    SystemReset                              0x08007785   Thumb Code    32  bsp.o(i.SystemReset)
    TIM2_IRQHandler                          0x080077ad   Thumb Code    26  stm32f10x_it.o(i.TIM2_IRQHandler)
    TIM_ClearITPendingBit                    0x080077c7   Thumb Code     6  stm32f10x_tim.o(i.TIM_ClearITPendingBit)
    TIM_GetITStatus                          0x080077cd   Thumb Code    34  stm32f10x_tim.o(i.TIM_GetITStatus)
    USART_Cmd                                0x080077ef   Thumb Code    24  stm32f10x_usart.o(i.USART_Cmd)
    USART_GetFlagStatus                      0x08007807   Thumb Code    26  stm32f10x_usart.o(i.USART_GetFlagStatus)
    USART_Init                               0x08007821   Thumb Code   210  stm32f10x_usart.o(i.USART_Init)
    USART_SendData                           0x080078f9   Thumb Code     8  stm32f10x_usart.o(i.USART_SendData)
    USARTx_Config                            0x08007901   Thumb Code   120  bsp_usart1.o(i.USARTx_Config)
    UsageFault_Handler                       0x08007981   Thumb Code     4  stm32f10x_it.o(i.UsageFault_Handler)
    W5500_Init                               0x08007a01   Thumb Code    88  w5500_conf.o(i.W5500_Init)
    __0printf                                0x08007b49   Thumb Code    22  printfa.o(i.__0printf)
    __1printf                                0x08007b49   Thumb Code     0  printfa.o(i.__0printf)
    __2printf                                0x08007b49   Thumb Code     0  printfa.o(i.__0printf)
    __c89printf                              0x08007b49   Thumb Code     0  printfa.o(i.__0printf)
    printf                                   0x08007b49   Thumb Code     0  printfa.o(i.__0printf)
    __scatterload_copy                       0x08007b69   Thumb Code    14  handlers.o(i.__scatterload_copy)
    __scatterload_null                       0x08007b77   Thumb Code     2  handlers.o(i.__scatterload_null)
    __scatterload_zeroinit                   0x08007b79   Thumb Code    14  handlers.o(i.__scatterload_zeroinit)
    close                                    0x0800841b   Thumb Code    52  socket.o(i.close)
    delay_ms                                 0x08008451   Thumb Code    56  utility.o(i.delay_ms)
    delay_us                                 0x0800848d   Thumb Code    56  utility.o(i.delay_us)
    ee_ReadBytes                             0x080084c9   Thumb Code   112  bsp_i2c_ee.o(i.ee_ReadBytes)
    ee_WriteBytes                            0x08008539   Thumb Code   126  bsp_i2c_ee.o(i.ee_WriteBytes)
    fputc                                    0x080085b9   Thumb Code    32  bsp_usart1.o(i.fputc)
    getGAR                                   0x080085dd   Thumb Code    16  w5500.o(i.getGAR)
    getIINCHIP_TxMAX                         0x080085ed   Thumb Code    10  w5500.o(i.getIINCHIP_TxMAX)
    getSIPR                                  0x080085fd   Thumb Code    18  w5500.o(i.getSIPR)
    getSUBR                                  0x0800860f   Thumb Code    18  w5500.o(i.getSUBR)
    getSn_IR                                 0x08008621   Thumb Code    18  w5500.o(i.getSn_IR)
    getSn_RX_RSR                             0x08008633   Thumb Code    84  w5500.o(i.getSn_RX_RSR)
    getSn_SR                                 0x08008687   Thumb Code    18  w5500.o(i.getSn_SR)
    gpio_for_w5500_config                    0x08008699   Thumb Code   236  w5500_conf.o(i.gpio_for_w5500_config)
    i2c_Ack                                  0x08008791   Thumb Code    44  bsp_i2c_gpio.o(i.i2c_Ack)
    i2c_CfgGpio                              0x080087c1   Thumb Code    42  bsp_i2c_gpio.o(i.i2c_CfgGpio)
    i2c_NAck                                 0x08008801   Thumb Code    36  bsp_i2c_gpio.o(i.i2c_NAck)
    i2c_ReadByte                             0x08008829   Thumb Code    62  bsp_i2c_gpio.o(i.i2c_ReadByte)
    i2c_SendByte                             0x0800886d   Thumb Code    80  bsp_i2c_gpio.o(i.i2c_SendByte)
    i2c_Start                                0x080088c1   Thumb Code    42  bsp_i2c_gpio.o(i.i2c_Start)
    i2c_Stop                                 0x080088f1   Thumb Code    28  bsp_i2c_gpio.o(i.i2c_Stop)
    i2c_WaitAck                              0x08008911   Thumb Code    56  bsp_i2c_gpio.o(i.i2c_WaitAck)
    iinchip_csoff                            0x0800894d   Thumb Code    10  w5500_conf.o(i.iinchip_csoff)
    iinchip_cson                             0x08008957   Thumb Code    10  w5500_conf.o(i.iinchip_cson)
    main                                     0x08008961   Thumb Code    68  app.o(i.main)
    read_config_from_eeprom                  0x080089c1   Thumb Code    20  w5500_conf.o(i.read_config_from_eeprom)
    recvfrom                                 0x080089d9   Thumb Code   486  socket.o(i.recvfrom)
    reset_w5500                              0x08008bd9   Thumb Code    34  w5500_conf.o(i.reset_w5500)
    send_data_processing                     0x08008c01   Thumb Code   116  w5500.o(i.send_data_processing)
    sendto                                   0x08008c95   Thumb Code   268  socket.o(i.sendto)
    setGAR                                   0x08008da1   Thumb Code    16  w5500.o(i.setGAR)
    setSHAR                                  0x08008db1   Thumb Code    18  w5500.o(i.setSHAR)
    setSIPR                                  0x08008dc3   Thumb Code    18  w5500.o(i.setSIPR)
    setSUBR                                  0x08008dd5   Thumb Code    18  w5500.o(i.setSUBR)
    setSn_IR                                 0x08008de7   Thumb Code    22  w5500.o(i.setSn_IR)
    set_w5500_ip                             0x08008dfd   Thumb Code   334  w5500_conf.o(i.set_w5500_ip)
    set_w5500_mac                            0x08009071   Thumb Code    32  w5500_conf.o(i.set_w5500_mac)
    socket                                   0x0800909d   Thumb Code   192  socket.o(i.socket)
    socket_buf_init                          0x08009161   Thumb Code   128  w5500.o(i.socket_buf_init)
    systick_init                             0x080091e9   Thumb Code    56  utility.o(i.systick_init)
    timer2_isr                               0x08009229   Thumb Code    46  w5500_conf.o(i.timer2_isr)
    wiz_cs                                   0x08009265   Thumb Code    30  w5500_conf.o(i.wiz_cs)
    wiz_read_buf                             0x08009289   Thumb Code    78  w5500_conf.o(i.wiz_read_buf)
    wiz_write_buf                            0x080092f1   Thumb Code    80  w5500_conf.o(i.wiz_write_buf)
    write_config_to_eeprom                   0x08009359   Thumb Code    22  w5500_conf.o(i.write_config_to_eeprom)
    ASCII8x16_Table                          0x08009374   Data        1520  fonts.o(.constdata)
    ASCII16x24_Table                         0x08009964   Data        4560  fonts.o(.constdata)
    ASCII24x32_Table                         0x0800ab34   Data        9120  fonts.o(.constdata)
    OSCfg_IdleTaskStkBasePtr                 0x0800ced4   Data           4  os_cfg_app.o(.constdata)
    OSCfg_IdleTaskStkLimit                   0x0800ced8   Data           4  os_cfg_app.o(.constdata)
    OSCfg_IdleTaskStkSize                    0x0800cedc   Data           4  os_cfg_app.o(.constdata)
    OSCfg_IdleTaskStkSizeRAM                 0x0800cee0   Data           4  os_cfg_app.o(.constdata)
    OSCfg_IntQBasePtr                        0x0800cee4   Data           4  os_cfg_app.o(.constdata)
    OSCfg_IntQSize                           0x0800cee8   Data           2  os_cfg_app.o(.constdata)
    OSCfg_IntQSizeRAM                        0x0800ceec   Data           4  os_cfg_app.o(.constdata)
    OSCfg_IntQTaskStkBasePtr                 0x0800cef0   Data           4  os_cfg_app.o(.constdata)
    OSCfg_IntQTaskStkLimit                   0x0800cef4   Data           4  os_cfg_app.o(.constdata)
    OSCfg_IntQTaskStkSize                    0x0800cef8   Data           4  os_cfg_app.o(.constdata)
    OSCfg_IntQTaskStkSizeRAM                 0x0800cefc   Data           4  os_cfg_app.o(.constdata)
    OSCfg_ISRStkBasePtr                      0x0800cf00   Data           4  os_cfg_app.o(.constdata)
    OSCfg_ISRStkSize                         0x0800cf04   Data           4  os_cfg_app.o(.constdata)
    OSCfg_ISRStkSizeRAM                      0x0800cf08   Data           4  os_cfg_app.o(.constdata)
    OSCfg_MsgPoolSize                        0x0800cf0c   Data           2  os_cfg_app.o(.constdata)
    OSCfg_MsgPoolSizeRAM                     0x0800cf10   Data           4  os_cfg_app.o(.constdata)
    OSCfg_MsgPoolBasePtr                     0x0800cf14   Data           4  os_cfg_app.o(.constdata)
    OSCfg_StatTaskPrio                       0x0800cf18   Data           1  os_cfg_app.o(.constdata)
    OSCfg_StatTaskRate_Hz                    0x0800cf1c   Data           4  os_cfg_app.o(.constdata)
    OSCfg_StatTaskStkBasePtr                 0x0800cf20   Data           4  os_cfg_app.o(.constdata)
    OSCfg_StatTaskStkLimit                   0x0800cf24   Data           4  os_cfg_app.o(.constdata)
    OSCfg_StatTaskStkSize                    0x0800cf28   Data           4  os_cfg_app.o(.constdata)
    OSCfg_StatTaskStkSizeRAM                 0x0800cf2c   Data           4  os_cfg_app.o(.constdata)
    OSCfg_StkSizeMin                         0x0800cf30   Data           4  os_cfg_app.o(.constdata)
    OSCfg_TickRate_Hz                        0x0800cf34   Data           4  os_cfg_app.o(.constdata)
    OSCfg_TickTaskPrio                       0x0800cf38   Data           1  os_cfg_app.o(.constdata)
    OSCfg_TickTaskStkBasePtr                 0x0800cf3c   Data           4  os_cfg_app.o(.constdata)
    OSCfg_TickTaskStkLimit                   0x0800cf40   Data           4  os_cfg_app.o(.constdata)
    OSCfg_TickTaskStkSize                    0x0800cf44   Data           4  os_cfg_app.o(.constdata)
    OSCfg_TickTaskStkSizeRAM                 0x0800cf48   Data           4  os_cfg_app.o(.constdata)
    OSCfg_TickWheelSize                      0x0800cf4c   Data           2  os_cfg_app.o(.constdata)
    OSCfg_TickWheelSizeRAM                   0x0800cf50   Data           4  os_cfg_app.o(.constdata)
    OSCfg_TmrTaskPrio                        0x0800cf54   Data           1  os_cfg_app.o(.constdata)
    OSCfg_TmrTaskRate_Hz                     0x0800cf58   Data           4  os_cfg_app.o(.constdata)
    OSCfg_TmrTaskStkBasePtr                  0x0800cf5c   Data           4  os_cfg_app.o(.constdata)
    OSCfg_TmrTaskStkLimit                    0x0800cf60   Data           4  os_cfg_app.o(.constdata)
    OSCfg_TmrTaskStkSize                     0x0800cf64   Data           4  os_cfg_app.o(.constdata)
    OSCfg_TmrTaskStkSizeRAM                  0x0800cf68   Data           4  os_cfg_app.o(.constdata)
    OSCfg_TmrWheelSize                       0x0800cf6c   Data           2  os_cfg_app.o(.constdata)
    OSCfg_TmrWheelSizeRAM                    0x0800cf70   Data           4  os_cfg_app.o(.constdata)
    OSCfg_DataSizeRAM                        0x0800cf74   Data           4  os_cfg_app.o(.constdata)
    OSDbg_DbgEn                              0x0800cf78   Data           1  os_dbg.o(.constdata)
    OSDbg_ArgChkEn                           0x0800cf79   Data           1  os_dbg.o(.constdata)
    OSDbg_AppHooksEn                         0x0800cf7a   Data           1  os_dbg.o(.constdata)
    OSDbg_EndiannessTest                     0x0800cf7c   Data           4  os_dbg.o(.constdata)
    OSDbg_CalledFromISRChkEn                 0x0800cf80   Data           1  os_dbg.o(.constdata)
    OSDbg_FlagEn                             0x0800cf81   Data           1  os_dbg.o(.constdata)
    OSDbg_FlagGrp                            0x0800cf84   Data          40  os_dbg.o(.constdata)
    OSDbg_FlagDelEn                          0x0800cfac   Data           1  os_dbg.o(.constdata)
    OSDbg_FlagModeClrEn                      0x0800cfad   Data           1  os_dbg.o(.constdata)
    OSDbg_FlagPendAbortEn                    0x0800cfae   Data           1  os_dbg.o(.constdata)
    OSDbg_FlagGrpSize                        0x0800cfb0   Data           2  os_dbg.o(.constdata)
    OSDbg_FlagWidth                          0x0800cfb2   Data           2  os_dbg.o(.constdata)
    OSDbg_IntQ                               0x0800cfb4   Data           2  os_dbg.o(.constdata)
    OSDbg_ISRPostDeferredEn                  0x0800cfb6   Data           1  os_dbg.o(.constdata)
    OSDbg_Mem                                0x0800cfb8   Data          32  os_dbg.o(.constdata)
    OSDbg_MemEn                              0x0800cfd8   Data           1  os_dbg.o(.constdata)
    OSDbg_MemSize                            0x0800cfda   Data           2  os_dbg.o(.constdata)
    OSDbg_MsgEn                              0x0800cfdc   Data           1  os_dbg.o(.constdata)
    OSDbg_MsgSize                            0x0800cfde   Data           2  os_dbg.o(.constdata)
    OSDbg_MsgPoolSize                        0x0800cfe0   Data           2  os_dbg.o(.constdata)
    OSDbg_MsgQSize                           0x0800cfe2   Data           2  os_dbg.o(.constdata)
    OSDbg_Mutex                              0x0800cfe4   Data          44  os_dbg.o(.constdata)
    OSDbg_MutexEn                            0x0800d010   Data           1  os_dbg.o(.constdata)
    OSDbg_MutexDelEn                         0x0800d011   Data           1  os_dbg.o(.constdata)
    OSDbg_MutexPendAbortEn                   0x0800d012   Data           1  os_dbg.o(.constdata)
    OSDbg_MutexSize                          0x0800d014   Data           2  os_dbg.o(.constdata)
    OSDbg_ObjTypeChkEn                       0x0800d016   Data           1  os_dbg.o(.constdata)
    OSDbg_PendMultiEn                        0x0800d017   Data           1  os_dbg.o(.constdata)
    OSDbg_PendDataSize                       0x0800d018   Data           2  os_dbg.o(.constdata)
    OSDbg_PendListSize                       0x0800d01a   Data           2  os_dbg.o(.constdata)
    OSDbg_PendObjSize                        0x0800d01c   Data           2  os_dbg.o(.constdata)
    OSDbg_PrioMax                            0x0800d01e   Data           2  os_dbg.o(.constdata)
    OSDbg_PrioTblSize                        0x0800d020   Data           2  os_dbg.o(.constdata)
    OSDbg_PtrSize                            0x0800d022   Data           2  os_dbg.o(.constdata)
    OSDbg_Q                                  0x0800d024   Data          48  os_dbg.o(.constdata)
    OSDbg_QEn                                0x0800d054   Data           1  os_dbg.o(.constdata)
    OSDbg_QDelEn                             0x0800d055   Data           1  os_dbg.o(.constdata)
    OSDbg_QFlushEn                           0x0800d056   Data           1  os_dbg.o(.constdata)
    OSDbg_QPendAbortEn                       0x0800d057   Data           1  os_dbg.o(.constdata)
    OSDbg_QSize                              0x0800d058   Data           2  os_dbg.o(.constdata)
    OSDbg_SchedRoundRobinEn                  0x0800d05a   Data           1  os_dbg.o(.constdata)
    OSDbg_Sem                                0x0800d05c   Data          40  os_dbg.o(.constdata)
    OSDbg_SemEn                              0x0800d084   Data           1  os_dbg.o(.constdata)
    OSDbg_SemDelEn                           0x0800d085   Data           1  os_dbg.o(.constdata)
    OSDbg_SemPendAbortEn                     0x0800d086   Data           1  os_dbg.o(.constdata)
    OSDbg_SemSetEn                           0x0800d087   Data           1  os_dbg.o(.constdata)
    OSDbg_SemSize                            0x0800d088   Data           2  os_dbg.o(.constdata)
    OSDbg_RdyList                            0x0800d08a   Data           2  os_dbg.o(.constdata)
    OSDbg_RdyListSize                        0x0800d08c   Data           4  os_dbg.o(.constdata)
    OSDbg_StkWidth                           0x0800d090   Data           1  os_dbg.o(.constdata)
    OSDbg_StatTaskEn                         0x0800d091   Data           1  os_dbg.o(.constdata)
    OSDbg_StatTaskStkChkEn                   0x0800d092   Data           1  os_dbg.o(.constdata)
    OSDbg_TaskChangePrioEn                   0x0800d093   Data           1  os_dbg.o(.constdata)
    OSDbg_TaskDelEn                          0x0800d094   Data           1  os_dbg.o(.constdata)
    OSDbg_TaskQEn                            0x0800d095   Data           1  os_dbg.o(.constdata)
    OSDbg_TaskQPendAbortEn                   0x0800d096   Data           1  os_dbg.o(.constdata)
    OSDbg_TaskProfileEn                      0x0800d097   Data           1  os_dbg.o(.constdata)
    OSDbg_TaskRegTblSize                     0x0800d098   Data           2  os_dbg.o(.constdata)
    OSDbg_TaskSemPendAbortEn                 0x0800d09a   Data           1  os_dbg.o(.constdata)
    OSDbg_TaskSuspendEn                      0x0800d09b   Data           1  os_dbg.o(.constdata)
    OSDbg_TCBSize                            0x0800d09c   Data           2  os_dbg.o(.constdata)
    OSDbg_TickSpokeSize                      0x0800d09e   Data           2  os_dbg.o(.constdata)
    OSDbg_TimeDlyHMSMEn                      0x0800d0a0   Data           1  os_dbg.o(.constdata)
    OSDbg_TimeDlyResumeEn                    0x0800d0a1   Data           1  os_dbg.o(.constdata)
    OSDbg_TLS_TblSize                        0x0800d0a2   Data           2  os_dbg.o(.constdata)
    OSDbg_Tmr                                0x0800d0a4   Data          52  os_dbg.o(.constdata)
    OSDbg_TmrEn                              0x0800d0d8   Data           1  os_dbg.o(.constdata)
    OSDbg_TmrDelEn                           0x0800d0d9   Data           1  os_dbg.o(.constdata)
    OSDbg_TmrSize                            0x0800d0da   Data           2  os_dbg.o(.constdata)
    OSDbg_TmrSpokeSize                       0x0800d0dc   Data           2  os_dbg.o(.constdata)
    OSDbg_VersionNbr                         0x0800d0de   Data           2  os_dbg.o(.constdata)
    OSDbg_DataSize                           0x0800d0e0   Data           4  os_dbg.o(.constdata)
    Region$$Table$$Base                      0x0800d0e4   Number         0  anon$$obj.o(Region$$Table)
    Region$$Table$$Limit                     0x0800d104   Number         0  anon$$obj.o(Region$$Table)
    transfer_falg                            0x20000014   Data           1  app.o(.data)
    temp_Q                                   0x20000015   Data           3  app.o(.data)
    Q                                        0x20000018   Data           4  app.o(.data)
    Font8x16                                 0x2000001c   Data           8  fonts.o(.data)
    Font16x24                                0x20000024   Data           8  fonts.o(.data)
    Font24x32                                0x2000002c   Data           8  fonts.o(.data)
    LCD_X_LENGTH                             0x20000034   Data           2  bsp_ili9341_lcd.o(.data)
    LCD_Y_LENGTH                             0x20000036   Data           2  bsp_ili9341_lcd.o(.data)
    LCD_SCAN_MODE                            0x20000038   Data           1  bsp_ili9341_lcd.o(.data)
    cam_mode                                 0x20000044   Data          20  bsp_ov7725.o(.data)
    Sensor_Config                            0x20000058   Data         154  bsp_ov7725.o(.data)
    OV7725_REG_NUM                           0x200000f2   Data           1  bsp_ov7725.o(.data)
    Ov7725_vsync                             0x200000f3   Data           1  bsp_ov7725.o(.data)
    txsize                                   0x200000f8   Data           8  w5500.o(.data)
    rxsize                                   0x20000100   Data           8  w5500.o(.data)
    mac                                      0x20000108   Data           6  w5500_conf.o(.data)
    local_ip                                 0x2000010e   Data           4  w5500_conf.o(.data)
    subnet                                   0x20000112   Data           4  w5500_conf.o(.data)
    gateway                                  0x20000116   Data           4  w5500_conf.o(.data)
    dns_server                               0x2000011a   Data           4  w5500_conf.o(.data)
    local_port                               0x2000011e   Data           2  w5500_conf.o(.data)
    remote_ip                                0x20000120   Data           4  w5500_conf.o(.data)
    remote_port                              0x20000124   Data           2  w5500_conf.o(.data)
    remote_port2                             0x20000126   Data           2  w5500_conf.o(.data)
    ip_from                                  0x20000128   Data           1  w5500_conf.o(.data)
    dhcp_ok                                  0x20000129   Data           1  w5500_conf.o(.data)
    ms                                       0x2000012c   Data           4  w5500_conf.o(.data)
    dhcp_time                                0x20000130   Data           4  w5500_conf.o(.data)
    ntptimer                                 0x20000134   Data           1  w5500_conf.o(.data)
    CPU_TS_TmrFreq_Hz                        0x20000138   Data           4  cpu_core.o(.data)
    CPU_IntDisMeasCtr                        0x2000013c   Data           2  cpu_core.o(.data)
    CPU_IntDisNestCtr                        0x2000013e   Data           2  cpu_core.o(.data)
    CPU_IntDisMeasStart_cnts                 0x20000140   Data           4  cpu_core.o(.data)
    CPU_IntDisMeasStop_cnts                  0x20000144   Data           4  cpu_core.o(.data)
    CPU_IntDisMeasOvrhd_cnts                 0x20000148   Data           4  cpu_core.o(.data)
    CPU_IntDisMeasMaxCur_cnts                0x2000014c   Data           4  cpu_core.o(.data)
    CPU_IntDisMeasMax_cnts                   0x20000150   Data           4  cpu_core.o(.data)
    Mem_PoolTbl                              0x20000154   Data           4  lib_mem.o(.data)
    OSPrioTbl                                0x20000158   Data           4  os_prio.o(.data)
    OS_AppTaskCreateHookPtr                  0x2000015c   Data           4  os_var.o(.data)
    OS_AppTaskDelHookPtr                     0x20000160   Data           4  os_var.o(.data)
    OS_AppTaskReturnHookPtr                  0x20000164   Data           4  os_var.o(.data)
    OS_AppIdleTaskHookPtr                    0x20000168   Data           4  os_var.o(.data)
    OS_AppStatTaskHookPtr                    0x2000016c   Data           4  os_var.o(.data)
    OS_AppTaskSwHookPtr                      0x20000170   Data           4  os_var.o(.data)
    OS_AppTimeTickHookPtr                    0x20000174   Data           4  os_var.o(.data)
    OSIdleTaskCtr                            0x20000178   Data           4  os_var.o(.data)
    OSIntNestingCtr                          0x2000017c   Data           1  os_var.o(.data)
    OSIntDisTimeMax                          0x20000180   Data           4  os_var.o(.data)
    OSRunning                                0x20000184   Data           1  os_var.o(.data)
    OSIntQInPtr                              0x20000188   Data           4  os_var.o(.data)
    OSIntQOutPtr                             0x2000018c   Data           4  os_var.o(.data)
    OSIntQNbrEntries                         0x20000190   Data           2  os_var.o(.data)
    OSIntQNbrEntriesMax                      0x20000192   Data           2  os_var.o(.data)
    OSIntQOvfCtr                             0x20000194   Data           2  os_var.o(.data)
    OSIntQTaskTimeMax                        0x20000198   Data           4  os_var.o(.data)
    OSFlagDbgListPtr                         0x2000019c   Data           4  os_var.o(.data)
    OSFlagQty                                0x200001a0   Data           2  os_var.o(.data)
    OSMemDbgListPtr                          0x200001a4   Data           4  os_var.o(.data)
    OSMemQty                                 0x200001a8   Data           2  os_var.o(.data)
    OSPrioCur                                0x200001aa   Data           1  os_var.o(.data)
    OSPrioHighRdy                            0x200001ab   Data           1  os_var.o(.data)
    OSPrioSaved                              0x200001ac   Data           1  os_var.o(.data)
    OSSchedLockTimeBegin                     0x200001b0   Data           4  os_var.o(.data)
    OSSchedLockTimeMax                       0x200001b4   Data           4  os_var.o(.data)
    OSSchedLockTimeMaxCur                    0x200001b8   Data           4  os_var.o(.data)
    OSSchedLockNestingCtr                    0x200001bc   Data           1  os_var.o(.data)
    OSSchedRoundRobinDfltTimeQuanta          0x200001c0   Data           4  os_var.o(.data)
    OSSchedRoundRobinEn                      0x200001c4   Data           1  os_var.o(.data)
    OSSemDbgListPtr                          0x200001c8   Data           4  os_var.o(.data)
    OSSemQty                                 0x200001cc   Data           2  os_var.o(.data)
    OSStatResetFlag                          0x200001ce   Data           1  os_var.o(.data)
    OSStatTaskCPUUsage                       0x200001d0   Data           2  os_var.o(.data)
    OSStatTaskCPUUsageMax                    0x200001d2   Data           2  os_var.o(.data)
    OSStatTaskCtr                            0x200001d4   Data           4  os_var.o(.data)
    OSStatTaskCtrMax                         0x200001d8   Data           4  os_var.o(.data)
    OSStatTaskCtrRun                         0x200001dc   Data           4  os_var.o(.data)
    OSStatTaskRdy                            0x200001e0   Data           1  os_var.o(.data)
    OSStatTaskTimeMax                        0x200001e4   Data           4  os_var.o(.data)
    OSTaskCtxSwCtr                           0x200001e8   Data           4  os_var.o(.data)
    OSTaskDbgListPtr                         0x200001ec   Data           4  os_var.o(.data)
    OSTaskQty                                0x200001f0   Data           2  os_var.o(.data)
    OSTaskRegNextAvailID                     0x200001f2   Data           1  os_var.o(.data)
    OSTickCtr                                0x200001f4   Data           4  os_var.o(.data)
    OSTickTaskTimeMax                        0x200001f8   Data           4  os_var.o(.data)
    OSTmrDbgListPtr                          0x200001fc   Data           4  os_var.o(.data)
    OSTmrQty                                 0x20000200   Data           2  os_var.o(.data)
    OSTmrTaskTimeMax                         0x20000204   Data           4  os_var.o(.data)
    OSTmrTickCtr                             0x20000208   Data           4  os_var.o(.data)
    OSTmrUpdateCnt                           0x2000020c   Data           4  os_var.o(.data)
    OSTmrUpdateCtr                           0x20000210   Data           4  os_var.o(.data)
    OSTCBCurPtr                              0x20000214   Data           4  os_var.o(.data)
    OSTCBHighRdyPtr                          0x20000218   Data           4  os_var.o(.data)
    OS_CPU_ExceptStkBase                     0x2000021c   Data           4  os_cpu_c.o(.data)
    __stdout                                 0x20000220   Data           4  stdout.o(.data)
    watchDogFlag                             0x20000224   Data          40  app.o(.bss)
    picture_data                             0x2000024c   Data        5120  app.o(.bss)
    DHCP_GET                                 0x200036fc   Data          22  dhcp.o(.bss)
    EXTERN_DHCPBUF                           0x20003712   Data        1024  dhcp.o(.bss)
    SSIZE                                    0x20003b12   Data          16  w5500.o(.bss)
    RSIZE                                    0x20003b22   Data          16  w5500.o(.bss)
    ConfigMsg                                0x20003b32   Data          28  w5500_conf.o(.bss)
    EEPROM_MSG                               0x20003b4e   Data          18  w5500_conf.o(.bss)
    CPU_Name                                 0x20003b60   Data          16  cpu_core.o(.bss)
    Mem_PoolHeap                             0x20003b70   Data          72  lib_mem.o(.bss)
    Mem_Heap                                 0x20003bb8   Data       27648  lib_mem.o(.bss)
    OSCfg_IdleTaskStk                        0x2000a7b8   Data         512  os_cfg_app.o(.bss)
    OSCfg_IntQ                               0x2000a9b8   Data         320  os_cfg_app.o(.bss)
    OSCfg_IntQTaskStk                        0x2000aaf8   Data         512  os_cfg_app.o(.bss)
    OSCfg_ISRStk                             0x2000acf8   Data         512  os_cfg_app.o(.bss)
    OSCfg_MsgPool                            0x2000aef8   Data        1600  os_cfg_app.o(.bss)
    OSCfg_StatTaskStk                        0x2000b538   Data         512  os_cfg_app.o(.bss)
    OSCfg_TickTaskStk                        0x2000b738   Data         512  os_cfg_app.o(.bss)
    OSCfg_TickWheel                          0x2000b938   Data         136  os_cfg_app.o(.bss)
    OSCfg_TmrTaskStk                         0x2000b9c0   Data         512  os_cfg_app.o(.bss)
    OSCfg_TmrWheel                           0x2000bbc0   Data         136  os_cfg_app.o(.bss)
    OSIdleTaskTCB                            0x2000bc48   Data         200  os_var.o(.bss)
    OSIntQTaskTCB                            0x2000bd10   Data         200  os_var.o(.bss)
    OSMsgPool                                0x2000bdd8   Data          12  os_var.o(.bss)
    OSRdyList                                0x2000bde4   Data         384  os_var.o(.bss)
    OSStatTaskTCB                            0x2000bf64   Data         200  os_var.o(.bss)
    OSTickTaskTCB                            0x2000c02c   Data         200  os_var.o(.bss)
    OSTmrTaskTCB                             0x2000c0f4   Data         200  os_var.o(.bss)
    __initial_sp                             0x2000c5c0   Data           0  startup_stm32f10x_hd.o(STACK)



==============================================================================

Memory Map of the image

  Image Entry point : 0x08000131

  Load Region LR_IROM1 (Base: 0x08000000, Size: 0x0000d328, Max: 0x00080000, ABSOLUTE, COMPRESSED[0x0000d20c])

    Execution Region ER_IROM1 (Base: 0x08000000, Size: 0x0000d104, Max: 0x00080000, ABSOLUTE)

    Base Addr    Size         Type   Attr      Idx    E Section Name        Object

    0x08000000   0x00000130   Data   RO            3    RESET               startup_stm32f10x_hd.o
    0x08000130   0x00000000   Code   RO         6563  * .ARM.Collect$$$$00000000  mc_w.l(entry.o)
    0x08000130   0x00000004   Code   RO         6845    .ARM.Collect$$$$00000001  mc_w.l(entry2.o)
    0x08000134   0x00000004   Code   RO         6848    .ARM.Collect$$$$00000004  mc_w.l(entry5.o)
    0x08000138   0x00000000   Code   RO         6850    .ARM.Collect$$$$00000008  mc_w.l(entry7b.o)
    0x08000138   0x00000000   Code   RO         6852    .ARM.Collect$$$$0000000A  mc_w.l(entry8b.o)
    0x08000138   0x00000008   Code   RO         6853    .ARM.Collect$$$$0000000B  mc_w.l(entry9a.o)
    0x08000140   0x00000000   Code   RO         6855    .ARM.Collect$$$$0000000D  mc_w.l(entry10a.o)
    0x08000140   0x00000000   Code   RO         6857    .ARM.Collect$$$$0000000F  mc_w.l(entry11a.o)
    0x08000140   0x00000004   Code   RO         6846    .ARM.Collect$$$$00002712  mc_w.l(entry2.o)
    0x08000144   0x00000024   Code   RO            4    .text               startup_stm32f10x_hd.o
    0x08000168   0x00000034   Code   RO         5003    .text               cpu_a.o
    0x0800019c   0x0000002c   Code   RO         6860    .text               mc_w.l(uidiv.o)
    0x080001c8   0x00000062   Code   RO         6862    .text               mc_w.l(uldiv.o)
    0x0800022a   0x00000000   Code   RO         6864    .text               mc_w.l(iusefp.o)
    0x0800022a   0x0000014e   Code   RO         6865    .text               mf_w.l(dadd.o)
    0x08000378   0x000000e4   Code   RO         6867    .text               mf_w.l(dmul.o)
    0x0800045c   0x000000de   Code   RO         6869    .text               mf_w.l(ddiv.o)
    0x0800053a   0x00000030   Code   RO         6871    .text               mf_w.l(dfixul.o)
    0x0800056a   0x00000002   PAD
    0x0800056c   0x00000030   Code   RO         6873    .text               mf_w.l(cdrcmple.o)
    0x0800059c   0x00000024   Code   RO         6875    .text               mc_w.l(init.o)
    0x080005c0   0x0000001e   Code   RO         6877    .text               mc_w.l(llshl.o)
    0x080005de   0x00000020   Code   RO         6879    .text               mc_w.l(llushr.o)
    0x080005fe   0x00000024   Code   RO         6881    .text               mc_w.l(llsshr.o)
    0x08000622   0x000000ba   Code   RO         6883    .text               mf_w.l(depilogue.o)
    0x080006dc   0x00000056   Code   RO         6893    .text               mc_w.l(__dczerorl2.o)
    0x08000732   0x00000002   PAD
    0x08000734   0x00000084   Code   RO         6482    CODE                os_cpu_a.o
    0x080007b8   0x000000b0   Code   RO         3299    i.APPTaskControlSend  app.o
    0x08000868   0x00000174   Code   RO         3300    i.AppTaskOV7725     app.o
    0x080009dc   0x000000e4   Code   RO         3301    i.AppTaskReciveData  app.o
    0x08000ac0   0x00000090   Code   RO         3302    i.AppTaskSendPicture  app.o
    0x08000b50   0x0000021c   Code   RO         3303    i.AppTaskStart      app.o
    0x08000d6c   0x00000040   Code   RO         3304    i.AppTaskWatchDog   app.o
    0x08000dac   0x00000010   Code   RO         3491    i.BSP_CPU_ClkFreq   bsp.o
    0x08000dbc   0x0000001c   Code   RO         3492    i.BSP_Init          bsp.o
    0x08000dd8   0x00000004   Code   RO         3108    i.BusFault_Handler  stm32f10x_it.o
    0x08000ddc   0x00000010   Code   RO         4839    i.CPU_Init          cpu_core.o
    0x08000dec   0x00000084   Code   RO         4840    i.CPU_IntDisMeasInit  cpu_core.o
    0x08000e70   0x0000001c   Code   RO         4841    i.CPU_IntDisMeasMaxCalc  cpu_core.o
    0x08000e8c   0x0000002c   Code   RO         4842    i.CPU_IntDisMeasMaxCurGet  cpu_core.o
    0x08000eb8   0x0000002c   Code   RO         4843    i.CPU_IntDisMeasMaxCurReset  cpu_core.o
    0x08000ee4   0x0000002c   Code   RO         4844    i.CPU_IntDisMeasMaxGet  cpu_core.o
    0x08000f10   0x00000034   Code   RO         4845    i.CPU_IntDisMeasStart  cpu_core.o
    0x08000f44   0x00000054   Code   RO         4846    i.CPU_IntDisMeasStop  cpu_core.o
    0x08000f98   0x00000038   Code   RO         4847    i.CPU_NameClr       cpu_core.o
    0x08000fd0   0x00000008   Code   RO         4849    i.CPU_NameInit      cpu_core.o
    0x08000fd8   0x00000014   Code   RO         4853    i.CPU_TS_Init       cpu_core.o
    0x08000fec   0x0000000c   Code   RO         4855    i.CPU_TS_TmrFreqSet  cpu_core.o
    0x08000ff8   0x00000034   Code   RO         3493    i.CPU_TS_TmrInit    bsp.o
    0x0800102c   0x0000000c   Code   RO         3494    i.CPU_TS_TmrRd      bsp.o
    0x08001038   0x00000130   Code   RO         3826    i.Camera_Init       bsp_ov7725.o
    0x08001168   0x00000024   Code   RO         4764    i.DeQueue           image.o
    0x0800118c   0x00000002   Code   RO         3109    i.DebugMon_Handler  stm32f10x_it.o
    0x0800118e   0x00000002   PAD
    0x08001190   0x00000064   Code   RO         3110    i.EXTI3_IRQHandler  stm32f10x_it.o
    0x080011f4   0x0000000c   Code   RO          939    i.EXTI_ClearITPendingBit  stm32f10x_exti.o
    0x08001200   0x00000010   Code   RO          941    i.EXTI_GenerateSWInterrupt  stm32f10x_exti.o
    0x08001210   0x00000028   Code   RO          943    i.EXTI_GetITStatus  stm32f10x_exti.o
    0x08001238   0x00000094   Code   RO          944    i.EXTI_Init         stm32f10x_exti.o
    0x080012cc   0x00000022   Code   RO         4765    i.EnQueue           image.o
    0x080012ee   0x00000002   PAD
    0x080012f0   0x00000098   Code   RO         3827    i.FIFO_GPIO_Config  bsp_ov7725.o
    0x08001388   0x00000034   Code   RO         1177    i.FSMC_NORSRAMCmd   stm32f10x_fsmc.o
    0x080013bc   0x000000e6   Code   RO         1179    i.FSMC_NORSRAMInit  stm32f10x_fsmc.o
    0x080014a2   0x00000002   PAD
    0x080014a4   0x00000040   Code   RO         1289    i.GPIO_EXTILineConfig  stm32f10x_gpio.o
    0x080014e4   0x00000116   Code   RO         1292    i.GPIO_Init         stm32f10x_gpio.o
    0x080015fa   0x00000012   Code   RO         1296    i.GPIO_ReadInputDataBit  stm32f10x_gpio.o
    0x0800160c   0x00000012   Code   RO         1298    i.GPIO_ReadOutputDataBit  stm32f10x_gpio.o
    0x0800161e   0x00000004   Code   RO         1299    i.GPIO_ResetBits    stm32f10x_gpio.o
    0x08001622   0x00000004   Code   RO         1300    i.GPIO_SetBits      stm32f10x_gpio.o
    0x08001626   0x00000004   Code   RO         3111    i.HardFault_Handler  stm32f10x_it.o
    0x0800162a   0x00000032   Code   RO         4477    i.IINCHIP_READ      w5500_conf.o
    0x0800165c   0x0000000c   Code   RO         4478    i.IINCHIP_SpiSendData  w5500_conf.o
    0x08001668   0x00000032   Code   RO         4479    i.IINCHIP_WRITE     w5500_conf.o
    0x0800169a   0x00000002   PAD
    0x0800169c   0x00000024   Code   RO         3629    i.ILI9341_BackLed_Control  bsp_ili9341_lcd.o
    0x080016c0   0x0000002c   Code   RO         3630    i.ILI9341_Clear     bsp_ili9341_lcd.o
    0x080016ec   0x00000012   Code   RO         3631    i.ILI9341_Delay     bsp_ili9341_lcd.o
    0x080016fe   0x00000002   PAD
    0x08001700   0x00000098   Code   RO         3632    i.ILI9341_DispChar_EN  bsp_ili9341_lcd.o
    0x08001798   0x00000068   Code   RO         3633    i.ILI9341_DispStringLine_EN  bsp_ili9341_lcd.o
    0x08001800   0x0000005e   Code   RO         3639    i.ILI9341_FSMC_Config  bsp_ili9341_lcd.o
    0x0800185e   0x00000020   Code   RO         3640    i.ILI9341_FillColor  bsp_ili9341_lcd.o
    0x0800187e   0x00000002   PAD
    0x08001880   0x00000198   Code   RO         3641    i.ILI9341_GPIO_Config  bsp_ili9341_lcd.o
    0x08001a18   0x000000b8   Code   RO         3643    i.ILI9341_GramScan  bsp_ili9341_lcd.o
    0x08001ad0   0x0000009c   Code   RO         3644    i.ILI9341_Init      bsp_ili9341_lcd.o
    0x08001b6c   0x00000058   Code   RO         3645    i.ILI9341_OpenWindow  bsp_ili9341_lcd.o
    0x08001bc4   0x00000230   Code   RO         3646    i.ILI9341_REG_Config  bsp_ili9341_lcd.o
    0x08001df4   0x00000028   Code   RO         3649    i.ILI9341_Rst       bsp_ili9341_lcd.o
    0x08001e1c   0x00000008   Code   RO         3652    i.ILI9341_Write_Cmd  bsp_ili9341_lcd.o
    0x08001e24   0x0000000c   Code   RO         3653    i.ILI9341_Write_Data  bsp_ili9341_lcd.o
    0x08001e30   0x00000024   Code   RO         4813    i.IWDG_Config       bsp_iwdg.o
    0x08001e54   0x00000010   Code   RO         1604    i.IWDG_Enable       stm32f10x_iwdg.o
    0x08001e64   0x00000008   Code   RO         4814    i.IWDG_Feed         bsp_iwdg.o
    0x08001e6c   0x00000010   Code   RO         1606    i.IWDG_ReloadCounter  stm32f10x_iwdg.o
    0x08001e7c   0x0000000c   Code   RO         1607    i.IWDG_SetPrescaler  stm32f10x_iwdg.o
    0x08001e88   0x0000000c   Code   RO         1608    i.IWDG_SetReload    stm32f10x_iwdg.o
    0x08001e94   0x0000000c   Code   RO         1609    i.IWDG_WriteAccessCmd  stm32f10x_iwdg.o
    0x08001ea0   0x00000028   Code   RO         4766    i.InitQueue         image.o
    0x08001ec8   0x0000000e   Code   RO         4767    i.IsEmpty           image.o
    0x08001ed6   0x00000010   Code   RO         4768    i.IsFullQ           image.o
    0x08001ee6   0x00000002   PAD
    0x08001ee8   0x00000024   Code   RO         3537    i.Key1_Config       bsp_key.o
    0x08001f0c   0x00000028   Code   RO         3538    i.Key2_Config       bsp_key.o
    0x08001f34   0x0000000c   Code   RO         3539    i.Key_Initial       bsp_key.o
    0x08001f40   0x0000000c   Code   RO         3656    i.LCD_GetFont       bsp_ili9341_lcd.o
    0x08001f4c   0x00000014   Code   RO         3658    i.LCD_SetColors     bsp_ili9341_lcd.o
    0x08001f60   0x0000000c   Code   RO         3659    i.LCD_SetFont       bsp_ili9341_lcd.o
    0x08001f6c   0x00000058   Code   RO         3571    i.LED_GPIO_Config   bsp_led.o
    0x08001fc4   0x00000024   Code   RO         3572    i.LED_Init          bsp_led.o
    0x08001fe8   0x00000004   Code   RO         3112    i.MemManage_Handler  stm32f10x_it.o
    0x08001fec   0x00000012   Code   RO         5195    i.Mem_Clr           lib_mem.o
    0x08001ffe   0x00000002   PAD
    0x08002000   0x00000048   Code   RO         5199    i.Mem_Init          lib_mem.o
    0x08002048   0x00000062   Code   RO         5212    i.Mem_Set           lib_mem.o
    0x080020aa   0x00000002   Code   RO         3113    i.NMI_Handler       stm32f10x_it.o
    0x080020ac   0x00000070   Code   RO          137    i.NVIC_Init         misc.o
    0x0800211c   0x00000014   Code   RO          138    i.NVIC_PriorityGroupConfig  misc.o
    0x08002130   0x00000002   Code   RO         5469    i.OSCfg_Init        os_cfg_app.o
    0x08002132   0x00000002   PAD
    0x08002134   0x000000e4   Code   RO         5753    i.OSFlagCreate      os_flag.o
    0x08002218   0x00000690   Code   RO         5755    i.OSFlagPend        os_flag.o
    0x080028a8   0x0000009c   Code   RO         5758    i.OSFlagPost        os_flag.o
    0x08002944   0x00000014   Code   RO         6485    i.OSIdleTaskHook    os_cpu_c.o
    0x08002958   0x00000174   Code   RO         5492    i.OSInit            os_core.o
    0x08002acc   0x00000038   Code   RO         6486    i.OSInitHook        os_cpu_c.o
    0x08002b04   0x0000002c   Code   RO         5493    i.OSIntEnter        os_core.o
    0x08002b30   0x000000e4   Code   RO         5494    i.OSIntExit         os_core.o
    0x08002c14   0x000000a8   Code   RO         5495    i.OSSched           os_core.o
    0x08002cbc   0x0000007c   Code   RO         5496    i.OSSchedLock       os_core.o
    0x08002d38   0x0000006c   Code   RO         5497    i.OSSchedRoundRobinCfg  os_core.o
    0x08002da4   0x000000a0   Code   RO         5499    i.OSSchedUnlock     os_core.o
    0x08002e44   0x00000068   Code   RO         5500    i.OSStart           os_core.o
    0x08002eac   0x00000108   Code   RO         6090    i.OSStatReset       os_stat.o
    0x08002fb4   0x00000100   Code   RO         6091    i.OSStatTaskCPUUsageInit  os_stat.o
    0x080030b4   0x00000014   Code   RO         6487    i.OSStatTaskHook    os_cpu_c.o
    0x080030c8   0x00000294   Code   RO         6121    i.OSTaskCreate      os_task.o
    0x0800335c   0x00000018   Code   RO         6488    i.OSTaskCreateHook  os_cpu_c.o
    0x08003374   0x00000208   Code   RO         6122    i.OSTaskDel         os_task.o
    0x0800357c   0x00000018   Code   RO         6489    i.OSTaskDelHook     os_cpu_c.o
    0x08003594   0x00000088   Code   RO         6130    i.OSTaskResume      os_task.o
    0x0800361c   0x00000018   Code   RO         6490    i.OSTaskReturnHook  os_cpu_c.o
    0x08003634   0x00000250   Code   RO         6131    i.OSTaskSemPend     os_task.o
    0x08003884   0x000000e4   Code   RO         6135    i.OSTaskStkChk      os_task.o
    0x08003968   0x000000c0   Code   RO         6491    i.OSTaskStkInit     os_cpu_c.o
    0x08003a28   0x00000060   Code   RO         6136    i.OSTaskSuspend     os_task.o
    0x08003a88   0x000000a4   Code   RO         6492    i.OSTaskSwHook      os_cpu_c.o
    0x08003b2c   0x00000150   Code   RO         6336    i.OSTimeDly         os_time.o
    0x08003c7c   0x0000022c   Code   RO         6337    i.OSTimeDlyHMSM     os_time.o
    0x08003ea8   0x00000044   Code   RO         6341    i.OSTimeTick        os_time.o
    0x08003eec   0x00000014   Code   RO         6493    i.OSTimeTickHook    os_cpu_c.o
    0x08003f00   0x00000040   Code   RO         6494    i.OS_CPU_SysTickHandler  os_cpu_c.o
    0x08003f40   0x00000030   Code   RO         6495    i.OS_CPU_SysTickInit  os_cpu_c.o
    0x08003f70   0x00000188   Code   RO         5738    i.OS_Dbg_Init       os_dbg.o
    0x080040f8   0x00000040   Code   RO         5759    i.OS_FlagBlock      os_flag.o
    0x08004138   0x00000030   Code   RO         5761    i.OS_FlagDbgListAdd  os_flag.o
    0x08004168   0x00000018   Code   RO         5763    i.OS_FlagInit       os_flag.o
    0x08004180   0x0000027c   Code   RO         5764    i.OS_FlagPost       os_flag.o
    0x080043fc   0x00000056   Code   RO         5765    i.OS_FlagTaskRdy    os_flag.o
    0x08004452   0x00000002   PAD
    0x08004454   0x0000004c   Code   RO         5502    i.OS_IdleTask       os_core.o
    0x080044a0   0x00000070   Code   RO         5503    i.OS_IdleTaskInit   os_core.o
    0x08004510   0x00000104   Code   RO         5837    i.OS_IntQPost       os_int.o
    0x08004614   0x0000017c   Code   RO         5838    i.OS_IntQRePost     os_int.o
    0x08004790   0x000000c8   Code   RO         5839    i.OS_IntQTask       os_int.o
    0x08004858   0x00000128   Code   RO         5840    i.OS_IntQTaskInit   os_int.o
    0x08004980   0x00000018   Code   RO         5871    i.OS_MemInit        os_mem.o
    0x08004998   0x0000007c   Code   RO         5903    i.OS_MsgPoolInit    os_msg.o
    0x08004a14   0x00000044   Code   RO         5904    i.OS_MsgQFreeAll    os_msg.o
    0x08004a58   0x0000000e   Code   RO         5906    i.OS_MsgQInit       os_msg.o
    0x08004a66   0x00000002   PAD
    0x08004a68   0x00000104   Code   RO         5907    i.OS_MsgQPut        os_msg.o
    0x08004b6c   0x00000068   Code   RO         5504    i.OS_Pend           os_core.o
    0x08004bd4   0x00000026   Code   RO         5507    i.OS_PendDataInit   os_core.o
    0x08004bfa   0x00000002   PAD
    0x08004bfc   0x0000005c   Code   RO         5508    i.OS_PendDbgNameAdd  os_core.o
    0x08004c58   0x00000024   Code   RO         5509    i.OS_PendDbgNameRemove  os_core.o
    0x08004c7c   0x0000000a   Code   RO         5511    i.OS_PendListInit   os_core.o
    0x08004c86   0x00000066   Code   RO         5513    i.OS_PendListInsertPrio  os_core.o
    0x08004cec   0x00000030   Code   RO         5514    i.OS_PendListRemove  os_core.o
    0x08004d1c   0x00000042   Code   RO         5515    i.OS_PendListRemove1  os_core.o
    0x08004d5e   0x000000c0   Code   RO         5518    i.OS_Post           os_core.o
    0x08004e1e   0x0000002a   Code   RO         5519    i.OS_Post1          os_core.o
    0x08004e48   0x00000028   Code   RO         5975    i.OS_PrioGetHighest  os_prio.o
    0x08004e70   0x00000018   Code   RO         5976    i.OS_PrioInit       os_prio.o
    0x08004e88   0x00000024   Code   RO         5977    i.OS_PrioInsert     os_prio.o
    0x08004eac   0x00000024   Code   RO         5978    i.OS_PrioRemove     os_prio.o
    0x08004ed0   0x00000024   Code   RO         5520    i.OS_RdyListInit    os_core.o
    0x08004ef4   0x0000002c   Code   RO         5521    i.OS_RdyListInsert  os_core.o
    0x08004f20   0x00000040   Code   RO         5522    i.OS_RdyListInsertHead  os_core.o
    0x08004f60   0x0000003c   Code   RO         5523    i.OS_RdyListInsertTail  os_core.o
    0x08004f9c   0x00000044   Code   RO         5524    i.OS_RdyListMoveHeadToTail  os_core.o
    0x08004fe0   0x0000005c   Code   RO         5525    i.OS_RdyListRemove  os_core.o
    0x0800503c   0x0000005c   Code   RO         5526    i.OS_Sched0         os_core.o
    0x08005098   0x0000001c   Code   RO         5527    i.OS_SchedLockTimeMeasStart  os_core.o
    0x080050b4   0x0000003c   Code   RO         5528    i.OS_SchedLockTimeMeasStop  os_core.o
    0x080050f0   0x000000ec   Code   RO         5529    i.OS_SchedRoundRobin  os_core.o
    0x080051dc   0x00000018   Code   RO         6027    i.OS_SemInit        os_sem.o
    0x080051f4   0x00000198   Code   RO         6028    i.OS_SemPost        os_sem.o
    0x0800538c   0x000003b8   Code   RO         6092    i.OS_StatTask       os_stat.o
    0x08005744   0x000000cc   Code   RO         6093    i.OS_StatTaskInit   os_stat.o
    0x08005810   0x00000038   Code   RO         5530    i.OS_TaskBlock      os_core.o
    0x08005848   0x00000030   Code   RO         6138    i.OS_TaskDbgListAdd  os_task.o
    0x08005878   0x00000044   Code   RO         6139    i.OS_TaskDbgListRemove  os_task.o
    0x080058bc   0x00000020   Code   RO         6140    i.OS_TaskInit       os_task.o
    0x080058dc   0x000000d0   Code   RO         6141    i.OS_TaskInitTCB    os_task.o
    0x080059ac   0x0000026c   Code   RO         6142    i.OS_TaskQPost      os_task.o
    0x08005c18   0x0000001c   Code   RO         5531    i.OS_TaskRdy        os_core.o
    0x08005c34   0x0000017c   Code   RO         6143    i.OS_TaskResume     os_task.o
    0x08005db0   0x00000018   Code   RO         6144    i.OS_TaskReturn     os_task.o
    0x08005dc8   0x000005a8   Code   RO         6145    i.OS_TaskSemPost    os_task.o
    0x08006370   0x00000190   Code   RO         6146    i.OS_TaskSuspend    os_task.o
    0x08006500   0x00000028   Code   RO         6288    i.OS_TickListInit   os_tick.o
    0x08006528   0x000001bc   Code   RO         6289    i.OS_TickListInsert  os_tick.o
    0x080066e4   0x00000038   Code   RO         6290    i.OS_TickListRemove  os_tick.o
    0x0800671c   0x00000024   Code   RO         6291    i.OS_TickListResetPeak  os_tick.o
    0x08006740   0x00000220   Code   RO         6292    i.OS_TickListUpdate  os_tick.o
    0x08006960   0x0000002c   Code   RO         6293    i.OS_TickTask       os_tick.o
    0x0800698c   0x000000b8   Code   RO         6294    i.OS_TickTaskInit   os_tick.o
    0x08006a44   0x00000128   Code   RO         6387    i.OS_TmrInit        os_tmr.o
    0x08006b6c   0x000000d0   Code   RO         6388    i.OS_TmrLink        os_tmr.o
    0x08006c3c   0x00000024   Code   RO         6389    i.OS_TmrResetPeak   os_tmr.o
    0x08006c60   0x000000c0   Code   RO         6390    i.OS_TmrTask        os_tmr.o
    0x08006d20   0x00000050   Code   RO         6391    i.OS_TmrUnlink      os_tmr.o
    0x08006d70   0x00000068   Code   RO         3829    i.OV7725_Brightness  bsp_ov7725.o
    0x08006dd8   0x0000002e   Code   RO         3830    i.OV7725_Color_Saturation  bsp_ov7725.o
    0x08006e06   0x00000028   Code   RO         3831    i.OV7725_Contrast   bsp_ov7725.o
    0x08006e2e   0x00000010   Code   RO         3832    i.OV7725_GPIO_Config  bsp_ov7725.o
    0x08006e3e   0x00000002   PAD
    0x08006e40   0x00000068   Code   RO         3833    i.OV7725_Init       bsp_ov7725.o
    0x08006ea8   0x0000011a   Code   RO         3834    i.OV7725_Light_Mode  bsp_ov7725.o
    0x08006fc2   0x000000c4   Code   RO         3835    i.OV7725_Special_Effect  bsp_ov7725.o
    0x08007086   0x000000e8   Code   RO         3836    i.OV7725_Window_Set  bsp_ov7725.o
    0x0800716e   0x00000002   PAD
    0x08007170   0x00000020   Code   RO         1707    i.RCC_AHBPeriphClockCmd  stm32f10x_rcc.o
    0x08007190   0x00000020   Code   RO         1710    i.RCC_APB2PeriphClockCmd  stm32f10x_rcc.o
    0x080071b0   0x000000d4   Code   RO         1718    i.RCC_GetClocksFreq  stm32f10x_rcc.o
    0x08007284   0x00000038   Code   RO         3917    i.SCCB_Ack          bsp_sccb.o
    0x080072bc   0x00000040   Code   RO         3918    i.SCCB_GPIO_Config  bsp_sccb.o
    0x080072fc   0x00000038   Code   RO         3919    i.SCCB_NoAck        bsp_sccb.o
    0x08007334   0x0000007a   Code   RO         3920    i.SCCB_ReadByte     bsp_sccb.o
    0x080073ae   0x00000002   PAD
    0x080073b0   0x00000054   Code   RO         3921    i.SCCB_ReceiveByte  bsp_sccb.o
    0x08007404   0x00000058   Code   RO         3922    i.SCCB_SendByte     bsp_sccb.o
    0x0800745c   0x00000054   Code   RO         3923    i.SCCB_Start        bsp_sccb.o
    0x080074b0   0x00000038   Code   RO         3924    i.SCCB_Stop         bsp_sccb.o
    0x080074e8   0x0000004c   Code   RO         3925    i.SCCB_WaitAck      bsp_sccb.o
    0x08007534   0x00000040   Code   RO         3926    i.SCCB_WriteByte    bsp_sccb.o
    0x08007574   0x00000010   Code   RO         3927    i.SCCB_delay        bsp_sccb.o
    0x08007584   0x00000018   Code   RO         2187    i.SPI_Cmd           stm32f10x_spi.o
    0x0800759c   0x00000012   Code   RO         2195    i.SPI_I2S_GetFlagStatus  stm32f10x_spi.o
    0x080075ae   0x00000006   Code   RO         2198    i.SPI_I2S_ReceiveData  stm32f10x_spi.o
    0x080075b4   0x00000004   Code   RO         2199    i.SPI_I2S_SendData  stm32f10x_spi.o
    0x080075b8   0x0000003c   Code   RO         2200    i.SPI_Init          stm32f10x_spi.o
    0x080075f4   0x00000038   Code   RO         4480    i.SPI_SendByte      w5500_conf.o
    0x0800762c   0x00000002   Code   RO         3115    i.SVC_Handler       stm32f10x_it.o
    0x0800762e   0x0000000c   Code   RO         4769    i.Scc               image.o
    0x0800763a   0x00000008   Code   RO           24    i.SetSysClock       system_stm32f10x.o
    0x08007642   0x00000002   PAD
    0x08007644   0x000000e0   Code   RO           25    i.SetSysClockTo72   system_stm32f10x.o
    0x08007724   0x00000060   Code   RO           27    i.SystemInit        system_stm32f10x.o
    0x08007784   0x00000028   Code   RO         3495    i.SystemReset       bsp.o
    0x080077ac   0x0000001a   Code   RO         3117    i.TIM2_IRQHandler   stm32f10x_it.o
    0x080077c6   0x00000006   Code   RO         2337    i.TIM_ClearITPendingBit  stm32f10x_tim.o
    0x080077cc   0x00000022   Code   RO         2363    i.TIM_GetITStatus   stm32f10x_tim.o
    0x080077ee   0x00000018   Code   RO         2878    i.USART_Cmd         stm32f10x_usart.o
    0x08007806   0x0000001a   Code   RO         2881    i.USART_GetFlagStatus  stm32f10x_usart.o
    0x08007820   0x000000d8   Code   RO         2885    i.USART_Init        stm32f10x_usart.o
    0x080078f8   0x00000008   Code   RO         2895    i.USART_SendData    stm32f10x_usart.o
    0x08007900   0x00000080   Code   RO         3588    i.USARTx_Config     bsp_usart1.o
    0x08007980   0x00000004   Code   RO         3118    i.UsageFault_Handler  stm32f10x_it.o
    0x08007984   0x0000007c   Code   RO         3838    i.VSYNC_GPIO_Config  bsp_ov7725.o
    0x08007a00   0x00000148   Code   RO         4481    i.W5500_Init        w5500_conf.o
    0x08007b48   0x00000020   Code   RO         6817    i.__0printf         mc_w.l(printfa.o)
    0x08007b68   0x0000000e   Code   RO         6887    i.__scatterload_copy  mc_w.l(handlers.o)
    0x08007b76   0x00000002   Code   RO         6888    i.__scatterload_null  mc_w.l(handlers.o)
    0x08007b78   0x0000000e   Code   RO         6889    i.__scatterload_zeroinit  mc_w.l(handlers.o)
    0x08007b86   0x00000002   PAD
    0x08007b88   0x00000164   Code   RO         6824    i._fp_digits        mc_w.l(printfa.o)
    0x08007cec   0x000006dc   Code   RO         6825    i._printf_core      mc_w.l(printfa.o)
    0x080083c8   0x00000024   Code   RO         6826    i._printf_post_padding  mc_w.l(printfa.o)
    0x080083ec   0x0000002e   Code   RO         6827    i._printf_pre_padding  mc_w.l(printfa.o)
    0x0800841a   0x00000034   Code   RO         4082    i.close             socket.o
    0x0800844e   0x00000002   PAD
    0x08008450   0x0000003c   Code   RO         4155    i.delay_ms          utility.o
    0x0800848c   0x0000003c   Code   RO         4157    i.delay_us          utility.o
    0x080084c8   0x00000070   Code   RO         4658    i.ee_ReadBytes      bsp_i2c_ee.o
    0x08008538   0x0000007e   Code   RO         4660    i.ee_WriteBytes     bsp_i2c_ee.o
    0x080085b6   0x00000002   PAD
    0x080085b8   0x00000024   Code   RO         3590    i.fputc             bsp_usart1.o
    0x080085dc   0x00000010   Code   RO         4302    i.getGAR            w5500.o
    0x080085ec   0x00000010   Code   RO         4304    i.getIINCHIP_TxMAX  w5500.o
    0x080085fc   0x00000012   Code   RO         4307    i.getSIPR           w5500.o
    0x0800860e   0x00000012   Code   RO         4308    i.getSUBR           w5500.o
    0x08008620   0x00000012   Code   RO         4309    i.getSn_IR          w5500.o
    0x08008632   0x00000054   Code   RO         4310    i.getSn_RX_RSR      w5500.o
    0x08008686   0x00000012   Code   RO         4311    i.getSn_SR          w5500.o
    0x08008698   0x000000f8   Code   RO         4483    i.gpio_for_w5500_config  w5500_conf.o
    0x08008790   0x00000030   Code   RO         4699    i.i2c_Ack           bsp_i2c_gpio.o
    0x080087c0   0x00000030   Code   RO         4700    i.i2c_CfgGpio       bsp_i2c_gpio.o
    0x080087f0   0x0000000e   Code   RO         4702    i.i2c_Delay         bsp_i2c_gpio.o
    0x080087fe   0x00000002   PAD
    0x08008800   0x00000028   Code   RO         4703    i.i2c_NAck          bsp_i2c_gpio.o
    0x08008828   0x00000044   Code   RO         4704    i.i2c_ReadByte      bsp_i2c_gpio.o
    0x0800886c   0x00000054   Code   RO         4705    i.i2c_SendByte      bsp_i2c_gpio.o
    0x080088c0   0x00000030   Code   RO         4706    i.i2c_Start         bsp_i2c_gpio.o
    0x080088f0   0x00000020   Code   RO         4707    i.i2c_Stop          bsp_i2c_gpio.o
    0x08008910   0x0000003c   Code   RO         4708    i.i2c_WaitAck       bsp_i2c_gpio.o
    0x0800894c   0x0000000a   Code   RO         4484    i.iinchip_csoff     w5500_conf.o
    0x08008956   0x0000000a   Code   RO         4485    i.iinchip_cson      w5500_conf.o
    0x08008960   0x00000060   Code   RO         3305    i.main              app.o
    0x080089c0   0x00000018   Code   RO         4487    i.read_config_from_eeprom  w5500_conf.o
    0x080089d8   0x00000200   Code   RO         4087    i.recvfrom          socket.o
    0x08008bd8   0x00000028   Code   RO         4489    i.reset_w5500       w5500_conf.o
    0x08008c00   0x00000094   Code   RO         4315    i.send_data_processing  w5500.o
    0x08008c94   0x0000010c   Code   RO         4089    i.sendto            socket.o
    0x08008da0   0x00000010   Code   RO         4316    i.setGAR            w5500.o
    0x08008db0   0x00000012   Code   RO         4320    i.setSHAR           w5500.o
    0x08008dc2   0x00000012   Code   RO         4321    i.setSIPR           w5500.o
    0x08008dd4   0x00000012   Code   RO         4322    i.setSUBR           w5500.o
    0x08008de6   0x00000016   Code   RO         4323    i.setSn_IR          w5500.o
    0x08008dfc   0x00000274   Code   RO         4490    i.set_w5500_ip      w5500_conf.o
    0x08009070   0x0000002c   Code   RO         4491    i.set_w5500_mac     w5500_conf.o
    0x0800909c   0x000000c4   Code   RO         4090    i.socket            socket.o
    0x08009160   0x00000088   Code   RO         4326    i.socket_buf_init   w5500.o
    0x080091e8   0x00000040   Code   RO         4170    i.systick_init      utility.o
    0x08009228   0x0000003c   Code   RO         4493    i.timer2_isr        w5500_conf.o
    0x08009264   0x00000024   Code   RO         4494    i.wiz_cs            w5500_conf.o
    0x08009288   0x00000068   Code   RO         4495    i.wiz_read_buf      w5500_conf.o
    0x080092f0   0x00000068   Code   RO         4496    i.wiz_write_buf     w5500_conf.o
    0x08009358   0x0000001c   Code   RO         4497    i.write_config_to_eeprom  w5500_conf.o
    0x08009374   0x00003b60   Data   RO         3616    .constdata          fonts.o
    0x0800ced4   0x000000a4   Data   RO         5471    .constdata          os_cfg_app.o
    0x0800cf78   0x0000016c   Data   RO         5739    .constdata          os_dbg.o
    0x0800d0e4   0x00000020   Data   RO         6885    Region$$Table       anon$$obj.o


    Execution Region RW_IRAM1 (Base: 0x20000000, Size: 0x0000c5c0, Max: 0x00010000, ABSOLUTE, COMPRESSED[0x00000108])

    Base Addr    Size         Type   Attr      Idx    E Section Name        Object

    0x20000000   0x00000014   Data   RW         1738    .data               stm32f10x_rcc.o
    0x20000014   0x00000008   Data   RW         3307    .data               app.o
    0x2000001c   0x00000018   Data   RW         3617    .data               fonts.o
    0x20000034   0x00000010   Data   RW         3661    .data               bsp_ili9341_lcd.o
    0x20000044   0x000000b0   Data   RW         3839    .data               bsp_ov7725.o
    0x200000f4   0x00000004   Data   RW         4174    .data               utility.o
    0x200000f8   0x00000010   Data   RW         4328    .data               w5500.o
    0x20000108   0x0000002d   Data   RW         4499    .data               w5500_conf.o
    0x20000135   0x00000003   PAD
    0x20000138   0x0000001c   Data   RW         4859    .data               cpu_core.o
    0x20000154   0x00000004   Data   RW         5214    .data               lib_mem.o
    0x20000158   0x00000004   Data   RW         5979    .data               os_prio.o
    0x2000015c   0x000000c0   Data   RW         6469    .data               os_var.o
    0x2000021c   0x00000004   Data   RW         6496    .data               os_cpu_c.o
    0x20000220   0x00000004   Data   RW         6859    .data               mc_w.l(stdout.o)
    0x20000224   0x000034d8   Zero   RW         3306    .bss                app.o
    0x200036fc   0x00000416   Zero   RW         3992    .bss                dhcp.o
    0x20003b12   0x00000020   Zero   RW         4327    .bss                w5500.o
    0x20003b32   0x0000002e   Zero   RW         4498    .bss                w5500_conf.o
    0x20003b60   0x00000010   Zero   RW         4857    .bss                cpu_core.o
    0x20003b70   0x00006c48   Zero   RW         5213    .bss                lib_mem.o
    0x2000a7b8   0x00001490   Zero   RW         5470    .bss                os_cfg_app.o
    0x2000bc48   0x00000574   Zero   RW         6468    .bss                os_var.o
    0x2000c1bc   0x00000004   PAD
    0x2000c1c0   0x00000400   Zero   RW            1    STACK               startup_stm32f10x_hd.o


==============================================================================

Image component sizes


      Code (inc. data)   RO Data    RW Data    ZI Data      Debug   Object Name

      1620        352          0          8      13528      41905   app.o
       148         22          0          0          0       2403   bsp.o
       238          0          0          0          0       2223   bsp_i2c_ee.o
       442         38          0          0          0       4790   bsp_i2c_gpio.o
      1980        164          0         16          0      11720   bsp_ili9341_lcd.o
        44          0          0          0          0       1042   bsp_iwdg.o
        88         10          0          0          0       1414   bsp_key.o
       124         10          0          0          0        975   bsp_led.o
      1600        180          0        176          0       7842   bsp_ov7725.o
       766         34          0          0          0       6388   bsp_sccb.o
       164         12          0          0          0       2448   bsp_usart1.o
         0          0          0          0          0       4508   core_cm3.o
        52          0          0          0          0        352   cpu_a.o
       540         98          0         28         16      16409   cpu_core.o
         0          0          0          0       1046       5262   dhcp.o
         0          0      15200         24          0       1389   fonts.o
       152         12          0          0          0       4021   image.o
       188         18          0          4      27720      13587   lib_mem.o
       132         22          0          0          0       1567   misc.o
         2          0        164          0       5264      20816   os_cfg_app.o
      3090        424          0          0          0      21094   os_core.o
       132         32          0          0          0        396   os_cpu_a.o
       656         68          0          4          0       8177   os_cpu_c.o
       392        256        364          0          0       4805   os_dbg.o
      2922         98          0          0          0       8277   os_flag.o
      1136        206          0          0          0       3486   os_int.o
        24         10          0          0          0        873   os_mem.o
       466         26          0          0          0       3225   os_msg.o
       136         16          0          4          0       2826   os_prio.o
       432         14          0          0          0       2230   os_sem.o
      1676        212          0          0          0       3971   os_stat.o
      5460        260          0          0          0      13832   os_task.o
      1348        124          0          0          0       5465   os_tick.o
       960         46          0          0          0       3117   os_time.o
       812        134          0          0          0       4140   os_tmr.o
         0          0          0        192       1396      19323   os_var.o
      1028         30          0          0          0       3685   socket.o
        36          8        304          0       1024        884   startup_stm32f10x_hd.o
       216         22          0          0          0       2687   stm32f10x_exti.o
       282          6          0          0          0       1845   stm32f10x_fsmc.o
       386          4          0          0          0       4979   stm32f10x_gpio.o
       148         14          0          0          0      45976   stm32f10x_it.o
        68         30          0          0          0       2514   stm32f10x_iwdg.o
       276         32          0         20          0       4485   stm32f10x_rcc.o
       112          0          0          0          0       3898   stm32f10x_spi.o
        40          0          0          0          0       1790   stm32f10x_tim.o
       274          6          0          0          0       4072   stm32f10x_usart.o
       328         28          0          0          0     267561   system_stm32f10x.o
       184         16          0          4          0       1865   utility.o
       564         46          0         16         32       9504   w5500.o
      1832        650          0         45         46      13061   w5500_conf.o

    ----------------------------------------------------------------------
     33734       3790      16064        544      50076     625104   Object Totals
         0          0         32          0          0          0   (incl. Generated)
        38          0          0          3          4          0   (incl. Padding)

    ----------------------------------------------------------------------

      Code (inc. data)   RO Data    RW Data    ZI Data      Debug   Library Member Name

        86          0          0          0          0          0   __dczerorl2.o
         0          0          0          0          0          0   entry.o
         0          0          0          0          0          0   entry10a.o
         0          0          0          0          0          0   entry11a.o
         8          4          0          0          0          0   entry2.o
         4          0          0          0          0          0   entry5.o
         0          0          0          0          0          0   entry7b.o
         0          0          0          0          0          0   entry8b.o
         8          4          0          0          0          0   entry9a.o
        30          0          0          0          0          0   handlers.o
        36          8          0          0          0         68   init.o
         0          0          0          0          0          0   iusefp.o
        30          0          0          0          0         68   llshl.o
        36          0          0          0          0         68   llsshr.o
        32          0          0          0          0         68   llushr.o
      2226         90          0          0          0        444   printfa.o
         0          0          0          4          0          0   stdout.o
        44          0          0          0          0         80   uidiv.o
        98          0          0          0          0         92   uldiv.o
        48          0          0          0          0         68   cdrcmple.o
       334          0          0          0          0        148   dadd.o
       222          0          0          0          0        100   ddiv.o
       186          0          0          0          0        176   depilogue.o
        48          0          0          0          0         68   dfixul.o
       228          0          0          0          0         96   dmul.o

    ----------------------------------------------------------------------
      3710        106          0          4          0       1544   Library Totals
         6          0          0          0          0          0   (incl. Padding)

    ----------------------------------------------------------------------

      Code (inc. data)   RO Data    RW Data    ZI Data      Debug   Library Name

      2638        106          0          4          0        888   mc_w.l
      1066          0          0          0          0        656   mf_w.l

    ----------------------------------------------------------------------
      3710        106          0          4          0       1544   Library Totals

    ----------------------------------------------------------------------

==============================================================================


      Code (inc. data)   RO Data    RW Data    ZI Data      Debug   

     37444       3896      16064        548      50076     611852   Grand Totals
     37444       3896      16064        264      50076     611852   ELF Image Totals (compressed)
     37444       3896      16064        264          0          0   ROM Totals

==============================================================================

    Total RO  Size (Code + RO Data)                53508 (  52.25kB)
    Total RW  Size (RW Data + ZI Data)             50624 (  49.44kB)
    Total ROM Size (Code + RO Data + RW Data)      53772 (  52.51kB)

==============================================================================

