<html>
<body>
<pre>
<h1>µVision Build Log</h1>
<h2>Tool Versions:</h2>
IDE-Version: ¦ÌVision V5.20.0.0
Copyright (C) 2016 ARM Ltd and ARM Germany GmbH. All rights reserved.
License Information: lai jiatao, l, LIC=HN0AR-KQIJ6-MMM9I-T9CDS-LV2YV-4111G
 
Tool Versions:
Toolchain:       MDK-ARM Plus  Version: 5.20
Toolchain Path:  C:\Keil_v5\ARM\ARMCC\Bin
C Compiler:      Armcc.exe V5.06 update 2 (build 183)
Assembler:       Armasm.exe V5.06 update 2 (build 183)
Linker/Locator:  ArmLink.exe V5.06 update 2 (build 183)
Library Manager: ArmAr.exe V5.06 update 2 (build 183)
Hex Converter:   FromElf.exe V5.06 update 2 (build 183)
CPU DLL:         SARMCM3.DLL V5.20
Dialog DLL:      DCM.DLL V1.13.7.0
Target DLL:      CMSIS_AGDI.dll V1.25.20.0
Dialog DLL:      TCM.DLL V1.14.9.0
 
<h2>Project:</h2>
D:\Users\HOWU\Desktop\video_transmission\STM32\Project\RVMDK£¨uv5£©\Fire_uCOS.uvprojx
Project File Date:  10/30/2019

<h2>Output:</h2>
*** Using Compiler 'V5.06 update 2 (build 183)', folder: 'C:\Keil_v5\ARM\ARMCC\Bin'
Build target 'Fire_uCOS'
compiling stm32f10x_it.c...
compiling app.c...
..\..\User\APP\app.c(271): warning:  #177-D: variable "AckData" was declared but never referenced
  	uint8_t AckData[1] = { 0x01};
..\..\User\APP\app.c(273): warning:  #177-D: variable "buff" was declared but never referenced
  	uint8_t buff[1] = {0};
..\..\User\APP\app.c(320): warning:  #177-D: variable "AckData" was declared but never referenced
  	uint8_t AckData[1] = { 0x01};
..\..\User\APP\app.c: 3 warnings, 0 errors
compiling bsp.c...
compiling dhcp.c...
compiling socket.c...
compiling bsp_key.c...
compiling utility.c...
compiling w5500.c...
compiling w5500_conf.c...
compiling image.c...
..\..\User\BSP\Image\image.c(57): warning:  #177-D: variable "err" was declared but never referenced
  	OS_ERR  err;
..\..\User\BSP\Image\image.c: 1 warning, 0 errors
linking...
Program Size: Code=33680 RO-data=16064 RW-data=536 ZI-data=51096  
".\Objects\ISO-STM32.axf" - 0 Error(s), 4 Warning(s).

<h2>Collection of Component include folders:</h2>
  D:\Users\HOWU\Desktop\video_transmission\STM32\Project\RVMDK£¨uv5£©\RTE
  C:\Keil_v5\ARM\PACK\Keil\STM32F1xx_DFP\2.1.0\Device\Include

<h2>Collection of Component Files used:</h2>
Build Time Elapsed:  00:00:04
</pre>
</body>
</html>
